Archive member included to satisfy reference by file (symbol)

c:/program files/microchip/xc32/v3.01/bin/bin/../../lib/gcc/pic32c/8.3.1/../../../../pic32c/lib/thumb/v7e-m+fp/hard\libpic32c.a(data_init.o)
                              build/default/production/_ext/1051254511/startup_xc32.o (__pic32c_data_initialization)
c:/program files/microchip/xc32/v3.01/bin/bin/../../lib/gcc/pic32c/8.3.1/thumb/v7e-m+fp/hard\libgcc.a(_aeabi_uldivmod.o)
                              build/default/production/_ext/856162484/plib_sercom5_usart.o (__aeabi_uldivmod)
c:/program files/microchip/xc32/v3.01/bin/bin/../../lib/gcc/pic32c/8.3.1/thumb/v7e-m+fp/hard\libgcc.a(_udivmoddi4.o)
                              c:/program files/microchip/xc32/v3.01/bin/bin/../../lib/gcc/pic32c/8.3.1/thumb/v7e-m+fp/hard\libgcc.a(_aeabi_uldivmod.o) (__udivmoddi4)
c:/program files/microchip/xc32/v3.01/bin/bin/../../lib/gcc/pic32c/8.3.1/thumb/v7e-m+fp/hard\libgcc.a(_dvmd_tls.o)
                              c:/program files/microchip/xc32/v3.01/bin/bin/../../lib/gcc/pic32c/8.3.1/thumb/v7e-m+fp/hard\libgcc.a(_aeabi_uldivmod.o) (__aeabi_ldiv0)
c:/program files/microchip/xc32/v3.01/bin/bin/../../lib/gcc/pic32c/8.3.1/../../../../pic32c/lib/thumb/v7e-m+fp/hard\libc_nano.a(_lib_a-printf.cdnopsuxX.o)
                              (_printf_cdnopsuxX)
c:/program files/microchip/xc32/v3.01/bin/bin/../../lib/gcc/pic32c/8.3.1/../../../../pic32c/lib/thumb/v7e-m+fp/hard\libc_nano.a(lib_a-impure.o)
                              build/default/production/_ext/1051254511/initialization.o (_impure_ptr)
c:/program files/microchip/xc32/v3.01/bin/bin/../../lib/gcc/pic32c/8.3.1/../../../../pic32c/lib/thumb/v7e-m+fp/hard\libc_nano.a(lib_a-init.o)
                              build/default/production/_ext/1051254511/startup_xc32.o (__libc_init_array)
c:/program files/microchip/xc32/v3.01/bin/bin/../../lib/gcc/pic32c/8.3.1/../../../../pic32c/lib/thumb/v7e-m+fp/hard\libc_nano.a(lib_a-memcpy-stub.o)
                              build/default/production/_ext/1634731963/plib_nvmctrl.o (memcpy)
c:/program files/microchip/xc32/v3.01/bin/bin/../../lib/gcc/pic32c/8.3.1/../../../../pic32c/lib/thumb/v7e-m+fp/hard\libc_nano.a(lib_a-puts.o)
                              build/default/production/_ext/1360937237/main_sam_e51_cnano.o (puts)
c:/program files/microchip/xc32/v3.01/bin/bin/../../lib/gcc/pic32c/8.3.1/../../../../pic32c/lib/thumb/v7e-m+fp/hard\libc_nano.a(lib_a-setbuf.o)
                              build/default/production/_ext/1051254511/initialization.o (setbuf)
c:/program files/microchip/xc32/v3.01/bin/bin/../../lib/gcc/pic32c/8.3.1/../../../../pic32c/lib/thumb/v7e-m+fp/hard\libc_nano.a(lib_a-setvbuf.o)
                              c:/program files/microchip/xc32/v3.01/bin/bin/../../lib/gcc/pic32c/8.3.1/../../../../pic32c/lib/thumb/v7e-m+fp/hard\libc_nano.a(lib_a-setbuf.o) (setvbuf)
c:/program files/microchip/xc32/v3.01/bin/bin/../../lib/gcc/pic32c/8.3.1/../../../../pic32c/lib/thumb/v7e-m+fp/hard\libc_nano.a(lib_a-wbuf.o)
                              c:/program files/microchip/xc32/v3.01/bin/bin/../../lib/gcc/pic32c/8.3.1/../../../../pic32c/lib/thumb/v7e-m+fp/hard\libc_nano.a(lib_a-puts.o) (__swbuf_r)
c:/program files/microchip/xc32/v3.01/bin/bin/../../lib/gcc/pic32c/8.3.1/../../../../pic32c/lib/thumb/v7e-m+fp/hard\libc_nano.a(lib_a-wsetup.o)
                              c:/program files/microchip/xc32/v3.01/bin/bin/../../lib/gcc/pic32c/8.3.1/../../../../pic32c/lib/thumb/v7e-m+fp/hard\libc_nano.a(lib_a-puts.o) (__swsetup_r)
c:/program files/microchip/xc32/v3.01/bin/bin/../../lib/gcc/pic32c/8.3.1/../../../../pic32c/lib/thumb/v7e-m+fp/hard\libc_nano.a(_lib_a-nano-vfprintf.cdnopsuxX.o)
                              c:/program files/microchip/xc32/v3.01/bin/bin/../../lib/gcc/pic32c/8.3.1/../../../../pic32c/lib/thumb/v7e-m+fp/hard\libc_nano.a(_lib_a-printf.cdnopsuxX.o) (_vfprintf_cdnopsuxX)
c:/program files/microchip/xc32/v3.01/bin/bin/../../lib/gcc/pic32c/8.3.1/../../../../pic32c/lib/thumb/v7e-m+fp/hard\libc_nano.a(lib_a-__ssfputs.o)
                              c:/program files/microchip/xc32/v3.01/bin/bin/../../lib/gcc/pic32c/8.3.1/../../../../pic32c/lib/thumb/v7e-m+fp/hard\libc_nano.a(_lib_a-nano-vfprintf.cdnopsuxX.o) (__ssfputs_r)
c:/program files/microchip/xc32/v3.01/bin/bin/../../lib/gcc/pic32c/8.3.1/../../../../pic32c/lib/thumb/v7e-m+fp/hard\libc_nano.a(lib_a-fflush.o)
                              c:/program files/microchip/xc32/v3.01/bin/bin/../../lib/gcc/pic32c/8.3.1/../../../../pic32c/lib/thumb/v7e-m+fp/hard\libc_nano.a(lib_a-setvbuf.o) (_fflush_r)
c:/program files/microchip/xc32/v3.01/bin/bin/../../lib/gcc/pic32c/8.3.1/../../../../pic32c/lib/thumb/v7e-m+fp/hard\libc_nano.a(lib_a-findfp.o)
                              c:/program files/microchip/xc32/v3.01/bin/bin/../../lib/gcc/pic32c/8.3.1/../../../../pic32c/lib/thumb/v7e-m+fp/hard\libc_nano.a(lib_a-puts.o) (__sinit)
[...]
Memory Configuration

Name             Origin             Length             Attributes
rom              0x00000000         0x00100000         xrl
ram              0x20000000         0x00040000         xw !r
tcm              0x03000000         0x00000000         xw
config_00804000  0x00804000         0x00000004
config_00804008  0x00804008         0x00000004
config_00804004  0x00804004         0x00000004
*default*        0x00000000         0xffffffff

Linker script and memory map

LOAD c:/program files/microchip/xc32/v3.01/bin/bin/../../lib/gcc/pic32c/8.3.1/thumb/v7e-m+fp/hard/crti.o
LOAD c:/program files/microchip/xc32/v3.01/bin/bin/../../lib/gcc/pic32c/8.3.1/thumb/v7e-m+fp/hard/crtbegin.o
LOAD build/default/production/_ext/1278025991/plib_clock.o
LOAD build/default/production/_ext/1842341377/plib_cmcc.o
LOAD build/default/production/_ext/1999091222/plib_eic.o
LOAD build/default/production/_ext/1275876505/plib_evsys.o
LOAD build/default/production/_ext/1842004841/plib_nvic.o
LOAD build/default/production/_ext/1634731963/plib_nvmctrl.o
LOAD build/default/production/_ext/1841951690/plib_port.o
LOAD build/default/production/_ext/508897728/plib_sercom2_i2c_master.o
LOAD build/default/production/_ext/856162484/plib_sercom5_usart.o
LOAD build/default/production/_ext/1869207061/plib_systick.o
LOAD build/default/production/_ext/1413290997/xc32_monitor.o
LOAD build/default/production/_ext/1051254511/exceptions.o
LOAD build/default/production/_ext/1051254511/initialization.o
LOAD build/default/production/_ext/1051254511/interrupts.o
LOAD build/default/production/_ext/1051254511/libc_syscalls.o
LOAD build/default/production/_ext/1051254511/startup_xc32.o
LOAD build/default/production/_ext/1360937237/main_sam_e51_cnano.o
LOAD build/default/production/_ext/966843693/bmm150.o
LOAD build/default/production/_ext/934369621/bmm150_common.o
                0x00000001                __MPLAB_BUILD = 0x1
                0x00100000                __rom_end = (ORIGIN (rom) + LENGTH (rom))
                0x20040000                __ram_end = (ORIGIN (ram) + LENGTH (ram))

.config_00804000
                0x00804000        0x4
 *(.config_00804000)
 .config_00804000
                0x00804000        0x4 build/default/production/_ext/1051254511/initialization.o
                0x00804000                __config_00804000

.config_00804008
                0x00804008        0x4
 *(.config_00804008)
 .config_00804008
                0x00804008        0x4 build/default/production/_ext/1051254511/initialization.o
                0x00804008                __config_00804008

.config_00804004
                0x00804004        0x4
 *(.config_00804004)
 .config_00804004
                0x00804004        0x4 build/default/production/_ext/1051254511/initialization.o
                0x00804004                __config_00804004

.vectors        0x00000000      0x260
                0x00000000                . = ALIGN (0x4)
                0x00000000                _sfixed = .
 *(.vectors .vectors.* .vectors_default .vectors_default.*)
 .vectors       0x00000000      0x260 build/default/production/_ext/1051254511/interrupts.o
                0x00000000                exception_table
 *(.isr_vector)
 *(.reset*)
 *(.after_vectors)

.text           0x00000260       0x20
                0x00000260                . = ALIGN (0x4)
 *(.glue_7t)
 .glue_7t       0x00000260        0x0 linker stubs
 *(.glue_7)
 .glue_7        0x00000260        0x0 linker stubs
 *(.gnu.linkonce.r.*)
 *(.ARM.extab* .gnu.linkonce.armextab.*)
                0x00000260                . = ALIGN (0x4)
 *(.init)
 .init          0x00000260        0x4 c:/program files/microchip/xc32/v3.01/bin/bin/../../lib/gcc/pic32c/8.3.1/thumb/v7e-m+fp/hard/crti.o
                0x00000260                _init
 .init          0x00000264        0x8 c:/program files/microchip/xc32/v3.01/bin/bin/../../lib/gcc/pic32c/8.3.1/thumb/v7e-m+fp/hard/crtn.o
                0x0000026c                . = ALIGN (0x4)
                0x0000026c                __preinit_array_start = .
 *(.preinit_array)
                0x0000026c                __preinit_array_end = .
                0x0000026c                . = ALIGN (0x4)
                0x0000026c                __init_array_start = .
 *(SORT_BY_NAME(.init_array.*))
 *(.init_array)
 .init_array    0x0000026c        0x4 c:/program files/microchip/xc32/v3.01/bin/bin/../../lib/gcc/pic32c/8.3.1/thumb/v7e-m+fp/hard/crtbegin.o
                0x00000270                __init_array_end = .
                0x00000270                . = ALIGN (0x4)
 *crtbegin.o(.ctors)
 *(EXCLUDE_FILE(*crtend.o) .ctors)
 *(SORT_BY_NAME(.ctors.*))
 *crtend.o(.ctors)
                0x00000270                . = ALIGN (0x4)
 *(.fini)
 .fini          0x00000270        0x4 c:/program files/microchip/xc32/v3.01/bin/bin/../../lib/gcc/pic32c/8.3.1/thumb/v7e-m+fp/hard/crti.o
                0x00000270                _fini
 .fini          0x00000274        0x8 c:/program files/microchip/xc32/v3.01/bin/bin/../../lib/gcc/pic32c/8.3.1/thumb/v7e-m+fp/hard/crtn.o
                0x0000027c                . = ALIGN (0x4)
                0x0000027c                __fini_array_start = .
 *(.fini_array)
 .fini_array    0x0000027c        0x4 c:/program files/microchip/xc32/v3.01/bin/bin/../../lib/gcc/pic32c/8.3.1/thumb/v7e-m+fp/hard/crtbegin.o
 *(SORT_BY_NAME(.fini_array.*))
                0x00000280                __fini_array_end = .
 *crtbegin.o(.dtors)
 *(EXCLUDE_FILE(*crtend.o) .dtors)
 *(SORT_BY_NAME(.dtors.*))
 *crtend.o(.dtors)
                0x00000280                . = ALIGN (0x4)
                0x00000280                _efixed = .
                [!provide]                PROVIDE (__exidx_start = .)

.ARM.exidx
 *(.ARM.exidx* .gnu.linkonce.armexidx.*)
                [!provide]                PROVIDE (__exidx_end = .)
                0x00000280                . = ALIGN (0x4)
                0x00000280                _etext = .

.bss            0x20000000        0x4
                0x20000000                . = ALIGN (0x4)
                0x20000000                __bss_start__ = .
                0x20000000                _sbss = .
                0x20000000                _szero = .
 *(COMMON)
 COMMON         0x20000000        0x4 c:/program files/microchip/xc32/v3.01/bin/bin/../../lib/gcc/pic32c/8.3.1/../../../../pic32c/lib/thumb/v7e-m+fp/hard\libc_nano.a(lib_a-reent.o)
                0x20000000                errno
                0x20000004                . = ALIGN (0x4)
                0x20000004                __bss_end__ = .
                0x20000004                _ebss = .
                0x20000004                _ezero = .
                0x20000004                . = ALIGN (0x4)
                0x20000004                _end = .
                0x2003ffff                _ram_end_ = ((ORIGIN (ram) + LENGTH (ram)) - 0x1)
                0x00000200                _min_heap_size = 0x200
START GROUP
LOAD c:/program files/microchip/xc32/v3.01/bin/bin/../../lib/gcc/pic32c/8.3.1/../../../../pic32c/lib/thumb/v7e-m+fp/hard\libpic32c.a
LOAD c:/program files/microchip/xc32/v3.01/bin/bin/../../lib/gcc/pic32c/8.3.1/thumb/v7e-m+fp/hard\libgcc.a
LOAD c:/program files/microchip/xc32/v3.01/bin/bin/../../lib/gcc/pic32c/8.3.1/../../../../pic32c/lib/thumb/v7e-m+fp/hard\libm_nano.a
LOAD c:/program files/microchip/xc32/v3.01/bin/bin/../../lib/gcc/pic32c/8.3.1/../../../../pic32c/lib/thumb/v7e-m+fp/hard\libc_nano.a
END GROUP
LOAD c:/program files/microchip/xc32/v3.01/bin/bin/../../lib/gcc/pic32c/8.3.1/thumb/v7e-m+fp/hard/crtend.o
LOAD c:/program files/microchip/xc32/v3.01/bin/bin/../../lib/gcc/pic32c/8.3.1/thumb/v7e-m+fp/hard/crtn.o
OUTPUT(dist/default/production/bmm150test_click_sam_e51.X.production.elf elf32-littlearm)
LOAD stack
LOAD data_init

.ARM.attributes
                0x00000000       0x30
 .ARM.attributes
                0x00000000       0x1e c:/program files/microchip/xc32/v3.01/bin/bin/../../lib/gcc/pic32c/8.3.1/thumb/v7e-m+fp/hard/crti.o
 .ARM.attributes
                0x0000001e       0x34 c:/program files/microchip/xc32/v3.01/bin/bin/../../lib/gcc/pic32c/8.3.1/thumb/v7e-m+fp/hard/crtbegin.o
 .ARM.attributes
                0x00000052       0x34 build/default/production/_ext/1278025991/plib_clock.o
 .ARM.attributes
                0x00000086       0x34 build/default/production/_ext/1999091222/plib_eic.o
 .ARM.attributes
                0x000000ba       0x34 build/default/production/_ext/1275876505/plib_evsys.o
 .ARM.attributes
                0x000000ee       0x34 build/default/production/_ext/1842004841/plib_nvic.o
 .ARM.attributes
                0x00000122       0x34 build/default/production/_ext/1634731963/plib_nvmctrl.o
 .ARM.attributes
                0x00000156       0x34 build/default/production/_ext/1841951690/plib_port.o
 .ARM.attributes
                0x0000018a       0x34 build/default/production/_ext/508897728/plib_sercom2_i2c_master.o
 .ARM.attributes
                0x000001be       0x34 build/default/production/_ext/856162484/plib_sercom5_usart.o
 .ARM.attributes
                0x000001f2       0x34 build/default/production/_ext/1869207061/plib_systick.o
 .ARM.attributes
                0x00000226       0x34 build/default/production/_ext/1413290997/xc32_monitor.o
 .ARM.attributes
                0x0000025a       0x34 build/default/production/_ext/1051254511/exceptions.o
 .ARM.attributes
                0x0000028e       0x34 build/default/production/_ext/1051254511/initialization.o
 .ARM.attributes
                0x000002c2       0x34 build/default/production/_ext/1051254511/interrupts.o
 .ARM.attributes
                0x000002f6       0x34 build/default/production/_ext/1051254511/startup_xc32.o
 .ARM.attributes
                0x0000032a       0x34 build/default/production/_ext/1360937237/main_sam_e51_cnano.o
 .ARM.attributes
                0x0000035e       0x34 build/default/production/_ext/966843693/bmm150.o
 .ARM.attributes
                0x00000392       0x34 build/default/production/_ext/934369621/bmm150_common.o
 .ARM.attributes
                0x000003c6       0x34 c:/program files/microchip/xc32/v3.01/bin/bin/../../lib/gcc/pic32c/8.3.1/../../../../pic32c/lib/thumb/v7e-m+fp/hard\libpic32c.a(data_init.o)
 .ARM.attributes
                0x000003fa       0x34 c:/program files/microchip/xc32/v3.01/bin/bin/../../lib/gcc/pic32c/8.3.1/../../../../pic32c/lib/thumb/v7e-m+fp/hard\libc_nano.a(_lib_a-printf.cdnopsuxX.o)
 .ARM.attributes
                0x0000042e       0x32 c:/program files/microchip/xc32/v3.01/bin/bin/../../lib/gcc/pic32c/8.3.1/../../../../pic32c/lib/thumb/v7e-m+fp/hard\libc_nano.a(lib_a-impure.o)
 .ARM.attributes
                0x00000460       0x34 c:/program files/microchip/xc32/v3.01/bin/bin/../../lib/gcc/pic32c/8.3.1/../../../../pic32c/lib/thumb/v7e-m+fp/hard\libc_nano.a(lib_a-init.o)
 .ARM.attributes
                0x00000494       0x34 c:/program files/microchip/xc32/v3.01/bin/bin/../../lib/gcc/pic32c/8.3.1/../../../../pic32c/lib/thumb/v7e-m+fp/hard\libc_nano.a(lib_a-memcpy-stub.o)
 .ARM.attributes
                0x000004c8       0x34 c:/program files/microchip/xc32/v3.01/bin/bin/../../lib/gcc/pic32c/8.3.1/../../../../pic32c/lib/thumb/v7e-m+fp/hard\libc_nano.a(lib_a-puts.o)
 .ARM.attributes
                0x000004fc       0x34 c:/program files/microchip/xc32/v3.01/bin/bin/../../lib/gcc/pic32c/8.3.1/../../../../pic32c/lib/thumb/v7e-m+fp/hard\libc_nano.a(lib_a-setbuf.o)
 .ARM.attributes
                0x00000530       0x34 c:/program files/microchip/xc32/v3.01/bin/bin/../../lib/gcc/pic32c/8.3.1/../../../../pic32c/lib/thumb/v7e-m+fp/hard\libc_nano.a(lib_a-setvbuf.o)
 .ARM.attributes
                0x00000564       0x34 c:/program files/microchip/xc32/v3.01/bin/bin/../../lib/gcc/pic32c/8.3.1/../../../../pic32c/lib/thumb/v7e-m+fp/hard\libc_nano.a(lib_a-wbuf.o)
 .ARM.attributes
                0x00000598       0x34 c:/program files/microchip/xc32/v3.01/bin/bin/../../lib/gcc/pic32c/8.3.1/../../../../pic32c/lib/thumb/v7e-m+fp/hard\libc_nano.a(lib_a-wsetup.o)
 .ARM.attributes
                0x000005cc       0x34 c:/program files/microchip/xc32/v3.01/bin/bin/../../lib/gcc/pic32c/8.3.1/../../../../pic32c/lib/thumb/v7e-m+fp/hard\libc_nano.a(_lib_a-nano-vfprintf.cdnopsuxX.o)
 .ARM.attributes
                0x00000600       0x34 c:/program files/microchip/xc32/v3.01/bin/bin/../../lib/gcc/pic32c/8.3.1/../../../../pic32c/lib/thumb/v7e-m+fp/hard\libc_nano.a(lib_a-__ssfputs.o)
 .ARM.attributes
                0x00000634       0x34 c:/program files/microchip/xc32/v3.01/bin/bin/../../lib/gcc/pic32c/8.3.1/../../../../pic32c/lib/thumb/v7e-m+fp/hard\libc_nano.a(lib_a-fflush.o)
 .ARM.attributes
                0x00000668       0x34 c:/program files/microchip/xc32/v3.01/bin/bin/../../lib/gcc/pic32c/8.3.1/../../../../pic32c/lib/thumb/v7e-m+fp/hard\libc_nano.a(lib_a-findfp.o)
 .ARM.attributes
                0x0000069c       0x34 c:/program files/microchip/xc32/v3.01/bin/bin/../../lib/gcc/pic32c/8.3.1/../../../../pic32c/lib/thumb/v7e-m+fp/hard\libc_nano.a(lib_a-fputwc.o)
 .ARM.attributes
                0x000006d0       0x34 c:/program files/microchip/xc32/v3.01/bin/bin/../../lib/gcc/pic32c/8.3.1/../../../../pic32c/lib/thumb/v7e-m+fp/hard\libc_nano.a(lib_a-fwalk.o)
 .ARM.attributes
                0x00000704       0x34 c:/program files/microchip/xc32/v3.01/bin/bin/../../lib/gcc/pic32c/8.3.1/../../../../pic32c/lib/thumb/v7e-m+fp/hard\libc_nano.a(lib_a-locale.o)
 .ARM.attributes
                0x00000738       0x34 c:/program files/microchip/xc32/v3.01/bin/bin/../../lib/gcc/pic32c/8.3.1/../../../../pic32c/lib/thumb/v7e-m+fp/hard\libc_nano.a(lib_a-makebuf.o)
 .ARM.attributes
                0x0000076c       0x34 c:/program files/microchip/xc32/v3.01/bin/bin/../../lib/gcc/pic32c/8.3.1/../../../../pic32c/lib/thumb/v7e-m+fp/hard\libc_nano.a(lib_a-malloc.o)
 .ARM.attributes
                0x000007a0       0x34 c:/program files/microchip/xc32/v3.01/bin/bin/../../lib/gcc/pic32c/8.3.1/../../../../pic32c/lib/thumb/v7e-m+fp/hard\libc_nano.a(lib_a-mbtowc_r.o)
 .ARM.attributes
                0x000007d4       0x1c c:/program files/microchip/xc32/v3.01/bin/bin/../../lib/gcc/pic32c/8.3.1/../../../../pic32c/lib/thumb/v7e-m+fp/hard\libc_nano.a(lib_a-memchr.o)
 .ARM.attributes
                0x000007f0       0x34 c:/program files/microchip/xc32/v3.01/bin/bin/../../lib/gcc/pic32c/8.3.1/../../../../pic32c/lib/thumb/v7e-m+fp/hard\libc_nano.a(lib_a-memset.o)
 .ARM.attributes
                0x00000824       0x34 c:/program files/microchip/xc32/v3.01/bin/bin/../../lib/gcc/pic32c/8.3.1/../../../../pic32c/lib/thumb/v7e-m+fp/hard\libc_nano.a(lib_a-nano-freer.o)
 .ARM.attributes
                0x00000858       0x34 c:/program files/microchip/xc32/v3.01/bin/bin/../../lib/gcc/pic32c/8.3.1/../../../../pic32c/lib/thumb/v7e-m+fp/hard\libc_nano.a(lib_a-nano-mallocr.o)
 .ARM.attributes
                0x0000088c       0x34 c:/program files/microchip/xc32/v3.01/bin/bin/../../lib/gcc/pic32c/8.3.1/../../../../pic32c/lib/thumb/v7e-m+fp/hard\libc_nano.a(lib_a-nano-vfprintf_i.o)
 .ARM.attributes
                0x000008c0       0x34 c:/program files/microchip/xc32/v3.01/bin/bin/../../lib/gcc/pic32c/8.3.1/../../../../pic32c/lib/thumb/v7e-m+fp/hard\libc_nano.a(lib_a-sbrkr.o)
 .ARM.attributes
                0x000008f4       0x34 c:/program files/microchip/xc32/v3.01/bin/bin/../../lib/gcc/pic32c/8.3.1/../../../../pic32c/lib/thumb/v7e-m+fp/hard\libc_nano.a(lib_a-stdio.o)
 .ARM.attributes
                0x00000928       0x34 c:/program files/microchip/xc32/v3.01/bin/bin/../../lib/gcc/pic32c/8.3.1/../../../../pic32c/lib/thumb/v7e-m+fp/hard\libc_nano.a(lib_a-wcrtomb.o)
 .ARM.attributes
                0x0000095c       0x34 c:/program files/microchip/xc32/v3.01/bin/bin/../../lib/gcc/pic32c/8.3.1/../../../../pic32c/lib/thumb/v7e-m+fp/hard\libc_nano.a(lib_a-wctomb_r.o)
 .ARM.attributes
                0x00000990       0x34 c:/program files/microchip/xc32/v3.01/bin/bin/../../lib/gcc/pic32c/8.3.1/../../../../pic32c/lib/thumb/v7e-m+fp/hard\libc_nano.a(lib_a-writer.o)
 .ARM.attributes
                0x000009c4       0x34 c:/program files/microchip/xc32/v3.01/bin/bin/../../lib/gcc/pic32c/8.3.1/../../../../pic32c/lib/thumb/v7e-m+fp/hard\libc_nano.a(lib_a-closer.o)
 .ARM.attributes
                0x000009f8       0x32 c:/program files/microchip/xc32/v3.01/bin/bin/../../lib/gcc/pic32c/8.3.1/../../../../pic32c/lib/thumb/v7e-m+fp/hard\libc_nano.a(lib_a-ctype_.o)
 .ARM.attributes
                0x00000a2a       0x34 c:/program files/microchip/xc32/v3.01/bin/bin/../../lib/gcc/pic32c/8.3.1/../../../../pic32c/lib/thumb/v7e-m+fp/hard\libc_nano.a(lib_a-fstatr.o)
 .ARM.attributes
                0x00000a5e       0x34 c:/program files/microchip/xc32/v3.01/bin/bin/../../lib/gcc/pic32c/8.3.1/../../../../pic32c/lib/thumb/v7e-m+fp/hard\libc_nano.a(lib_a-isattyr.o)
 .ARM.attributes
                0x00000a92       0x34 c:/program files/microchip/xc32/v3.01/bin/bin/../../lib/gcc/pic32c/8.3.1/../../../../pic32c/lib/thumb/v7e-m+fp/hard\libc_nano.a(lib_a-lseekr.o)
 .ARM.attributes
                0x00000ac6       0x34 c:/program files/microchip/xc32/v3.01/bin/bin/../../lib/gcc/pic32c/8.3.1/../../../../pic32c/lib/thumb/v7e-m+fp/hard\libc_nano.a(lib_a-mlock.o)
 .ARM.attributes
                0x00000afa       0x34 c:/program files/microchip/xc32/v3.01/bin/bin/../../lib/gcc/pic32c/8.3.1/../../../../pic32c/lib/thumb/v7e-m+fp/hard\libc_nano.a(lib_a-readr.o)
 .ARM.attributes
                0x00000b2e       0x34 c:/program files/microchip/xc32/v3.01/bin/bin/../../lib/gcc/pic32c/8.3.1/../../../../pic32c/lib/thumb/v7e-m+fp/hard\libc_nano.a(lib_a-reent.o)
 .ARM.attributes
                0x00000b62       0x34 c:/program files/microchip/xc32/v3.01/bin/bin/../../lib/gcc/pic32c/8.3.1/../../../../pic32c/lib/thumb/v7e-m+fp/hard\libpic32c.a(_close.o)
 .ARM.attributes
                0x00000b96       0x34 c:/program files/microchip/xc32/v3.01/bin/bin/../../lib/gcc/pic32c/8.3.1/../../../../pic32c/lib/thumb/v7e-m+fp/hard\libpic32c.a(_fstat.o)
 .ARM.attributes
                0x00000bca       0x34 c:/program files/microchip/xc32/v3.01/bin/bin/../../lib/gcc/pic32c/8.3.1/../../../../pic32c/lib/thumb/v7e-m+fp/hard\libpic32c.a(_isatty.o)
 .ARM.attributes
                0x00000bfe       0x34 c:/program files/microchip/xc32/v3.01/bin/bin/../../lib/gcc/pic32c/8.3.1/../../../../pic32c/lib/thumb/v7e-m+fp/hard\libpic32c.a(_lseek.o)
 .ARM.attributes
                0x00000c32       0x34 c:/program files/microchip/xc32/v3.01/bin/bin/../../lib/gcc/pic32c/8.3.1/../../../../pic32c/lib/thumb/v7e-m+fp/hard\libpic32c.a(_read.o)
 .ARM.attributes
                0x00000c66       0x34 c:/program files/microchip/xc32/v3.01/bin/bin/../../lib/gcc/pic32c/8.3.1/../../../../pic32c/lib/thumb/v7e-m+fp/hard\libpic32c.a(sbrk.o)
 .ARM.attributes
                0x00000c9a       0x34 c:/program files/microchip/xc32/v3.01/bin/bin/../../lib/gcc/pic32c/8.3.1/../../../../pic32c/lib/thumb/v7e-m+fp/hard\libpic32c.a(_write.o)
 .ARM.attributes
                0x00000cce       0x34 c:/program files/microchip/xc32/v3.01/bin/bin/../../lib/gcc/pic32c/8.3.1/../../../../pic32c/lib/thumb/v7e-m+fp/hard\libpic32c.a(close.o)
 .ARM.attributes
                0x00000d02       0x34 c:/program files/microchip/xc32/v3.01/bin/bin/../../lib/gcc/pic32c/8.3.1/../../../../pic32c/lib/thumb/v7e-m+fp/hard\libpic32c.a(fstat.o)
 .ARM.attributes
                0x00000d36       0x34 c:/program files/microchip/xc32/v3.01/bin/bin/../../lib/gcc/pic32c/8.3.1/../../../../pic32c/lib/thumb/v7e-m+fp/hard\libpic32c.a(isatty.o)
 .ARM.attributes
                0x00000d6a       0x34 c:/program files/microchip/xc32/v3.01/bin/bin/../../lib/gcc/pic32c/8.3.1/../../../../pic32c/lib/thumb/v7e-m+fp/hard\libpic32c.a(lseek.o)
 .ARM.attributes
                0x00000d9e       0x34 c:/program files/microchip/xc32/v3.01/bin/bin/../../lib/gcc/pic32c/8.3.1/../../../../pic32c/lib/thumb/v7e-m+fp/hard\libpic32c.a(read.o)
 .ARM.attributes
                0x00000dd2       0x34 c:/program files/microchip/xc32/v3.01/bin/bin/../../lib/gcc/pic32c/8.3.1/../../../../pic32c/lib/thumb/v7e-m+fp/hard\libpic32c.a(write.o)
 .ARM.attributes
                0x00000e06       0x1e c:/program files/microchip/xc32/v3.01/bin/bin/../../lib/gcc/pic32c/8.3.1/thumb/v7e-m+fp/hard/crtn.o

.comment        0x00000000       0x53
 .comment       0x00000000       0x53 c:/program files/microchip/xc32/v3.01/bin/bin/../../lib/gcc/pic32c/8.3.1/thumb/v7e-m+fp/hard/crtbegin.o
                                 0x54 (size before relaxing)
 .comment       0x00000053       0x54 build/default/production/_ext/1278025991/plib_clock.o
 .comment       0x00000053       0x54 build/default/production/_ext/1999091222/plib_eic.o
 .comment       0x00000053       0x54 build/default/production/_ext/1275876505/plib_evsys.o
 .comment       0x00000053       0x54 build/default/production/_ext/1842004841/plib_nvic.o
 .comment       0x00000053       0x54 build/default/production/_ext/1634731963/plib_nvmctrl.o
 .comment       0x00000053       0x54 build/default/production/_ext/1841951690/plib_port.o
 .comment       0x00000053       0x54 build/default/production/_ext/508897728/plib_sercom2_i2c_master.o
 .comment       0x00000053       0x54 build/default/production/_ext/856162484/plib_sercom5_usart.o
 .comment       0x00000053       0x54 build/default/production/_ext/1869207061/plib_systick.o
 .comment       0x00000053       0x54 build/default/production/_ext/1413290997/xc32_monitor.o
 .comment       0x00000053       0x54 build/default/production/_ext/1051254511/exceptions.o
 .comment       0x00000053       0x54 build/default/production/_ext/1051254511/initialization.o
 .comment       0x00000053       0x54 build/default/production/_ext/1051254511/interrupts.o
 .comment       0x00000053       0x54 build/default/production/_ext/1051254511/startup_xc32.o
 .comment       0x00000053       0x54 build/default/production/_ext/1360937237/main_sam_e51_cnano.o
 .comment       0x00000053       0x54 build/default/production/_ext/966843693/bmm150.o
 .comment       0x00000053       0x54 build/default/production/_ext/934369621/bmm150_common.o
 .comment       0x00000053       0x54 c:/program files/microchip/xc32/v3.01/bin/bin/../../lib/gcc/pic32c/8.3.1/../../../../pic32c/lib/thumb/v7e-m+fp/hard\libpic32c.a(data_init.o)
 .comment       0x00000053       0x54 c:/program files/microchip/xc32/v3.01/bin/bin/../../lib/gcc/pic32c/8.3.1/../../../../pic32c/lib/thumb/v7e-m+fp/hard\libc_nano.a(_lib_a-printf.cdnopsuxX.o)
 .comment       0x00000053       0x54 c:/program files/microchip/xc32/v3.01/bin/bin/../../lib/gcc/pic32c/8.3.1/../../../../pic32c/lib/thumb/v7e-m+fp/hard\libc_nano.a(lib_a-impure.o)
 .comment       0x00000053       0x54 c:/program files/microchip/xc32/v3.01/bin/bin/../../lib/gcc/pic32c/8.3.1/../../../../pic32c/lib/thumb/v7e-m+fp/hard\libc_nano.a(lib_a-init.o)
 .comment       0x00000053       0x54 c:/program files/microchip/xc32/v3.01/bin/bin/../../lib/gcc/pic32c/8.3.1/../../../../pic32c/lib/thumb/v7e-m+fp/hard\libc_nano.a(lib_a-memcpy-stub.o)
 .comment       0x00000053       0x54 c:/program files/microchip/xc32/v3.01/bin/bin/../../lib/gcc/pic32c/8.3.1/../../../../pic32c/lib/thumb/v7e-m+fp/hard\libc_nano.a(lib_a-puts.o)
 .comment       0x00000053       0x54 c:/program files/microchip/xc32/v3.01/bin/bin/../../lib/gcc/pic32c/8.3.1/../../../../pic32c/lib/thumb/v7e-m+fp/hard\libc_nano.a(lib_a-setbuf.o)
 .comment       0x00000053       0x54 c:/program files/microchip/xc32/v3.01/bin/bin/../../lib/gcc/pic32c/8.3.1/../../../../pic32c/lib/thumb/v7e-m+fp/hard\libc_nano.a(lib_a-setvbuf.o)
 .comment       0x00000053       0x54 c:/program files/microchip/xc32/v3.01/bin/bin/../../lib/gcc/pic32c/8.3.1/../../../../pic32c/lib/thumb/v7e-m+fp/hard\libc_nano.a(lib_a-wbuf.o)
 .comment       0x00000053       0x54 c:/program files/microchip/xc32/v3.01/bin/bin/../../lib/gcc/pic32c/8.3.1/../../../../pic32c/lib/thumb/v7e-m+fp/hard\libc_nano.a(lib_a-wsetup.o)
 .comment       0x00000053       0x54 c:/program files/microchip/xc32/v3.01/bin/bin/../../lib/gcc/pic32c/8.3.1/../../../../pic32c/lib/thumb/v7e-m+fp/hard\libc_nano.a(_lib_a-nano-vfprintf.cdnopsuxX.o)
 .comment       0x00000053       0x54 c:/program files/microchip/xc32/v3.01/bin/bin/../../lib/gcc/pic32c/8.3.1/../../../../pic32c/lib/thumb/v7e-m+fp/hard\libc_nano.a(lib_a-__ssfputs.o)
 .comment       0x00000053       0x54 c:/program files/microchip/xc32/v3.01/bin/bin/../../lib/gcc/pic32c/8.3.1/../../../../pic32c/lib/thumb/v7e-m+fp/hard\libc_nano.a(lib_a-fflush.o)
 .comment       0x00000053       0x54 c:/program files/microchip/xc32/v3.01/bin/bin/../../lib/gcc/pic32c/8.3.1/../../../../pic32c/lib/thumb/v7e-m+fp/hard\libc_nano.a(lib_a-findfp.o)
 .comment       0x00000053       0x54 c:/program files/microchip/xc32/v3.01/bin/bin/../../lib/gcc/pic32c/8.3.1/../../../../pic32c/lib/thumb/v7e-m+fp/hard\libc_nano.a(lib_a-fputwc.o)
 .comment       0x00000053       0x54 c:/program files/microchip/xc32/v3.01/bin/bin/../../lib/gcc/pic32c/8.3.1/../../../../pic32c/lib/thumb/v7e-m+fp/hard\libc_nano.a(lib_a-fwalk.o)
 .comment       0x00000053       0x54 c:/program files/microchip/xc32/v3.01/bin/bin/../../lib/gcc/pic32c/8.3.1/../../../../pic32c/lib/thumb/v7e-m+fp/hard\libc_nano.a(lib_a-locale.o)
 .comment       0x00000053       0x54 c:/program files/microchip/xc32/v3.01/bin/bin/../../lib/gcc/pic32c/8.3.1/../../../../pic32c/lib/thumb/v7e-m+fp/hard\libc_nano.a(lib_a-makebuf.o)
 .comment       0x00000053       0x54 c:/program files/microchip/xc32/v3.01/bin/bin/../../lib/gcc/pic32c/8.3.1/../../../../pic32c/lib/thumb/v7e-m+fp/hard\libc_nano.a(lib_a-malloc.o)
 .comment       0x00000053       0x54 c:/program files/microchip/xc32/v3.01/bin/bin/../../lib/gcc/pic32c/8.3.1/../../../../pic32c/lib/thumb/v7e-m+fp/hard\libc_nano.a(lib_a-mbtowc_r.o)
 .comment       0x00000053       0x54 c:/program files/microchip/xc32/v3.01/bin/bin/../../lib/gcc/pic32c/8.3.1/../../../../pic32c/lib/thumb/v7e-m+fp/hard\libc_nano.a(lib_a-memset.o)
 .comment       0x00000053       0x54 c:/program files/microchip/xc32/v3.01/bin/bin/../../lib/gcc/pic32c/8.3.1/../../../../pic32c/lib/thumb/v7e-m+fp/hard\libc_nano.a(lib_a-nano-freer.o)
 .comment       0x00000053       0x54 c:/program files/microchip/xc32/v3.01/bin/bin/../../lib/gcc/pic32c/8.3.1/../../../../pic32c/lib/thumb/v7e-m+fp/hard\libc_nano.a(lib_a-nano-mallocr.o)
 .comment       0x00000053       0x54 c:/program files/microchip/xc32/v3.01/bin/bin/../../lib/gcc/pic32c/8.3.1/../../../../pic32c/lib/thumb/v7e-m+fp/hard\libc_nano.a(lib_a-nano-vfprintf_i.o)
 .comment       0x00000053       0x54 c:/program files/microchip/xc32/v3.01/bin/bin/../../lib/gcc/pic32c/8.3.1/../../../../pic32c/lib/thumb/v7e-m+fp/hard\libc_nano.a(lib_a-sbrkr.o)
 .comment       0x00000053       0x54 c:/program files/microchip/xc32/v3.01/bin/bin/../../lib/gcc/pic32c/8.3.1/../../../../pic32c/lib/thumb/v7e-m+fp/hard\libc_nano.a(lib_a-stdio.o)
 .comment       0x00000053       0x54 c:/program files/microchip/xc32/v3.01/bin/bin/../../lib/gcc/pic32c/8.3.1/../../../../pic32c/lib/thumb/v7e-m+fp/hard\libc_nano.a(lib_a-wcrtomb.o)
 .comment       0x00000053       0x54 c:/program files/microchip/xc32/v3.01/bin/bin/../../lib/gcc/pic32c/8.3.1/../../../../pic32c/lib/thumb/v7e-m+fp/hard\libc_nano.a(lib_a-wctomb_r.o)
 .comment       0x00000053       0x54 c:/program files/microchip/xc32/v3.01/bin/bin/../../lib/gcc/pic32c/8.3.1/../../../../pic32c/lib/thumb/v7e-m+fp/hard\libc_nano.a(lib_a-writer.o)
 .comment       0x00000053       0x54 c:/program files/microchip/xc32/v3.01/bin/bin/../../lib/gcc/pic32c/8.3.1/../../../../pic32c/lib/thumb/v7e-m+fp/hard\libc_nano.a(lib_a-closer.o)
 .comment       0x00000053       0x54 c:/program files/microchip/xc32/v3.01/bin/bin/../../lib/gcc/pic32c/8.3.1/../../../../pic32c/lib/thumb/v7e-m+fp/hard\libc_nano.a(lib_a-ctype_.o)
 .comment       0x00000053       0x54 c:/program files/microchip/xc32/v3.01/bin/bin/../../lib/gcc/pic32c/8.3.1/../../../../pic32c/lib/thumb/v7e-m+fp/hard\libc_nano.a(lib_a-fstatr.o)
 .comment       0x00000053       0x54 c:/program files/microchip/xc32/v3.01/bin/bin/../../lib/gcc/pic32c/8.3.1/../../../../pic32c/lib/thumb/v7e-m+fp/hard\libc_nano.a(lib_a-isattyr.o)
 .comment       0x00000053       0x54 c:/program files/microchip/xc32/v3.01/bin/bin/../../lib/gcc/pic32c/8.3.1/../../../../pic32c/lib/thumb/v7e-m+fp/hard\libc_nano.a(lib_a-lseekr.o)
 .comment       0x00000053       0x54 c:/program files/microchip/xc32/v3.01/bin/bin/../../lib/gcc/pic32c/8.3.1/../../../../pic32c/lib/thumb/v7e-m+fp/hard\libc_nano.a(lib_a-mlock.o)
 .comment       0x00000053       0x54 c:/program files/microchip/xc32/v3.01/bin/bin/../../lib/gcc/pic32c/8.3.1/../../../../pic32c/lib/thumb/v7e-m+fp/hard\libc_nano.a(lib_a-readr.o)
 .comment       0x00000053       0x54 c:/program files/microchip/xc32/v3.01/bin/bin/../../lib/gcc/pic32c/8.3.1/../../../../pic32c/lib/thumb/v7e-m+fp/hard\libc_nano.a(lib_a-reent.o)
 .comment       0x00000053       0x54 c:/program files/microchip/xc32/v3.01/bin/bin/../../lib/gcc/pic32c/8.3.1/../../../../pic32c/lib/thumb/v7e-m+fp/hard\libpic32c.a(_close.o)
 .comment       0x00000053       0x54 c:/program files/microchip/xc32/v3.01/bin/bin/../../lib/gcc/pic32c/8.3.1/../../../../pic32c/lib/thumb/v7e-m+fp/hard\libpic32c.a(_fstat.o)
 .comment       0x00000053       0x54 c:/program files/microchip/xc32/v3.01/bin/bin/../../lib/gcc/pic32c/8.3.1/../../../../pic32c/lib/thumb/v7e-m+fp/hard\libpic32c.a(_isatty.o)
 .comment       0x00000053       0x54 c:/program files/microchip/xc32/v3.01/bin/bin/../../lib/gcc/pic32c/8.3.1/../../../../pic32c/lib/thumb/v7e-m+fp/hard\libpic32c.a(_lseek.o)
 .comment       0x00000053       0x54 c:/program files/microchip/xc32/v3.01/bin/bin/../../lib/gcc/pic32c/8.3.1/../../../../pic32c/lib/thumb/v7e-m+fp/hard\libpic32c.a(_read.o)
 .comment       0x00000053       0x54 c:/program files/microchip/xc32/v3.01/bin/bin/../../lib/gcc/pic32c/8.3.1/../../../../pic32c/lib/thumb/v7e-m+fp/hard\libpic32c.a(sbrk.o)
 .comment       0x00000053       0x54 c:/program files/microchip/xc32/v3.01/bin/bin/../../lib/gcc/pic32c/8.3.1/../../../../pic32c/lib/thumb/v7e-m+fp/hard\libpic32c.a(_write.o)
 .comment       0x00000053       0x54 c:/program files/microchip/xc32/v3.01/bin/bin/../../lib/gcc/pic32c/8.3.1/../../../../pic32c/lib/thumb/v7e-m+fp/hard\libpic32c.a(close.o)
 .comment       0x00000053       0x54 c:/program files/microchip/xc32/v3.01/bin/bin/../../lib/gcc/pic32c/8.3.1/../../../../pic32c/lib/thumb/v7e-m+fp/hard\libpic32c.a(fstat.o)
 .comment       0x00000053       0x54 c:/program files/microchip/xc32/v3.01/bin/bin/../../lib/gcc/pic32c/8.3.1/../../../../pic32c/lib/thumb/v7e-m+fp/hard\libpic32c.a(isatty.o)
 .comment       0x00000053       0x54 c:/program files/microchip/xc32/v3.01/bin/bin/../../lib/gcc/pic32c/8.3.1/../../../../pic32c/lib/thumb/v7e-m+fp/hard\libpic32c.a(lseek.o)
 .comment       0x00000053       0x54 c:/program files/microchip/xc32/v3.01/bin/bin/../../lib/gcc/pic32c/8.3.1/../../../../pic32c/lib/thumb/v7e-m+fp/hard\libpic32c.a(read.o)
 .comment       0x00000053       0x54 c:/program files/microchip/xc32/v3.01/bin/bin/../../lib/gcc/pic32c/8.3.1/../../../../pic32c/lib/thumb/v7e-m+fp/hard\libpic32c.a(write.o)

.debug_info     0x00000000    0x18b5a
 .debug_info    0x00000000      0xc2d build/default/production/_ext/1278025991/plib_clock.o
 .debug_info    0x00000c2d      0x7f1 build/default/production/_ext/1999091222/plib_eic.o
 .debug_info    0x0000141e      0x3b3 build/default/production/_ext/1275876505/plib_evsys.o
 .debug_info    0x000017d1     0x1542 build/default/production/_ext/1842004841/plib_nvic.o
 .debug_info    0x00002d13     0x18b9 build/default/production/_ext/1634731963/plib_nvmctrl.o
 .debug_info    0x000045cc      0xe7b build/default/production/_ext/1841951690/plib_port.o
 .debug_info    0x00005447     0x24e6 build/default/production/_ext/508897728/plib_sercom2_i2c_master.o
 .debug_info    0x0000792d     0x15fc build/default/production/_ext/856162484/plib_sercom5_usart.o
 .debug_info    0x00008f29      0x76d build/default/production/_ext/1869207061/plib_systick.o
 .debug_info    0x00009696     0x1023 build/default/production/_ext/1413290997/xc32_monitor.o
 .debug_info    0x0000a6b9     0x1010 build/default/production/_ext/1051254511/exceptions.o
 .debug_info    0x0000b6c9     0x109d build/default/production/_ext/1051254511/initialization.o
 .debug_info    0x0000c766     0x22b8 build/default/production/_ext/1051254511/interrupts.o
 .debug_info    0x0000ea1e      0x9bc build/default/production/_ext/1051254511/startup_xc32.o
 .debug_info    0x0000f3da     0x1961 build/default/production/_ext/1360937237/main_sam_e51_cnano.o
 .debug_info    0x00010d3b     0x4089 build/default/production/_ext/966843693/bmm150.o
 .debug_info    0x00014dc4     0x17c5 build/default/production/_ext/934369621/bmm150_common.o
 .debug_info    0x00016589      0x2cd c:/program files/microchip/xc32/v3.01/bin/bin/../../lib/gcc/pic32c/8.3.1/../../../../pic32c/lib/thumb/v7e-m+fp/hard\libpic32c.a(data_init.o)
 .debug_info    0x00016856      0x2b2 c:/program files/microchip/xc32/v3.01/bin/bin/../../lib/gcc/pic32c/8.3.1/../../../../pic32c/lib/thumb/v7e-m+fp/hard\libpic32c.a(_close.o)
 .debug_info    0x00016b08      0x2b2 c:/program files/microchip/xc32/v3.01/bin/bin/../../lib/gcc/pic32c/8.3.1/../../../../pic32c/lib/thumb/v7e-m+fp/hard\libpic32c.a(_fstat.o)
 .debug_info    0x00016dba      0x2b4 c:/program files/microchip/xc32/v3.01/bin/bin/../../lib/gcc/pic32c/8.3.1/../../../../pic32c/lib/thumb/v7e-m+fp/hard\libpic32c.a(_isatty.o)
 .debug_info    0x0001706e      0x2b2 c:/program files/microchip/xc32/v3.01/bin/bin/../../lib/gcc/pic32c/8.3.1/../../../../pic32c/lib/thumb/v7e-m+fp/hard\libpic32c.a(_lseek.o)
 .debug_info    0x00017320      0x2b0 c:/program files/microchip/xc32/v3.01/bin/bin/../../lib/gcc/pic32c/8.3.1/../../../../pic32c/lib/thumb/v7e-m+fp/hard\libpic32c.a(_read.o)
 .debug_info    0x000175d0      0x2b0 c:/program files/microchip/xc32/v3.01/bin/bin/../../lib/gcc/pic32c/8.3.1/../../../../pic32c/lib/thumb/v7e-m+fp/hard\libpic32c.a(sbrk.o)
 .debug_info    0x00017880      0x2b2 c:/program files/microchip/xc32/v3.01/bin/bin/../../lib/gcc/pic32c/8.3.1/../../../../pic32c/lib/thumb/v7e-m+fp/hard\libpic32c.a(_write.o)
 .debug_info    0x00017b32      0x2b1 c:/program files/microchip/xc32/v3.01/bin/bin/../../lib/gcc/pic32c/8.3.1/../../../../pic32c/lib/thumb/v7e-m+fp/hard\libpic32c.a(close.o)
 .debug_info    0x00017de3      0x2b1 c:/program files/microchip/xc32/v3.01/bin/bin/../../lib/gcc/pic32c/8.3.1/../../../../pic32c/lib/thumb/v7e-m+fp/hard\libpic32c.a(fstat.o)
 .debug_info    0x00018094      0x2b3 c:/program files/microchip/xc32/v3.01/bin/bin/../../lib/gcc/pic32c/8.3.1/../../../../pic32c/lib/thumb/v7e-m+fp/hard\libpic32c.a(isatty.o)
 .debug_info    0x00018347      0x2b1 c:/program files/microchip/xc32/v3.01/bin/bin/../../lib/gcc/pic32c/8.3.1/../../../../pic32c/lib/thumb/v7e-m+fp/hard\libpic32c.a(lseek.o)
 .debug_info    0x000185f8      0x2b0 c:/program files/microchip/xc32/v3.01/bin/bin/../../lib/gcc/pic32c/8.3.1/../../../../pic32c/lib/thumb/v7e-m+fp/hard\libpic32c.a(read.o)
 .debug_info    0x000188a8      0x2b2 c:/program files/microchip/xc32/v3.01/bin/bin/../../lib/gcc/pic32c/8.3.1/../../../../pic32c/lib/thumb/v7e-m+fp/hard\libpic32c.a(write.o)

.debug_abbrev   0x00000000     0x2a14
 .debug_abbrev  0x00000000      0x135 build/default/production/_ext/1278025991/plib_clock.o
 .debug_abbrev  0x00000135      0x1ab build/default/production/_ext/1999091222/plib_eic.o
 .debug_abbrev  0x000002e0       0x64 build/default/production/_ext/1275876505/plib_evsys.o
 .debug_abbrev  0x00000344      0x217 build/default/production/_ext/1842004841/plib_nvic.o
 .debug_abbrev  0x0000055b      0x30a build/default/production/_ext/1634731963/plib_nvmctrl.o
 .debug_abbrev  0x00000865      0x1e9 build/default/production/_ext/1841951690/plib_port.o
 .debug_abbrev  0x00000a4e      0x479 build/default/production/_ext/508897728/plib_sercom2_i2c_master.o
 .debug_abbrev  0x00000ec7      0x2b4 build/default/production/_ext/856162484/plib_sercom5_usart.o
 .debug_abbrev  0x0000117b      0x1c0 build/default/production/_ext/1869207061/plib_systick.o
 .debug_abbrev  0x0000133b      0x22d build/default/production/_ext/1413290997/xc32_monitor.o
 .debug_abbrev  0x00001568      0x1ac build/default/production/_ext/1051254511/exceptions.o
 .debug_abbrev  0x00001714      0x253 build/default/production/_ext/1051254511/initialization.o
 .debug_abbrev  0x00001967      0x1cc build/default/production/_ext/1051254511/interrupts.o
 .debug_abbrev  0x00001b33      0x209 build/default/production/_ext/1051254511/startup_xc32.o
 .debug_abbrev  0x00001d3c      0x340 build/default/production/_ext/1360937237/main_sam_e51_cnano.o
 .debug_abbrev  0x0000207c      0x43d build/default/production/_ext/966843693/bmm150.o
 .debug_abbrev  0x000024b9      0x2e9 build/default/production/_ext/934369621/bmm150_common.o
 .debug_abbrev  0x000027a2       0x2e c:/program files/microchip/xc32/v3.01/bin/bin/../../lib/gcc/pic32c/8.3.1/../../../../pic32c/lib/thumb/v7e-m+fp/hard\libpic32c.a(data_init.o)
 .debug_abbrev  0x000027d0       0x2b c:/program files/microchip/xc32/v3.01/bin/bin/../../lib/gcc/pic32c/8.3.1/../../../../pic32c/lib/thumb/v7e-m+fp/hard\libpic32c.a(_close.o)
 .debug_abbrev  0x000027fb       0x2b c:/program files/microchip/xc32/v3.01/bin/bin/../../lib/gcc/pic32c/8.3.1/../../../../pic32c/lib/thumb/v7e-m+fp/hard\libpic32c.a(_fstat.o)
 .debug_abbrev  0x00002826       0x2b c:/program files/microchip/xc32/v3.01/bin/bin/../../lib/gcc/pic32c/8.3.1/../../../../pic32c/lib/thumb/v7e-m+fp/hard\libpic32c.a(_isatty.o)
 .debug_abbrev  0x00002851       0x2b c:/program files/microchip/xc32/v3.01/bin/bin/../../lib/gcc/pic32c/8.3.1/../../../../pic32c/lib/thumb/v7e-m+fp/hard\libpic32c.a(_lseek.o)
 .debug_abbrev  0x0000287c       0x2b c:/program files/microchip/xc32/v3.01/bin/bin/../../lib/gcc/pic32c/8.3.1/../../../../pic32c/lib/thumb/v7e-m+fp/hard\libpic32c.a(_read.o)
 .debug_abbrev  0x000028a7       0x2e c:/program files/microchip/xc32/v3.01/bin/bin/../../lib/gcc/pic32c/8.3.1/../../../../pic32c/lib/thumb/v7e-m+fp/hard\libpic32c.a(sbrk.o)
 .debug_abbrev  0x000028d5       0x2b c:/program files/microchip/xc32/v3.01/bin/bin/../../lib/gcc/pic32c/8.3.1/../../../../pic32c/lib/thumb/v7e-m+fp/hard\libpic32c.a(_write.o)
 .debug_abbrev  0x00002900       0x2e c:/program files/microchip/xc32/v3.01/bin/bin/../../lib/gcc/pic32c/8.3.1/../../../../pic32c/lib/thumb/v7e-m+fp/hard\libpic32c.a(close.o)
 .debug_abbrev  0x0000292e       0x2e c:/program files/microchip/xc32/v3.01/bin/bin/../../lib/gcc/pic32c/8.3.1/../../../../pic32c/lib/thumb/v7e-m+fp/hard\libpic32c.a(fstat.o)
 .debug_abbrev  0x0000295c       0x2e c:/program files/microchip/xc32/v3.01/bin/bin/../../lib/gcc/pic32c/8.3.1/../../../../pic32c/lib/thumb/v7e-m+fp/hard\libpic32c.a(isatty.o)
 .debug_abbrev  0x0000298a       0x2e c:/program files/microchip/xc32/v3.01/bin/bin/../../lib/gcc/pic32c/8.3.1/../../../../pic32c/lib/thumb/v7e-m+fp/hard\libpic32c.a(lseek.o)
 .debug_abbrev  0x000029b8       0x2e c:/program files/microchip/xc32/v3.01/bin/bin/../../lib/gcc/pic32c/8.3.1/../../../../pic32c/lib/thumb/v7e-m+fp/hard\libpic32c.a(read.o)
 .debug_abbrev  0x000029e6       0x2e c:/program files/microchip/xc32/v3.01/bin/bin/../../lib/gcc/pic32c/8.3.1/../../../../pic32c/lib/thumb/v7e-m+fp/hard\libpic32c.a(write.o)

.debug_aranges  0x00000000      0x760
 .debug_aranges
                0x00000000       0x20 build/default/production/_ext/1278025991/plib_clock.o
 .debug_aranges
                0x00000020       0x40 build/default/production/_ext/1999091222/plib_eic.o
 .debug_aranges
                0x00000060       0x20 build/default/production/_ext/1275876505/plib_evsys.o
 .debug_aranges
                0x00000080       0x38 build/default/production/_ext/1842004841/plib_nvic.o
 .debug_aranges
                0x000000b8       0xb0 build/default/production/_ext/1634731963/plib_nvmctrl.o
 .debug_aranges
                0x00000168       0x70 build/default/production/_ext/1841951690/plib_port.o
 .debug_aranges
                0x000001d8       0x68 build/default/production/_ext/508897728/plib_sercom2_i2c_master.o
 .debug_aranges
                0x00000240       0x98 build/default/production/_ext/856162484/plib_sercom5_usart.o
 .debug_aranges
                0x000002d8       0x70 build/default/production/_ext/1869207061/plib_systick.o
 .debug_aranges
                0x00000348       0x28 build/default/production/_ext/1413290997/xc32_monitor.o
 .debug_aranges
                0x00000370       0x48 build/default/production/_ext/1051254511/exceptions.o
 .debug_aranges
                0x000003b8       0x20 build/default/production/_ext/1051254511/initialization.o
 .debug_aranges
                0x000003d8       0x20 build/default/production/_ext/1051254511/interrupts.o
 .debug_aranges
                0x000003f8       0x28 build/default/production/_ext/1051254511/startup_xc32.o
 .debug_aranges
                0x00000420       0x28 build/default/production/_ext/1360937237/main_sam_e51_cnano.o
 .debug_aranges
                0x00000448       0xf8 build/default/production/_ext/966843693/bmm150.o
 .debug_aranges
                0x00000540       0x60 build/default/production/_ext/934369621/bmm150_common.o
 .debug_aranges
                0x000005a0       0x20 c:/program files/microchip/xc32/v3.01/bin/bin/../../lib/gcc/pic32c/8.3.1/../../../../pic32c/lib/thumb/v7e-m+fp/hard\libpic32c.a(data_init.o)
 .debug_aranges
                0x000005c0       0x20 c:/program files/microchip/xc32/v3.01/bin/bin/../../lib/gcc/pic32c/8.3.1/../../../../pic32c/lib/thumb/v7e-m+fp/hard\libpic32c.a(_close.o)
 .debug_aranges
                0x000005e0       0x20 c:/program files/microchip/xc32/v3.01/bin/bin/../../lib/gcc/pic32c/8.3.1/../../../../pic32c/lib/thumb/v7e-m+fp/hard\libpic32c.a(_fstat.o)
 .debug_aranges
                0x00000600       0x20 c:/program files/microchip/xc32/v3.01/bin/bin/../../lib/gcc/pic32c/8.3.1/../../../../pic32c/lib/thumb/v7e-m+fp/hard\libpic32c.a(_isatty.o)
 .debug_aranges
                0x00000620       0x20 c:/program files/microchip/xc32/v3.01/bin/bin/../../lib/gcc/pic32c/8.3.1/../../../../pic32c/lib/thumb/v7e-m+fp/hard\libpic32c.a(_lseek.o)
 .debug_aranges
                0x00000640       0x20 c:/program files/microchip/xc32/v3.01/bin/bin/../../lib/gcc/pic32c/8.3.1/../../../../pic32c/lib/thumb/v7e-m+fp/hard\libpic32c.a(_read.o)
 .debug_aranges
                0x00000660       0x20 c:/program files/microchip/xc32/v3.01/bin/bin/../../lib/gcc/pic32c/8.3.1/../../../../pic32c/lib/thumb/v7e-m+fp/hard\libpic32c.a(sbrk.o)
 .debug_aranges
                0x00000680       0x20 c:/program files/microchip/xc32/v3.01/bin/bin/../../lib/gcc/pic32c/8.3.1/../../../../pic32c/lib/thumb/v7e-m+fp/hard\libpic32c.a(_write.o)
 .debug_aranges
                0x000006a0       0x20 c:/program files/microchip/xc32/v3.01/bin/bin/../../lib/gcc/pic32c/8.3.1/../../../../pic32c/lib/thumb/v7e-m+fp/hard\libpic32c.a(close.o)
 .debug_aranges
                0x000006c0       0x20 c:/program files/microchip/xc32/v3.01/bin/bin/../../lib/gcc/pic32c/8.3.1/../../../../pic32c/lib/thumb/v7e-m+fp/hard\libpic32c.a(fstat.o)
 .debug_aranges
                0x000006e0       0x20 c:/program files/microchip/xc32/v3.01/bin/bin/../../lib/gcc/pic32c/8.3.1/../../../../pic32c/lib/thumb/v7e-m+fp/hard\libpic32c.a(isatty.o)
 .debug_aranges
                0x00000700       0x20 c:/program files/microchip/xc32/v3.01/bin/bin/../../lib/gcc/pic32c/8.3.1/../../../../pic32c/lib/thumb/v7e-m+fp/hard\libpic32c.a(lseek.o)
 .debug_aranges
                0x00000720       0x20 c:/program files/microchip/xc32/v3.01/bin/bin/../../lib/gcc/pic32c/8.3.1/../../../../pic32c/lib/thumb/v7e-m+fp/hard\libpic32c.a(read.o)
 .debug_aranges
                0x00000740       0x20 c:/program files/microchip/xc32/v3.01/bin/bin/../../lib/gcc/pic32c/8.3.1/../../../../pic32c/lib/thumb/v7e-m+fp/hard\libpic32c.a(write.o)

.debug_ranges   0x00000000      0x680
 .debug_ranges  0x00000000       0x10 build/default/production/_ext/1278025991/plib_clock.o
 .debug_ranges  0x00000010       0x30 build/default/production/_ext/1999091222/plib_eic.o
 .debug_ranges  0x00000040       0x10 build/default/production/_ext/1275876505/plib_evsys.o
 .debug_ranges  0x00000050       0x28 build/default/production/_ext/1842004841/plib_nvic.o
 .debug_ranges  0x00000078       0xa0 build/default/production/_ext/1634731963/plib_nvmctrl.o
 .debug_ranges  0x00000118       0x60 build/default/production/_ext/1841951690/plib_port.o
 .debug_ranges  0x00000178       0xd8 build/default/production/_ext/508897728/plib_sercom2_i2c_master.o
 .debug_ranges  0x00000250       0x88 build/default/production/_ext/856162484/plib_sercom5_usart.o
 .debug_ranges  0x000002d8       0x60 build/default/production/_ext/1869207061/plib_systick.o
 .debug_ranges  0x00000338       0x18 build/default/production/_ext/1413290997/xc32_monitor.o
 .debug_ranges  0x00000350       0x38 build/default/production/_ext/1051254511/exceptions.o
 .debug_ranges  0x00000388       0x10 build/default/production/_ext/1051254511/initialization.o
 .debug_ranges  0x00000398       0x10 build/default/production/_ext/1051254511/interrupts.o
 .debug_ranges  0x000003a8       0x18 build/default/production/_ext/1051254511/startup_xc32.o
 .debug_ranges  0x000003c0       0x18 build/default/production/_ext/1360937237/main_sam_e51_cnano.o
 .debug_ranges  0x000003d8      0x178 build/default/production/_ext/966843693/bmm150.o
 .debug_ranges  0x00000550       0x50 build/default/production/_ext/934369621/bmm150_common.o
 .debug_ranges  0x000005a0       0x10 c:/program files/microchip/xc32/v3.01/bin/bin/../../lib/gcc/pic32c/8.3.1/../../../../pic32c/lib/thumb/v7e-m+fp/hard\libpic32c.a(data_init.o)
 .debug_ranges  0x000005b0       0x10 c:/program files/microchip/xc32/v3.01/bin/bin/../../lib/gcc/pic32c/8.3.1/../../../../pic32c/lib/thumb/v7e-m+fp/hard\libpic32c.a(_close.o)
 .debug_ranges  0x000005c0       0x10 c:/program files/microchip/xc32/v3.01/bin/bin/../../lib/gcc/pic32c/8.3.1/../../../../pic32c/lib/thumb/v7e-m+fp/hard\libpic32c.a(_fstat.o)
 .debug_ranges  0x000005d0       0x10 c:/program files/microchip/xc32/v3.01/bin/bin/../../lib/gcc/pic32c/8.3.1/../../../../pic32c/lib/thumb/v7e-m+fp/hard\libpic32c.a(_isatty.o)
 .debug_ranges  0x000005e0       0x10 c:/program files/microchip/xc32/v3.01/bin/bin/../../lib/gcc/pic32c/8.3.1/../../../../pic32c/lib/thumb/v7e-m+fp/hard\libpic32c.a(_lseek.o)
 .debug_ranges  0x000005f0       0x10 c:/program files/microchip/xc32/v3.01/bin/bin/../../lib/gcc/pic32c/8.3.1/../../../../pic32c/lib/thumb/v7e-m+fp/hard\libpic32c.a(_read.o)
 .debug_ranges  0x00000600       0x10 c:/program files/microchip/xc32/v3.01/bin/bin/../../lib/gcc/pic32c/8.3.1/../../../../pic32c/lib/thumb/v7e-m+fp/hard\libpic32c.a(sbrk.o)
 .debug_ranges  0x00000610       0x10 c:/program files/microchip/xc32/v3.01/bin/bin/../../lib/gcc/pic32c/8.3.1/../../../../pic32c/lib/thumb/v7e-m+fp/hard\libpic32c.a(_write.o)
 .debug_ranges  0x00000620       0x10 c:/program files/microchip/xc32/v3.01/bin/bin/../../lib/gcc/pic32c/8.3.1/../../../../pic32c/lib/thumb/v7e-m+fp/hard\libpic32c.a(close.o)
 .debug_ranges  0x00000630       0x10 c:/program files/microchip/xc32/v3.01/bin/bin/../../lib/gcc/pic32c/8.3.1/../../../../pic32c/lib/thumb/v7e-m+fp/hard\libpic32c.a(fstat.o)
 .debug_ranges  0x00000640       0x10 c:/program files/microchip/xc32/v3.01/bin/bin/../../lib/gcc/pic32c/8.3.1/../../../../pic32c/lib/thumb/v7e-m+fp/hard\libpic32c.a(isatty.o)
 .debug_ranges  0x00000650       0x10 c:/program files/microchip/xc32/v3.01/bin/bin/../../lib/gcc/pic32c/8.3.1/../../../../pic32c/lib/thumb/v7e-m+fp/hard\libpic32c.a(lseek.o)
 .debug_ranges  0x00000660       0x10 c:/program files/microchip/xc32/v3.01/bin/bin/../../lib/gcc/pic32c/8.3.1/../../../../pic32c/lib/thumb/v7e-m+fp/hard\libpic32c.a(read.o)
 .debug_ranges  0x00000670       0x10 c:/program files/microchip/xc32/v3.01/bin/bin/../../lib/gcc/pic32c/8.3.1/../../../../pic32c/lib/thumb/v7e-m+fp/hard\libpic32c.a(write.o)

.debug_line     0x00000000     0x57ee
 .debug_line    0x00000000      0x327 build/default/production/_ext/1278025991/plib_clock.o
 .debug_line    0x00000327      0x2ff build/default/production/_ext/1999091222/plib_eic.o
 .debug_line    0x00000626      0x146 build/default/production/_ext/1275876505/plib_evsys.o
 .debug_line    0x0000076c      0x40a build/default/production/_ext/1842004841/plib_nvic.o
 .debug_line    0x00000b76      0x533 build/default/production/_ext/1634731963/plib_nvmctrl.o
 .debug_line    0x000010a9      0x33c build/default/production/_ext/1841951690/plib_port.o
 .debug_line    0x000013e5      0x859 build/default/production/_ext/508897728/plib_sercom2_i2c_master.o
 .debug_line    0x00001c3e      0x6d6 build/default/production/_ext/856162484/plib_sercom5_usart.o
 .debug_line    0x00002314      0x319 build/default/production/_ext/1869207061/plib_systick.o
 .debug_line    0x0000262d      0x246 build/default/production/_ext/1413290997/xc32_monitor.o
 .debug_line    0x00002873      0x216 build/default/production/_ext/1051254511/exceptions.o
 .debug_line    0x00002a89      0x4ef build/default/production/_ext/1051254511/initialization.o
 .debug_line    0x00002f78      0x1bd build/default/production/_ext/1051254511/interrupts.o
 .debug_line    0x00003135      0x2ca build/default/production/_ext/1051254511/startup_xc32.o
 .debug_line    0x000033ff      0x36c build/default/production/_ext/1360937237/main_sam_e51_cnano.o
 .debug_line    0x0000376b     0x136c build/default/production/_ext/966843693/bmm150.o
 .debug_line    0x00004ad7      0x329 build/default/production/_ext/934369621/bmm150_common.o
 .debug_line    0x00004e00      0x110 c:/program files/microchip/xc32/v3.01/bin/bin/../../lib/gcc/pic32c/8.3.1/../../../../pic32c/lib/thumb/v7e-m+fp/hard\libpic32c.a(data_init.o)
 .debug_line    0x00004f10       0x9f c:/program files/microchip/xc32/v3.01/bin/bin/../../lib/gcc/pic32c/8.3.1/../../../../pic32c/lib/thumb/v7e-m+fp/hard\libpic32c.a(_close.o)
 .debug_line    0x00004faf       0x9f c:/program files/microchip/xc32/v3.01/bin/bin/../../lib/gcc/pic32c/8.3.1/../../../../pic32c/lib/thumb/v7e-m+fp/hard\libpic32c.a(_fstat.o)
 .debug_line    0x0000504e       0xa0 c:/program files/microchip/xc32/v3.01/bin/bin/../../lib/gcc/pic32c/8.3.1/../../../../pic32c/lib/thumb/v7e-m+fp/hard\libpic32c.a(_isatty.o)
 .debug_line    0x000050ee       0x9f c:/program files/microchip/xc32/v3.01/bin/bin/../../lib/gcc/pic32c/8.3.1/../../../../pic32c/lib/thumb/v7e-m+fp/hard\libpic32c.a(_lseek.o)
 .debug_line    0x0000518d       0x9e c:/program files/microchip/xc32/v3.01/bin/bin/../../lib/gcc/pic32c/8.3.1/../../../../pic32c/lib/thumb/v7e-m+fp/hard\libpic32c.a(_read.o)
 .debug_line    0x0000522b       0xb5 c:/program files/microchip/xc32/v3.01/bin/bin/../../lib/gcc/pic32c/8.3.1/../../../../pic32c/lib/thumb/v7e-m+fp/hard\libpic32c.a(sbrk.o)
 .debug_line    0x000052e0       0x9f c:/program files/microchip/xc32/v3.01/bin/bin/../../lib/gcc/pic32c/8.3.1/../../../../pic32c/lib/thumb/v7e-m+fp/hard\libpic32c.a(_write.o)
 .debug_line    0x0000537f       0x9e c:/program files/microchip/xc32/v3.01/bin/bin/../../lib/gcc/pic32c/8.3.1/../../../../pic32c/lib/thumb/v7e-m+fp/hard\libpic32c.a(close.o)
 .debug_line    0x0000541d      0x106 c:/program files/microchip/xc32/v3.01/bin/bin/../../lib/gcc/pic32c/8.3.1/../../../../pic32c/lib/thumb/v7e-m+fp/hard\libpic32c.a(fstat.o)
 .debug_line    0x00005523       0x9d c:/program files/microchip/xc32/v3.01/bin/bin/../../lib/gcc/pic32c/8.3.1/../../../../pic32c/lib/thumb/v7e-m+fp/hard\libpic32c.a(isatty.o)
 .debug_line    0x000055c0       0x9e c:/program files/microchip/xc32/v3.01/bin/bin/../../lib/gcc/pic32c/8.3.1/../../../../pic32c/lib/thumb/v7e-m+fp/hard\libpic32c.a(lseek.o)
 .debug_line    0x0000565e       0xc0 c:/program files/microchip/xc32/v3.01/bin/bin/../../lib/gcc/pic32c/8.3.1/../../../../pic32c/lib/thumb/v7e-m+fp/hard\libpic32c.a(read.o)
 .debug_line    0x0000571e       0xd0 c:/program files/microchip/xc32/v3.01/bin/bin/../../lib/gcc/pic32c/8.3.1/../../../../pic32c/lib/thumb/v7e-m+fp/hard\libpic32c.a(write.o)

.debug_str      0x00000000      0x6b4
 .debug_str     0x00000000       0x1e build/default/production/_ext/1278025991/plib_clock.o
 .debug_str     0x0000001e        0x9 build/default/production/_ext/1999091222/plib_eic.o
 .debug_str     0x00000027        0x0 build/default/production/_ext/1275876505/plib_evsys.o
 .debug_str     0x00000027        0xa build/default/production/_ext/1842004841/plib_nvic.o
 .debug_str     0x00000031       0x29 build/default/production/_ext/1634731963/plib_nvmctrl.o
 .debug_str     0x0000005a        0xb build/default/production/_ext/1841951690/plib_port.o
 .debug_str     0x00000065      0x183 build/default/production/_ext/508897728/plib_sercom2_i2c_master.o
 .debug_str     0x000001e8      0x123 build/default/production/_ext/856162484/plib_sercom5_usart.o
 .debug_str     0x0000030b        0x9 build/default/production/_ext/1869207061/plib_systick.o
 .debug_str     0x00000314       0x35 build/default/production/_ext/1413290997/xc32_monitor.o
 .debug_str     0x00000349        0xe build/default/production/_ext/1051254511/exceptions.o
 .debug_str     0x00000357       0xba build/default/production/_ext/1051254511/initialization.o
 .debug_str     0x00000411        0xe build/default/production/_ext/1051254511/interrupts.o
 .debug_str     0x0000041f       0x2f build/default/production/_ext/1051254511/startup_xc32.o
 .debug_str     0x0000044e       0xc3 build/default/production/_ext/1360937237/main_sam_e51_cnano.o
 .debug_str     0x00000511      0x153 build/default/production/_ext/966843693/bmm150.o
 .debug_str     0x00000664       0x50 build/default/production/_ext/934369621/bmm150_common.o
 .debug_str     0x000006b4        0x0 c:/program files/microchip/xc32/v3.01/bin/bin/../../lib/gcc/pic32c/8.3.1/../../../../pic32c/lib/thumb/v7e-m+fp/hard\libpic32c.a(data_init.o)
 .debug_str     0x000006b4        0x0 c:/program files/microchip/xc32/v3.01/bin/bin/../../lib/gcc/pic32c/8.3.1/../../../../pic32c/lib/thumb/v7e-m+fp/hard\libpic32c.a(_close.o)
 .debug_str     0x000006b4        0x0 c:/program files/microchip/xc32/v3.01/bin/bin/../../lib/gcc/pic32c/8.3.1/../../../../pic32c/lib/thumb/v7e-m+fp/hard\libpic32c.a(_fstat.o)
 .debug_str     0x000006b4        0x0 c:/program files/microchip/xc32/v3.01/bin/bin/../../lib/gcc/pic32c/8.3.1/../../../../pic32c/lib/thumb/v7e-m+fp/hard\libpic32c.a(_isatty.o)
 .debug_str     0x000006b4        0x0 c:/program files/microchip/xc32/v3.01/bin/bin/../../lib/gcc/pic32c/8.3.1/../../../../pic32c/lib/thumb/v7e-m+fp/hard\libpic32c.a(_lseek.o)
 .debug_str     0x000006b4        0x0 c:/program files/microchip/xc32/v3.01/bin/bin/../../lib/gcc/pic32c/8.3.1/../../../../pic32c/lib/thumb/v7e-m+fp/hard\libpic32c.a(_read.o)
 .debug_str     0x000006b4        0x0 c:/program files/microchip/xc32/v3.01/bin/bin/../../lib/gcc/pic32c/8.3.1/../../../../pic32c/lib/thumb/v7e-m+fp/hard\libpic32c.a(sbrk.o)
 .debug_str     0x000006b4        0x0 c:/program files/microchip/xc32/v3.01/bin/bin/../../lib/gcc/pic32c/8.3.1/../../../../pic32c/lib/thumb/v7e-m+fp/hard\libpic32c.a(_write.o)
 .debug_str     0x000006b4        0x0 c:/program files/microchip/xc32/v3.01/bin/bin/../../lib/gcc/pic32c/8.3.1/../../../../pic32c/lib/thumb/v7e-m+fp/hard\libpic32c.a(close.o)
 .debug_str     0x000006b4        0x0 c:/program files/microchip/xc32/v3.01/bin/bin/../../lib/gcc/pic32c/8.3.1/../../../../pic32c/lib/thumb/v7e-m+fp/hard\libpic32c.a(fstat.o)
 .debug_str     0x000006b4        0x0 c:/program files/microchip/xc32/v3.01/bin/bin/../../lib/gcc/pic32c/8.3.1/../../../../pic32c/lib/thumb/v7e-m+fp/hard\libpic32c.a(isatty.o)
 .debug_str     0x000006b4        0x0 c:/program files/microchip/xc32/v3.01/bin/bin/../../lib/gcc/pic32c/8.3.1/../../../../pic32c/lib/thumb/v7e-m+fp/hard\libpic32c.a(lseek.o)
 .debug_str     0x000006b4        0x0 c:/program files/microchip/xc32/v3.01/bin/bin/../../lib/gcc/pic32c/8.3.1/../../../../pic32c/lib/thumb/v7e-m+fp/hard\libpic32c.a(read.o)
 .debug_str     0x000006b4        0x0 c:/program files/microchip/xc32/v3.01/bin/bin/../../lib/gcc/pic32c/8.3.1/../../../../pic32c/lib/thumb/v7e-m+fp/hard\libpic32c.a(write.o)

.debug_frame    0x00000000      0xe40
 .debug_frame   0x00000000       0x20 build/default/production/_ext/1278025991/plib_clock.o
 .debug_frame   0x00000020       0x78 build/default/production/_ext/1999091222/plib_eic.o
 .debug_frame   0x00000098       0x20 build/default/production/_ext/1275876505/plib_evsys.o
 .debug_frame   0x000000b8       0x50 build/default/production/_ext/1842004841/plib_nvic.o
 .debug_frame   0x00000108      0x170 build/default/production/_ext/1634731963/plib_nvmctrl.o
 .debug_frame   0x00000278       0xcc build/default/production/_ext/1841951690/plib_port.o
 .debug_frame   0x00000344       0xd8 build/default/production/_ext/508897728/plib_sercom2_i2c_master.o
 .debug_frame   0x0000041c      0x15c build/default/production/_ext/856162484/plib_sercom5_usart.o
 .debug_frame   0x00000578       0xd4 build/default/production/_ext/1869207061/plib_systick.o
 .debug_frame   0x0000064c       0x50 build/default/production/_ext/1413290997/xc32_monitor.o
 .debug_frame   0x0000069c       0x70 build/default/production/_ext/1051254511/exceptions.o
 .debug_frame   0x0000070c       0x28 build/default/production/_ext/1051254511/initialization.o
 .debug_frame   0x00000734       0x20 build/default/production/_ext/1051254511/interrupts.o
 .debug_frame   0x00000754       0x38 build/default/production/_ext/1051254511/startup_xc32.o
 .debug_frame   0x0000078c       0x44 build/default/production/_ext/1360937237/main_sam_e51_cnano.o
 .debug_frame   0x000007d0      0x3c8 build/default/production/_ext/966843693/bmm150.o
 .debug_frame   0x00000b98       0xb8 build/default/production/_ext/934369621/bmm150_common.o
 .debug_frame   0x00000c50       0x38 c:/program files/microchip/xc32/v3.01/bin/bin/../../lib/gcc/pic32c/8.3.1/../../../../pic32c/lib/thumb/v7e-m+fp/hard\libpic32c.a(data_init.o)
 .debug_frame   0x00000c88       0x20 c:/program files/microchip/xc32/v3.01/bin/bin/../../lib/gcc/pic32c/8.3.1/../../../../pic32c/lib/thumb/v7e-m+fp/hard\libpic32c.a(_close.o)
 .debug_frame   0x00000ca8       0x20 c:/program files/microchip/xc32/v3.01/bin/bin/../../lib/gcc/pic32c/8.3.1/../../../../pic32c/lib/thumb/v7e-m+fp/hard\libpic32c.a(_fstat.o)
 .debug_frame   0x00000cc8       0x20 c:/program files/microchip/xc32/v3.01/bin/bin/../../lib/gcc/pic32c/8.3.1/../../../../pic32c/lib/thumb/v7e-m+fp/hard\libpic32c.a(_isatty.o)
 .debug_frame   0x00000ce8       0x20 c:/program files/microchip/xc32/v3.01/bin/bin/../../lib/gcc/pic32c/8.3.1/../../../../pic32c/lib/thumb/v7e-m+fp/hard\libpic32c.a(_lseek.o)
 .debug_frame   0x00000d08       0x20 c:/program files/microchip/xc32/v3.01/bin/bin/../../lib/gcc/pic32c/8.3.1/../../../../pic32c/lib/thumb/v7e-m+fp/hard\libpic32c.a(_read.o)
 .debug_frame   0x00000d28       0x20 c:/program files/microchip/xc32/v3.01/bin/bin/../../lib/gcc/pic32c/8.3.1/../../../../pic32c/lib/thumb/v7e-m+fp/hard\libpic32c.a(sbrk.o)
 .debug_frame   0x00000d48       0x20 c:/program files/microchip/xc32/v3.01/bin/bin/../../lib/gcc/pic32c/8.3.1/../../../../pic32c/lib/thumb/v7e-m+fp/hard\libpic32c.a(_write.o)
 .debug_frame   0x00000d68       0x20 c:/program files/microchip/xc32/v3.01/bin/bin/../../lib/gcc/pic32c/8.3.1/../../../../pic32c/lib/thumb/v7e-m+fp/hard\libpic32c.a(close.o)
 .debug_frame   0x00000d88       0x20 c:/program files/microchip/xc32/v3.01/bin/bin/../../lib/gcc/pic32c/8.3.1/../../../../pic32c/lib/thumb/v7e-m+fp/hard\libpic32c.a(fstat.o)
 .debug_frame   0x00000da8       0x20 c:/program files/microchip/xc32/v3.01/bin/bin/../../lib/gcc/pic32c/8.3.1/../../../../pic32c/lib/thumb/v7e-m+fp/hard\libpic32c.a(isatty.o)
 .debug_frame   0x00000dc8       0x20 c:/program files/microchip/xc32/v3.01/bin/bin/../../lib/gcc/pic32c/8.3.1/../../../../pic32c/lib/thumb/v7e-m+fp/hard\libpic32c.a(lseek.o)
 .debug_frame   0x00000de8       0x2c c:/program files/microchip/xc32/v3.01/bin/bin/../../lib/gcc/pic32c/8.3.1/../../../../pic32c/lib/thumb/v7e-m+fp/hard\libpic32c.a(read.o)
 .debug_frame   0x00000e14       0x2c c:/program files/microchip/xc32/v3.01/bin/bin/../../lib/gcc/pic32c/8.3.1/../../../../pic32c/lib/thumb/v7e-m+fp/hard\libpic32c.a(write.o)

.debug_loc      0x00000000     0x581c
 .debug_loc     0x00000000       0xa2 build/default/production/_ext/1999091222/plib_eic.o
 .debug_loc     0x000000a2      0x1c5 build/default/production/_ext/1842004841/plib_nvic.o
 .debug_loc     0x00000267      0x4bf build/default/production/_ext/1634731963/plib_nvmctrl.o
 .debug_loc     0x00000726      0x1bc build/default/production/_ext/1841951690/plib_port.o
 .debug_loc     0x000008e2      0xd26 build/default/production/_ext/508897728/plib_sercom2_i2c_master.o
 .debug_loc     0x00001608      0x7d8 build/default/production/_ext/856162484/plib_sercom5_usart.o
 .debug_loc     0x00001de0       0xec build/default/production/_ext/1869207061/plib_systick.o
 .debug_loc     0x00001ecc       0xf0 build/default/production/_ext/1413290997/xc32_monitor.o
 .debug_loc     0x00001fbc       0x45 build/default/production/_ext/1051254511/initialization.o
 .debug_loc     0x00002001       0x60 build/default/production/_ext/1051254511/startup_xc32.o
 .debug_loc     0x00002061      0x108 build/default/production/_ext/1360937237/main_sam_e51_cnano.o
 .debug_loc     0x00002169     0x349d build/default/production/_ext/966843693/bmm150.o
 .debug_loc     0x00005606      0x1da build/default/production/_ext/934369621/bmm150_common.o
 .debug_loc     0x000057e0       0x14 c:/program files/microchip/xc32/v3.01/bin/bin/../../lib/gcc/pic32c/8.3.1/../../../../pic32c/lib/thumb/v7e-m+fp/hard\libpic32c.a(data_init.o)
 .debug_loc     0x000057f4       0x14 c:/program files/microchip/xc32/v3.01/bin/bin/../../lib/gcc/pic32c/8.3.1/../../../../pic32c/lib/thumb/v7e-m+fp/hard\libpic32c.a(read.o)
 .debug_loc     0x00005808       0x14 c:/program files/microchip/xc32/v3.01/bin/bin/../../lib/gcc/pic32c/8.3.1/../../../../pic32c/lib/thumb/v7e-m+fp/hard\libpic32c.a(write.o)

.stack          0x20000578      0x100
 .stack         0x20000578      0x100 stack

.data.__global_locale%1
                0x20000004      0x16c
 .data.__global_locale
                0x20000004      0x16c c:/program files/microchip/xc32/v3.01/bin/bin/../../lib/gcc/pic32c/8.3.1/../../../../pic32c/lib/thumb/v7e-m+fp/hard\libc_nano.a(lib_a-locale.o)
                0x20000004                __global_locale

.bss.eicCallbackObject%2
                0x20000170       0xc0
 .bss.eicCallbackObject
                0x20000170       0xc0 build/default/production/_ext/1999091222/plib_eic.o

.data.impure_data%3
                0x20000230       0x60
 .data.impure_data
                0x20000230       0x60 c:/program files/microchip/xc32/v3.01/bin/bin/../../lib/gcc/pic32c/8.3.1/../../../../pic32c/lib/thumb/v7e-m+fp/hard\libc_nano.a(lib_a-impure.o)

.bss.sercom2I2CObj%4
                0x20000290       0x2c
 .bss.sercom2I2CObj
                0x20000290       0x2c build/default/production/_ext/508897728/plib_sercom2_i2c_master.o

.bss.__sf_fake_stderr%5
                0x200002bc       0x20
 .bss.__sf_fake_stderr
                0x200002bc       0x20 c:/program files/microchip/xc32/v3.01/bin/bin/../../lib/gcc/pic32c/8.3.1/../../../../pic32c/lib/thumb/v7e-m+fp/hard\libc_nano.a(lib_a-findfp.o)
                0x200002bc                __sf_fake_stderr

.bss.__sf_fake_stdin%6
                0x200002dc       0x20
 .bss.__sf_fake_stdin
                0x200002dc       0x20 c:/program files/microchip/xc32/v3.01/bin/bin/../../lib/gcc/pic32c/8.3.1/../../../../pic32c/lib/thumb/v7e-m+fp/hard\libc_nano.a(lib_a-findfp.o)
                0x200002dc                __sf_fake_stdin

.bss.__sf_fake_stdout%7
                0x200002fc       0x20
 .bss.__sf_fake_stdout
                0x200002fc       0x20 c:/program files/microchip/xc32/v3.01/bin/bin/../../lib/gcc/pic32c/8.3.1/../../../../pic32c/lib/thumb/v7e-m+fp/hard\libc_nano.a(lib_a-findfp.o)
                0x200002fc                __sf_fake_stdout

.bss%8          0x2000031c       0x1c
 .bss           0x2000031c       0x1c c:/program files/microchip/xc32/v3.01/bin/bin/../../lib/gcc/pic32c/8.3.1/thumb/v7e-m+fp/hard/crtbegin.o

.bss.systick%9  0x20000338        0xc
 .bss.systick   0x20000338        0xc build/default/production/_ext/1869207061/plib_systick.o

.bss.p_bmm150%10
                0x20000344        0x4
 .bss.p_bmm150  0x20000344        0x4 build/default/production/_ext/966843693/bmm150.o

.bss%11         0x20000348        0x4
 .bss           0x20000348        0x4 c:/program files/microchip/xc32/v3.01/bin/bin/../../lib/gcc/pic32c/8.3.1/../../../../pic32c/lib/thumb/v7e-m+fp/hard\libpic32c.a(data_init.o)

.data._impure_ptr%12
                0x2000034c        0x4
 .data._impure_ptr
                0x2000034c        0x4 c:/program files/microchip/xc32/v3.01/bin/bin/../../lib/gcc/pic32c/8.3.1/../../../../pic32c/lib/thumb/v7e-m+fp/hard\libc_nano.a(lib_a-impure.o)
                0x2000034c                _impure_ptr

.bss.__malloc_free_list%13
                0x20000350        0x4
 .bss.__malloc_free_list
                0x20000350        0x4 c:/program files/microchip/xc32/v3.01/bin/bin/../../lib/gcc/pic32c/8.3.1/../../../../pic32c/lib/thumb/v7e-m+fp/hard\libc_nano.a(lib_a-nano-mallocr.o)
                0x20000350                __malloc_free_list

.bss.__malloc_sbrk_start%14
                0x20000354        0x4
 .bss.__malloc_sbrk_start
                0x20000354        0x4 c:/program files/microchip/xc32/v3.01/bin/bin/../../lib/gcc/pic32c/8.3.1/../../../../pic32c/lib/thumb/v7e-m+fp/hard\libc_nano.a(lib_a-nano-mallocr.o)
                0x20000354                __malloc_sbrk_start

.bss%15         0x20000358        0x4
 .bss           0x20000358        0x4 c:/program files/microchip/xc32/v3.01/bin/bin/../../lib/gcc/pic32c/8.3.1/../../../../pic32c/lib/thumb/v7e-m+fp/hard\libpic32c.a(sbrk.o)

.bss.switchPressEvent%16
                0x2000035c        0x1
 .bss.switchPressEvent
                0x2000035c        0x1 build/default/production/_ext/1360937237/main_sam_e51_cnano.o
                0x2000035c                switchPressEvent

.eh_frame%z1    0x00000000        0x0
 .eh_frame      0x00000000        0x0 c:/program files/microchip/xc32/v3.01/bin/bin/../../lib/gcc/pic32c/8.3.1/thumb/v7e-m+fp/hard/crtbegin.o

.text._vfprintf_r_cdnopsuxX%17
                0x00000280      0x3a8
 .text._vfprintf_r_cdnopsuxX
                0x00000280      0x3a8 c:/program files/microchip/xc32/v3.01/bin/bin/../../lib/gcc/pic32c/8.3.1/../../../../pic32c/lib/thumb/v7e-m+fp/hard\libc_nano.a(_lib_a-nano-vfprintf.cdnopsuxX.o)
                0x00000280                _vfprintf_r_cdnopsuxX

.dinit%18       0x00000628      0x2b0
 .dinit         0x00000628      0x2b0 data_init

.rodata%19      0x000008d8      0x240
 .rodata        0x000008d8      0x240 build/default/production/_ext/934369621/bmm150_common.o

.text.bmm150_set_sensor_settings%20
                0x00000b18      0x230
 .text.bmm150_set_sensor_settings
                0x00000b18      0x230 build/default/production/_ext/966843693/bmm150.o
                0x00000b18                bmm150_set_sensor_settings

.text.SERCOM2_I2C_InterruptHandler%21
                0x00000d48      0x1a4
 .text.SERCOM2_I2C_InterruptHandler
                0x00000d48      0x1a4 build/default/production/_ext/508897728/plib_sercom2_i2c_master.o
                0x00000d48                SERCOM2_I2C_InterruptHandler

.text.bmm150_perform_self_test%22
                0x00000eec      0x198
 .text.bmm150_perform_self_test
                0x00000eec      0x198 build/default/production/_ext/966843693/bmm150.o
                0x00000eec                bmm150_perform_self_test

.text.bmm150_init%23
                0x00001084      0x15c
 .text.bmm150_init
                0x00001084      0x15c build/default/production/_ext/966843693/bmm150.o
                0x00001084                bmm150_init

.text.setvbuf%24
                0x000011e0      0x158
 .text.setvbuf  0x000011e0      0x158 c:/program files/microchip/xc32/v3.01/bin/bin/../../lib/gcc/pic32c/8.3.1/../../../../pic32c/lib/thumb/v7e-m+fp/hard\libc_nano.a(lib_a-setvbuf.o)
                0x000011e0                setvbuf

.text.__sflush_r%25
                0x00001338      0x10c
 .text.__sflush_r
                0x00001338      0x10c c:/program files/microchip/xc32/v3.01/bin/bin/../../lib/gcc/pic32c/8.3.1/../../../../pic32c/lib/thumb/v7e-m+fp/hard\libc_nano.a(lib_a-fflush.o)
                0x00001338                __sflush_r

.text.CLOCK_Initialize%26
                0x00001444      0x104
 .text.CLOCK_Initialize
                0x00001444      0x104 build/default/production/_ext/1278025991/plib_clock.o
                0x00001444                CLOCK_Initialize

.rodata._ctype_%27
                0x00001548      0x101
 .rodata._ctype_
                0x00001548      0x101 c:/program files/microchip/xc32/v3.01/bin/bin/../../lib/gcc/pic32c/8.3.1/../../../../pic32c/lib/thumb/v7e-m+fp/hard\libc_nano.a(lib_a-ctype_.o)
                0x00001548                _ctype_

.text.main%28   0x0000164c       0xf4
 .text.main     0x0000164c       0xf4 build/default/production/_ext/1360937237/main_sam_e51_cnano.o
                0x0000164c                main

.text._printf_common%29
                0x00001740       0xea
 .text._printf_common
                0x00001740       0xea c:/program files/microchip/xc32/v3.01/bin/bin/../../lib/gcc/pic32c/8.3.1/../../../../pic32c/lib/thumb/v7e-m+fp/hard\libc_nano.a(lib_a-nano-vfprintf_i.o)
                0x00001740                _printf_common

.text.__swsetup_r%30
                0x0000182c       0xdc
 .text.__swsetup_r
                0x0000182c       0xdc c:/program files/microchip/xc32/v3.01/bin/bin/../../lib/gcc/pic32c/8.3.1/../../../../pic32c/lib/thumb/v7e-m+fp/hard\libc_nano.a(lib_a-wsetup.o)
                0x0000182c                __swsetup_r

.rodata%31      0x00001908       0xcc
 .rodata        0x00001908       0xcc build/default/production/_ext/1360937237/main_sam_e51_cnano.o

.text._puts_r%32
                0x000019d4       0xcc
 .text._puts_r  0x000019d4       0xcc c:/program files/microchip/xc32/v3.01/bin/bin/../../lib/gcc/pic32c/8.3.1/../../../../pic32c/lib/thumb/v7e-m+fp/hard\libc_nano.a(lib_a-puts.o)
                0x000019d4                _puts_r

.text.__swbuf_r%33
                0x00001aa0       0xbc
 .text.__swbuf_r
                0x00001aa0       0xbc c:/program files/microchip/xc32/v3.01/bin/bin/../../lib/gcc/pic32c/8.3.1/../../../../pic32c/lib/thumb/v7e-m+fp/hard\libc_nano.a(lib_a-wbuf.o)
                0x00001aa0                __swbuf_r

.text._malloc_r%34
                0x00001b5c       0xb4
 .text._malloc_r
                0x00001b5c       0xb4 c:/program files/microchip/xc32/v3.01/bin/bin/../../lib/gcc/pic32c/8.3.1/../../../../pic32c/lib/thumb/v7e-m+fp/hard\libc_nano.a(lib_a-nano-mallocr.o)
                0x00001b5c                _malloc_r

.text%35        0x00001c10       0xa0
 .text          0x00001c10       0xa0 c:/program files/microchip/xc32/v3.01/bin/bin/../../lib/gcc/pic32c/8.3.1/../../../../pic32c/lib/thumb/v7e-m+fp/hard\libc_nano.a(lib_a-memchr.o)
                0x00001c10                memchr

.text.compensate_z%36
                0x00001cb0       0x9c
 .text.compensate_z
                0x00001cb0       0x9c build/default/production/_ext/966843693/bmm150.o

.text._free_r%37
                0x00001d4c       0x9c
 .text._free_r  0x00001d4c       0x9c c:/program files/microchip/xc32/v3.01/bin/bin/../../lib/gcc/pic32c/8.3.1/../../../../pic32c/lib/thumb/v7e-m+fp/hard\libc_nano.a(lib_a-nano-freer.o)
                0x00001d4c                _free_r

.text.bmm150_read_mag_data%38
                0x00001de8       0x98
 .text.bmm150_read_mag_data
                0x00001de8       0x98 build/default/production/_ext/966843693/bmm150.o
                0x00001de8                bmm150_read_mag_data

.text.Reset_Handler%39
                0x00001e80       0x90
 .text.Reset_Handler
                0x00001e80       0x90 build/default/production/_ext/1051254511/startup_xc32.o
                0x00001e80                Reset_Handler

.text.compensate_x%40
                0x00001f10       0x90
 .text.compensate_x
                0x00001f10       0x90 build/default/production/_ext/966843693/bmm150.o

.text.compensate_y%41
                0x00001fa0       0x90
 .text.compensate_y
                0x00001fa0       0x90 build/default/production/_ext/966843693/bmm150.o

.text.bmm150_error_codes_print_result%42
                0x00002030       0x90
 .text.bmm150_error_codes_print_result
                0x00002030       0x90 build/default/production/_ext/934369621/bmm150_common.o
                0x00002030                bmm150_error_codes_print_result

.text.__smakebuf_r%43
                0x000020c0       0x8c
 .text.__smakebuf_r
                0x000020c0       0x8c c:/program files/microchip/xc32/v3.01/bin/bin/../../lib/gcc/pic32c/8.3.1/../../../../pic32c/lib/thumb/v7e-m+fp/hard\libc_nano.a(lib_a-makebuf.o)
                0x000020c0                __smakebuf_r

.text.EIC_Initialize%44
                0x0000214c       0x88
 .text.EIC_Initialize
                0x0000214c       0x88 build/default/production/_ext/1999091222/plib_eic.o
                0x0000214c                EIC_Initialize

.text.__pic32c_data_initialization%45
                0x000021d4       0x88
 .text.__pic32c_data_initialization
                0x000021d4       0x88 c:/program files/microchip/xc32/v3.01/bin/bin/../../lib/gcc/pic32c/8.3.1/../../../../pic32c/lib/thumb/v7e-m+fp/hard\libpic32c.a(data_init.o)
                0x000021d4                __pic32c_data_initialization

.text.bmm150_set_presetmode%46
                0x0000225c       0x86
 .text.bmm150_set_presetmode
                0x0000225c       0x86 build/default/production/_ext/966843693/bmm150.o
                0x0000225c                bmm150_set_presetmode

.text.__fputwc%47
                0x000022e2       0x82
 .text.__fputwc
                0x000022e2       0x82 c:/program files/microchip/xc32/v3.01/bin/bin/../../lib/gcc/pic32c/8.3.1/../../../../pic32c/lib/thumb/v7e-m+fp/hard\libc_nano.a(lib_a-fputwc.o)
                0x000022e2                __fputwc

.text.__sfp%48  0x00002364       0x78
 .text.__sfp    0x00002364       0x78 c:/program files/microchip/xc32/v3.01/bin/bin/../../lib/gcc/pic32c/8.3.1/../../../../pic32c/lib/thumb/v7e-m+fp/hard\libc_nano.a(lib_a-findfp.o)
                0x00002364                __sfp

.text.bmm150_set_op_mode%49
                0x000023dc       0x74
 .text.bmm150_set_op_mode
                0x000023dc       0x74 build/default/production/_ext/966843693/bmm150.o
                0x000023dc                bmm150_set_op_mode

.text.adv_self_test_measurement%50
                0x00002450       0x68
 .text.adv_self_test_measurement
                0x00002450       0x68 build/default/production/_ext/966843693/bmm150.o

.rodata%51      0x000024b8       0x68
 .rodata        0x000024b8       0x68 build/default/production/_ext/966843693/bmm150.o

.text.SERCOM2_I2C_Initialize%52
                0x00002520       0x60
 .text.SERCOM2_I2C_Initialize
                0x00002520       0x60 build/default/production/_ext/508897728/plib_sercom2_i2c_master.o
                0x00002520                SERCOM2_I2C_Initialize

.text.__sinit%53
                0x00002580       0x60
 .text.__sinit  0x00002580       0x60 c:/program files/microchip/xc32/v3.01/bin/bin/../../lib/gcc/pic32c/8.3.1/../../../../pic32c/lib/thumb/v7e-m+fp/hard\libc_nano.a(lib_a-findfp.o)
                0x00002580                __sinit

.text.NVIC_Initialize%54
                0x000025e0       0x5c
 .text.NVIC_Initialize
                0x000025e0       0x5c build/default/production/_ext/1842004841/plib_nvic.o
                0x000025e0                NVIC_Initialize

.text.SERCOM5_USART_Read%55
                0x0000263c       0x58
 .text.SERCOM5_USART_Read
                0x0000263c       0x58 build/default/production/_ext/856162484/plib_sercom5_usart.o
                0x0000263c                SERCOM5_USART_Read

.text._fflush_r%56
                0x00002694       0x54
 .text._fflush_r
                0x00002694       0x54 c:/program files/microchip/xc32/v3.01/bin/bin/../../lib/gcc/pic32c/8.3.1/../../../../pic32c/lib/thumb/v7e-m+fp/hard\libc_nano.a(lib_a-fflush.o)
                0x00002694                _fflush_r

.text.set_power_control_bit%57
                0x000026e8       0x52
 .text.set_power_control_bit
                0x000026e8       0x52 build/default/production/_ext/966843693/bmm150.o

.text.SERCOM2_I2C_InitiateTransfer%58
                0x0000273c       0x4c
 .text.SERCOM2_I2C_InitiateTransfer
                0x0000273c       0x4c build/default/production/_ext/508897728/plib_sercom2_i2c_master.o

.text.bmm150_set_regs%59
                0x00002788       0x4c
 .text.bmm150_set_regs
                0x00002788       0x4c build/default/production/_ext/966843693/bmm150.o
                0x00002788                bmm150_set_regs

.text.__ssfputs_r%60
                0x000027d4       0x4a
 .text.__ssfputs_r
                0x000027d4       0x4a c:/program files/microchip/xc32/v3.01/bin/bin/../../lib/gcc/pic32c/8.3.1/../../../../pic32c/lib/thumb/v7e-m+fp/hard\libc_nano.a(lib_a-__ssfputs.o)
                0x000027d4                __ssfputs_r

.text.SERCOM5_USART_Write%61
                0x00002820       0x48
 .text.SERCOM5_USART_Write
                0x00002820       0x48 build/default/production/_ext/856162484/plib_sercom5_usart.o
                0x00002820                SERCOM5_USART_Write

.text.set_odr%62
                0x00002868       0x48
 .text.set_odr  0x00002868       0x48 build/default/production/_ext/966843693/bmm150.o

.text.set_odr_xyz_rep%63
                0x000028b0       0x48
 .text.set_odr_xyz_rep
                0x000028b0       0x48 build/default/production/_ext/966843693/bmm150.o

.text.set_control_measurement_xyz%64
                0x000028f8       0x48
 .text.set_control_measurement_xyz
                0x000028f8       0x48 build/default/production/_ext/966843693/bmm150.o

.text.__libc_init_array%65
                0x00002940       0x48
 .text.__libc_init_array
                0x00002940       0x48 c:/program files/microchip/xc32/v3.01/bin/bin/../../lib/gcc/pic32c/8.3.1/../../../../pic32c/lib/thumb/v7e-m+fp/hard\libc_nano.a(lib_a-init.o)
                0x00002940                __libc_init_array

.text.std%66    0x00002988       0x48
 .text.std      0x00002988       0x48 c:/program files/microchip/xc32/v3.01/bin/bin/../../lib/gcc/pic32c/8.3.1/../../../../pic32c/lib/thumb/v7e-m+fp/hard\libc_nano.a(lib_a-findfp.o)

.text.__swhatbuf_r%67
                0x000029d0       0x48
 .text.__swhatbuf_r
                0x000029d0       0x48 c:/program files/microchip/xc32/v3.01/bin/bin/../../lib/gcc/pic32c/8.3.1/../../../../pic32c/lib/thumb/v7e-m+fp/hard\libc_nano.a(lib_a-makebuf.o)
                0x000029d0                __swhatbuf_r

.text.bmm150_get_regs%68
                0x00002a18       0x46
 .text.bmm150_get_regs
                0x00002a18       0x46 build/default/production/_ext/966843693/bmm150.o
                0x00002a18                bmm150_get_regs

.text.write_op_mode%69
                0x00002a5e       0x46
 .text.write_op_mode
                0x00002a5e       0x46 build/default/production/_ext/966843693/bmm150.o

.text.SYS_Initialize%70
                0x00002aa4       0x44
 .text.SYS_Initialize
                0x00002aa4       0x44 build/default/production/_ext/1051254511/initialization.o
                0x00002aa4                SYS_Initialize

.text.bmm150_soft_reset%71
                0x00002ae8       0x44
 .text.bmm150_soft_reset
                0x00002ae8       0x44 build/default/production/_ext/966843693/bmm150.o
                0x00002ae8                bmm150_soft_reset

.text.set_adv_self_test_current%72
                0x00002b2c       0x42
 .text.set_adv_self_test_current
                0x00002b2c       0x42 build/default/production/_ext/966843693/bmm150.o

.text%73        0x00002b70       0x40
 .text          0x00002b70       0x40 c:/program files/microchip/xc32/v3.01/bin/bin/../../lib/gcc/pic32c/8.3.1/thumb/v7e-m+fp/hard/crtbegin.o

.text.SYSTICK_DelayMs%74
                0x00002bb0       0x40
 .text.SYSTICK_DelayMs
                0x00002bb0       0x40 build/default/production/_ext/1869207061/plib_systick.o
                0x00002bb0                SYSTICK_DelayMs

.text.write%75  0x00002bf0       0x40
 .text.write    0x00002bf0       0x40 c:/program files/microchip/xc32/v3.01/bin/bin/../../lib/gcc/pic32c/8.3.1/../../../../pic32c/lib/thumb/v7e-m+fp/hard\libpic32c.a(write.o)
                0x00002bf0                write

.text._fwalk_reent%76
                0x00002c30       0x3c
 .text._fwalk_reent
                0x00002c30       0x3c c:/program files/microchip/xc32/v3.01/bin/bin/../../lib/gcc/pic32c/8.3.1/../../../../pic32c/lib/thumb/v7e-m+fp/hard\libc_nano.a(lib_a-fwalk.o)
                0x00002c30                _fwalk_reent

.text.__swrite%77
                0x00002c6c       0x38
 .text.__swrite
                0x00002c6c       0x38 c:/program files/microchip/xc32/v3.01/bin/bin/../../lib/gcc/pic32c/8.3.1/../../../../pic32c/lib/thumb/v7e-m+fp/hard\libc_nano.a(lib_a-stdio.o)
                0x00002c6c                __swrite

.text.PORT_Initialize%78
                0x00002ca4       0x34
 .text.PORT_Initialize
                0x00002ca4       0x34 build/default/production/_ext/1841951690/plib_port.o
                0x00002ca4                PORT_Initialize

.text.SERCOM2_I2C_Write%79
                0x00002cd8       0x34
 .text.SERCOM2_I2C_Write
                0x00002cd8       0x34 build/default/production/_ext/508897728/plib_sercom2_i2c_master.o
                0x00002cd8                SERCOM2_I2C_Write

.text.SERCOM2_I2C_WriteRead%80
                0x00002d0c       0x34
 .text.SERCOM2_I2C_WriteRead
                0x00002d0c       0x34 build/default/production/_ext/508897728/plib_sercom2_i2c_master.o
                0x00002d0c                SERCOM2_I2C_WriteRead

.text.SERCOM5_USART_Initialize%81
                0x00002d40       0x34
 .text.SERCOM5_USART_Initialize
                0x00002d40       0x34 build/default/production/_ext/856162484/plib_sercom5_usart.o
                0x00002d40                SERCOM5_USART_Initialize

.text.bmm_hal_write%82
                0x00002d74       0x34
 .text.bmm_hal_write
                0x00002d74       0x34 build/default/production/_ext/966843693/bmm150.o

.rodata%83      0x00002da8       0x33
 .rodata        0x00002da8       0x33 c:/program files/microchip/xc32/v3.01/bin/bin/../../lib/gcc/pic32c/8.3.1/../../../../pic32c/lib/thumb/v7e-m+fp/hard\libc_nano.a(_lib_a-nano-vfprintf.cdnopsuxX.o)

.text.SERCOM5_USART_ErrorClear%84
                0x00002ddc       0x30
 .text.SERCOM5_USART_ErrorClear
                0x00002ddc       0x30 build/default/production/_ext/856162484/plib_sercom5_usart.o

.text.__sfputc_r%85
                0x00002e0c       0x2e
 .text.__sfputc_r
                0x00002e0c       0x2e c:/program files/microchip/xc32/v3.01/bin/bin/../../lib/gcc/pic32c/8.3.1/../../../../pic32c/lib/thumb/v7e-m+fp/hard\libc_nano.a(lib_a-__ssfputs.o)

.text.EIC_CallbackRegister%86
                0x00002e3c       0x2c
 .text.EIC_CallbackRegister
                0x00002e3c       0x2c build/default/production/_ext/1999091222/plib_eic.o
                0x00002e3c                EIC_CallbackRegister

.text.__sfmoreglue%87
                0x00002e68       0x2c
 .text.__sfmoreglue
                0x00002e68       0x2c c:/program files/microchip/xc32/v3.01/bin/bin/../../lib/gcc/pic32c/8.3.1/../../../../pic32c/lib/thumb/v7e-m+fp/hard\libc_nano.a(lib_a-findfp.o)
                0x00002e68                __sfmoreglue

.text._wcrtomb_r%88
                0x00002e94       0x2c
 .text._wcrtomb_r
                0x00002e94       0x2c c:/program files/microchip/xc32/v3.01/bin/bin/../../lib/gcc/pic32c/8.3.1/../../../../pic32c/lib/thumb/v7e-m+fp/hard\libc_nano.a(lib_a-wcrtomb.o)
                0x00002e94                _wcrtomb_r

.text._sbrk%89  0x00002ec0       0x2c
 .text._sbrk    0x00002ec0       0x2c c:/program files/microchip/xc32/v3.01/bin/bin/../../lib/gcc/pic32c/8.3.1/../../../../pic32c/lib/thumb/v7e-m+fp/hard\libpic32c.a(sbrk.o)
                0x00002ec0                _sbrk

.text.suspend_to_sleep_mode%90
                0x00002eec       0x2a
 .text.suspend_to_sleep_mode
                0x00002eec       0x2a build/default/production/_ext/966843693/bmm150.o

.text.SERCOM2_I2C_IsBusy%91
                0x00002f18       0x28
 .text.SERCOM2_I2C_IsBusy
                0x00002f18       0x28 build/default/production/_ext/508897728/plib_sercom2_i2c_master.o
                0x00002f18                SERCOM2_I2C_IsBusy

.text.null_ptr_check%92
                0x00002f40       0x28
 .text.null_ptr_check
                0x00002f40       0x28 build/default/production/_ext/966843693/bmm150.o

.text.read%93   0x00002f68       0x28
 .text.read     0x00002f68       0x28 c:/program files/microchip/xc32/v3.01/bin/bin/../../lib/gcc/pic32c/8.3.1/../../../../pic32c/lib/thumb/v7e-m+fp/hard\libpic32c.a(read.o)
                0x00002f68                read

.text.EIC_EXTINT_15_InterruptHandler%94
                0x00002f90       0x24
 .text.EIC_EXTINT_15_InterruptHandler
                0x00002f90       0x24 build/default/production/_ext/1999091222/plib_eic.o
                0x00002f90                EIC_EXTINT_15_InterruptHandler

.text.SYSTICK_TimerInitialize%95
                0x00002fb4       0x24
 .text.SYSTICK_TimerInitialize
                0x00002fb4       0x24 build/default/production/_ext/1869207061/plib_systick.o
                0x00002fb4                SYSTICK_TimerInitialize

.text.SysTick_Handler%96
                0x00002fd8       0x24
 .text.SysTick_Handler
                0x00002fd8       0x24 build/default/production/_ext/1869207061/plib_systick.o
                0x00002fd8                SysTick_Handler

.text.bmm_hal_read%97
                0x00002ffc       0x24
 .text.bmm_hal_read
                0x00002ffc       0x24 build/default/production/_ext/966843693/bmm150.o

.text._printf_cdnopsuxX%98
                0x00003020       0x24
 .text._printf_cdnopsuxX
                0x00003020       0x24 c:/program files/microchip/xc32/v3.01/bin/bin/../../lib/gcc/pic32c/8.3.1/../../../../pic32c/lib/thumb/v7e-m+fp/hard\libc_nano.a(_lib_a-printf.cdnopsuxX.o)
                0x00003020                __printf_di
                0x00003020                __printf_s
                0x00003020                _printf_cdnopsuxX

.text.__ascii_mbtowc%99
                0x00003044       0x24
 .text.__ascii_mbtowc
                0x00003044       0x24 c:/program files/microchip/xc32/v3.01/bin/bin/../../lib/gcc/pic32c/8.3.1/../../../../pic32c/lib/thumb/v7e-m+fp/hard\libc_nano.a(lib_a-mbtowc_r.o)
                0x00003044                __ascii_mbtowc

.text.__sseek%100
                0x00003068       0x24
 .text.__sseek  0x00003068       0x24 c:/program files/microchip/xc32/v3.01/bin/bin/../../lib/gcc/pic32c/8.3.1/../../../../pic32c/lib/thumb/v7e-m+fp/hard\libc_nano.a(lib_a-stdio.o)
                0x00003068                __sseek

.text._write_r%101
                0x0000308c       0x24
 .text._write_r
                0x0000308c       0x24 c:/program files/microchip/xc32/v3.01/bin/bin/../../lib/gcc/pic32c/8.3.1/../../../../pic32c/lib/thumb/v7e-m+fp/hard\libc_nano.a(lib_a-writer.o)
                0x0000308c                _write_r

.text._fstat_r%102
                0x000030b0       0x24
 .text._fstat_r
                0x000030b0       0x24 c:/program files/microchip/xc32/v3.01/bin/bin/../../lib/gcc/pic32c/8.3.1/../../../../pic32c/lib/thumb/v7e-m+fp/hard\libc_nano.a(lib_a-fstatr.o)
                0x000030b0                _fstat_r

.text._lseek_r%103
                0x000030d4       0x24
 .text._lseek_r
                0x000030d4       0x24 c:/program files/microchip/xc32/v3.01/bin/bin/../../lib/gcc/pic32c/8.3.1/../../../../pic32c/lib/thumb/v7e-m+fp/hard\libc_nano.a(lib_a-lseekr.o)
                0x000030d4                _lseek_r

.text._read_r%104
                0x000030f8       0x24
 .text._read_r  0x000030f8       0x24 c:/program files/microchip/xc32/v3.01/bin/bin/../../lib/gcc/pic32c/8.3.1/../../../../pic32c/lib/thumb/v7e-m+fp/hard\libc_nano.a(lib_a-readr.o)
                0x000030f8                _read_r

.text.__sread%105
                0x0000311c       0x22
 .text.__sread  0x0000311c       0x22 c:/program files/microchip/xc32/v3.01/bin/bin/../../lib/gcc/pic32c/8.3.1/../../../../pic32c/lib/thumb/v7e-m+fp/hard\libc_nano.a(lib_a-stdio.o)
                0x0000311c                __sread

.text._sbrk_r%106
                0x00003140       0x20
 .text._sbrk_r  0x00003140       0x20 c:/program files/microchip/xc32/v3.01/bin/bin/../../lib/gcc/pic32c/8.3.1/../../../../pic32c/lib/thumb/v7e-m+fp/hard\libc_nano.a(lib_a-sbrkr.o)
                0x00003140                _sbrk_r

.text._close_r%107
                0x00003160       0x20
 .text._close_r
                0x00003160       0x20 c:/program files/microchip/xc32/v3.01/bin/bin/../../lib/gcc/pic32c/8.3.1/../../../../pic32c/lib/thumb/v7e-m+fp/hard\libc_nano.a(lib_a-closer.o)
                0x00003160                _close_r

.text._isatty_r%108
                0x00003180       0x20
 .text._isatty_r
                0x00003180       0x20 c:/program files/microchip/xc32/v3.01/bin/bin/../../lib/gcc/pic32c/8.3.1/../../../../pic32c/lib/thumb/v7e-m+fp/hard\libc_nano.a(lib_a-isattyr.o)
                0x00003180                _isatty_r

.text._mon_getc%109
                0x000031a0       0x1c
 .text._mon_getc
                0x000031a0       0x1c build/default/production/_ext/1413290997/xc32_monitor.o
                0x000031a0                _mon_getc

.text._mon_putc%110
                0x000031bc       0x1c
 .text._mon_putc
                0x000031bc       0x1c build/default/production/_ext/1413290997/xc32_monitor.o
                0x000031bc                _mon_putc

.text.memcpy%111
                0x000031d8       0x1c
 .text.memcpy   0x000031d8       0x1c c:/program files/microchip/xc32/v3.01/bin/bin/../../lib/gcc/pic32c/8.3.1/../../../../pic32c/lib/thumb/v7e-m+fp/hard\libc_nano.a(lib_a-memcpy-stub.o)
                0x000031d8                memcpy

.text._fputwc_r%112
                0x000031f4       0x1c
 .text._fputwc_r
                0x000031f4       0x1c c:/program files/microchip/xc32/v3.01/bin/bin/../../lib/gcc/pic32c/8.3.1/../../../../pic32c/lib/thumb/v7e-m+fp/hard\libc_nano.a(lib_a-fputwc.o)
                0x000031f4                _fputwc_r

.text.__ascii_wctomb%113
                0x00003210       0x1a
 .text.__ascii_wctomb
                0x00003210       0x1a c:/program files/microchip/xc32/v3.01/bin/bin/../../lib/gcc/pic32c/8.3.1/../../../../pic32c/lib/thumb/v7e-m+fp/hard\libc_nano.a(lib_a-wctomb_r.o)
                0x00003210                __ascii_wctomb

.text.SYSTICK_TimerStart%114
                0x0000322c       0x14
 .text.SYSTICK_TimerStart
                0x0000322c       0x14 build/default/production/_ext/1869207061/plib_systick.o
                0x0000322c                SYSTICK_TimerStart

.text._vfprintf_cdnopsuxX%115
                0x00003240       0x14
 .text._vfprintf_cdnopsuxX
                0x00003240       0x14 c:/program files/microchip/xc32/v3.01/bin/bin/../../lib/gcc/pic32c/8.3.1/../../../../pic32c/lib/thumb/v7e-m+fp/hard\libc_nano.a(_lib_a-nano-vfprintf.cdnopsuxX.o)
                0x00003240                _vfprintf_cdnopsuxX

.text.NVMCTRL_Initialize%116
                0x00003254       0x10
 .text.NVMCTRL_Initialize
                0x00003254       0x10 build/default/production/_ext/1634731963/plib_nvmctrl.o
                0x00003254                NVMCTRL_Initialize

.text.puts%117  0x00003264       0x10
 .text.puts     0x00003264       0x10 c:/program files/microchip/xc32/v3.01/bin/bin/../../lib/gcc/pic32c/8.3.1/../../../../pic32c/lib/thumb/v7e-m+fp/hard\libc_nano.a(lib_a-puts.o)
                0x00003264                puts

.text.setbuf%118
                0x00003274       0x10
 .text.setbuf   0x00003274       0x10 c:/program files/microchip/xc32/v3.01/bin/bin/../../lib/gcc/pic32c/8.3.1/../../../../pic32c/lib/thumb/v7e-m+fp/hard\libc_nano.a(lib_a-setbuf.o)
                0x00003274                setbuf

.text.malloc%119
                0x00003284       0x10
 .text.malloc   0x00003284       0x10 c:/program files/microchip/xc32/v3.01/bin/bin/../../lib/gcc/pic32c/8.3.1/../../../../pic32c/lib/thumb/v7e-m+fp/hard\libc_nano.a(lib_a-malloc.o)
                0x00003284                malloc

.text.memset%120
                0x00003294       0x10
 .text.memset   0x00003294       0x10 c:/program files/microchip/xc32/v3.01/bin/bin/../../lib/gcc/pic32c/8.3.1/../../../../pic32c/lib/thumb/v7e-m+fp/hard\libc_nano.a(lib_a-memset.o)
                0x00003294                memset

.text.Switch_Press_Handler%121
                0x000032a4        0xc
 .text.Switch_Press_Handler
                0x000032a4        0xc build/default/production/_ext/1360937237/main_sam_e51_cnano.o

.text._cleanup_r%122
                0x000032b0        0xc
 .text._cleanup_r
                0x000032b0        0xc c:/program files/microchip/xc32/v3.01/bin/bin/../../lib/gcc/pic32c/8.3.1/../../../../pic32c/lib/thumb/v7e-m+fp/hard\libc_nano.a(lib_a-findfp.o)
                0x000032b0                _cleanup_r

.text.__locale_mb_cur_max%123
                0x000032bc        0xc
 .text.__locale_mb_cur_max
                0x000032bc        0xc c:/program files/microchip/xc32/v3.01/bin/bin/../../lib/gcc/pic32c/8.3.1/../../../../pic32c/lib/thumb/v7e-m+fp/hard\libc_nano.a(lib_a-locale.o)
                0x000032bc                __locale_mb_cur_max

.text.fstat%124
                0x000032c8        0xc
 .text.fstat    0x000032c8        0xc c:/program files/microchip/xc32/v3.01/bin/bin/../../lib/gcc/pic32c/8.3.1/../../../../pic32c/lib/thumb/v7e-m+fp/hard\libpic32c.a(fstat.o)
                0x000032c8                fstat

.rodata%125     0x000032d4        0xb
 .rodata        0x000032d4        0xb c:/program files/microchip/xc32/v3.01/bin/bin/../../lib/gcc/pic32c/8.3.1/../../../../pic32c/lib/thumb/v7e-m+fp/hard\libc_nano.a(lib_a-locale.o)

.text.bmm_delay_ms%126
                0x000032e0        0x8
 .text.bmm_delay_ms
                0x000032e0        0x8 build/default/production/_ext/966843693/bmm150.o

.text.__sclose%127
                0x000032e8        0x8
 .text.__sclose