Archive member included to satisfy reference by file (symbol)

c:/program files/microchip/xc32/v3.01/bin/bin/../../lib/gcc/pic32c/8.3.1/../../../../pic32c/lib/thumb/v7e-m+fp/hard\libpic32c.a(data_init.o)
                              build/default/production/_ext/1171490990/startup_xc32.o (__pic32c_data_initialization)
c:/program files/microchip/xc32/v3.01/bin/bin/../../lib/gcc/pic32c/8.3.1/thumb/v7e-m+fp/hard\libgcc.a(_aeabi_uldivmod.o)
                              build/default/production/_ext/504274921/plib_sercom5_usart.o (__aeabi_uldivmod)
c:/program files/microchip/xc32/v3.01/bin/bin/../../lib/gcc/pic32c/8.3.1/thumb/v7e-m+fp/hard\libgcc.a(_udivmoddi4.o)
                              c:/program files/microchip/xc32/v3.01/bin/bin/../../lib/gcc/pic32c/8.3.1/thumb/v7e-m+fp/hard\libgcc.a(_aeabi_uldivmod.o) (__udivmoddi4)
c:/program files/microchip/xc32/v3.01/bin/bin/../../lib/gcc/pic32c/8.3.1/thumb/v7e-m+fp/hard\libgcc.a(_dvmd_tls.o)
                              c:/program files/microchip/xc32/v3.01/bin/bin/../../lib/gcc/pic32c/8.3.1/thumb/v7e-m+fp/hard\libgcc.a(_aeabi_uldivmod.o) (__aeabi_ldiv0)
c:/program files/microchip/xc32/v3.01/bin/bin/../../lib/gcc/pic32c/8.3.1/../../../../pic32c/lib/thumb/v7e-m+fp/hard\libc_nano.a(_lib_a-printf.cdnopuxX.o)
                              (_printf_cdnopuxX)
c:/program files/microchip/xc32/v3.01/bin/bin/../../lib/gcc/pic32c/8.3.1/../../../../pic32c/lib/thumb/v7e-m+fp/hard\libc_nano.a(lib_a-impure.o)
                              build/default/production/_ext/1171490990/initialization.o (_impure_ptr)
c:/program files/microchip/xc32/v3.01/bin/bin/../../lib/gcc/pic32c/8.3.1/../../../../pic32c/lib/thumb/v7e-m+fp/hard\libc_nano.a(lib_a-init.o)
                              build/default/production/_ext/1171490990/startup_xc32.o (__libc_init_array)
c:/program files/microchip/xc32/v3.01/bin/bin/../../lib/gcc/pic32c/8.3.1/../../../../pic32c/lib/thumb/v7e-m+fp/hard\libc_nano.a(lib_a-memcpy-stub.o)
                              build/default/production/_ext/966843693/bmp180.o (memcpy)
c:/program files/microchip/xc32/v3.01/bin/bin/../../lib/gcc/pic32c/8.3.1/../../../../pic32c/lib/thumb/v7e-m+fp/hard\libc_nano.a(lib_a-puts.o)
                              build/default/production/_ext/1360937237/main_sam_e51_cnano.o (puts)
c:/program files/microchip/xc32/v3.01/bin/bin/../../lib/gcc/pic32c/8.3.1/../../../../pic32c/lib/thumb/v7e-m+fp/hard\libc_nano.a(lib_a-setbuf.o)
                              build/default/production/_ext/1171490990/initialization.o (setbuf)
c:/program files/microchip/xc32/v3.01/bin/bin/../../lib/gcc/pic32c/8.3.1/../../../../pic32c/lib/thumb/v7e-m+fp/hard\libc_nano.a(lib_a-setvbuf.o)
                              c:/program files/microchip/xc32/v3.01/bin/bin/../../lib/gcc/pic32c/8.3.1/../../../../pic32c/lib/thumb/v7e-m+fp/hard\libc_nano.a(lib_a-setbuf.o) (setvbuf)
c:/program files/microchip/xc32/v3.01/bin/bin/../../lib/gcc/pic32c/8.3.1/../../../../pic32c/lib/thumb/v7e-m+fp/hard\libc_nano.a(lib_a-wbuf.o)
                              c:/program files/microchip/xc32/v3.01/bin/bin/../../lib/gcc/pic32c/8.3.1/../../../../pic32c/lib/thumb/v7e-m+fp/hard\libc_nano.a(lib_a-puts.o) (__swbuf_r)
c:/program files/microchip/xc32/v3.01/bin/bin/../../lib/gcc/pic32c/8.3.1/../../../../pic32c/lib/thumb/v7e-m+fp/hard\libc_nano.a(lib_a-wsetup.o)
                              c:/program files/microchip/xc32/v3.01/bin/bin/../../lib/gcc/pic32c/8.3.1/../../../../pic32c/lib/thumb/v7e-m+fp/hard\libc_nano.a(lib_a-puts.o) (__swsetup_r)
c:/program files/microchip/xc32/v3.01/bin/bin/../../lib/gcc/pic32c/8.3.1/../../../../pic32c/lib/thumb/v7e-m+fp/hard\libc_nano.a(_lib_a-nano-vfprintf.cdnopuxX.o)
                              c:/program files/microchip/xc32/v3.01/bin/bin/../../lib/gcc/pic32c/8.3.1/../../../../pic32c/lib/thumb/v7e-m+fp/hard\libc_nano.a(_lib_a-printf.cdnopuxX.o) (_vfprintf_cdnopuxX)
c:/program files/microchip/xc32/v3.01/bin/bin/../../lib/gcc/pic32c/8.3.1/../../../../pic32c/lib/thumb/v7e-m+fp/hard\libc_nano.a(lib_a-__ssfputs.o)
                              c:/program files/microchip/xc32/v3.01/bin/bin/../../lib/gcc/pic32c/8.3.1/../../../../pic32c/lib/thumb/v7e-m+fp/hard\libc_nano.a(_lib_a-nano-vfprintf.cdnopuxX.o) (__ssfputs_r)
c:/program files/microchip/xc32/v3.01/bin/bin/../../lib/gcc/pic32c/8.3.1/../../../../pic32c/lib/thumb/v7e-m+fp/hard\libc_nano.a(lib_a-fflush.o)
                              c:/program files/microchip/xc32/v3.01/bin/bin/../../lib/gcc/pic32c/8.3.1/../../../../pic32c/lib/thumb/v7e-m+fp/hard\libc_nano.a(lib_a-setvbuf.o) (_fflush_r)
c:/program files/microchip/xc32/v3.01/bin/bin/../../lib/gcc/pic32c/8.3.1/../../../../pic32c/lib/thumb/v7e-m+fp/hard\libc_nano.a(lib_a-findfp.o)
                              c:/program files/microchip/xc32/v3.01/bin/bin/../../lib/gcc/pic32c/8.3.1/../../../../pic32c/lib/thumb/v7e-m+fp/hard\libc_nano.a(lib_a-puts.o) (__sinit)
[...]
Memory Configuration

Name             Origin             Length             Attributes
rom              0x00000000         0x00100000         xrl
ram              0x20000000         0x00040000         xw !r
tcm              0x03000000         0x00000000         xw
config_00804000  0x00804000         0x00000004
config_00804008  0x00804008         0x00000004
config_00804004  0x00804004         0x00000004
*default*        0x00000000         0xffffffff

Linker script and memory map

LOAD c:/program files/microchip/xc32/v3.01/bin/bin/../../lib/gcc/pic32c/8.3.1/thumb/v7e-m+fp/hard/crti.o
LOAD c:/program files/microchip/xc32/v3.01/bin/bin/../../lib/gcc/pic32c/8.3.1/thumb/v7e-m+fp/hard/crtbegin.o
LOAD build/default/production/_ext/966843693/10dof_example.o
LOAD build/default/production/_ext/966843693/bmp180.o
LOAD build/default/production/_ext/966843693/bno055.o
LOAD build/default/production/_ext/966843693/10dof.o
LOAD build/default/production/_ext/1984496892/plib_clock.o
LOAD build/default/production/_ext/1865131932/plib_cmcc.o
LOAD build/default/production/_ext/60167341/plib_eic.o
LOAD build/default/production/_ext/1986646378/plib_evsys.o
LOAD build/default/production/_ext/1865468468/plib_nvic.o
LOAD build/default/production/_ext/1593096446/plib_nvmctrl.o
LOAD build/default/production/_ext/1865521619/plib_port.o
LOAD build/default/production/_ext/508257091/plib_sercom2_i2c_master.o
LOAD build/default/production/_ext/504274921/plib_sercom5_usart.o
LOAD build/default/production/_ext/1827571544/plib_systick.o
LOAD build/default/production/_ext/163028504/xc32_monitor.o
LOAD build/default/production/_ext/1171490990/initialization.o
LOAD build/default/production/_ext/1171490990/interrupts.o
LOAD build/default/production/_ext/1171490990/exceptions.o
LOAD build/default/production/_ext/1171490990/startup_xc32.o
LOAD build/default/production/_ext/1171490990/libc_syscalls.o
LOAD build/default/production/_ext/1360937237/main_sam_e51_cnano.o
                0x00000001                __MPLAB_BUILD = 0x1
                0x00100000                __rom_end = (ORIGIN (rom) + LENGTH (rom))
                0x20040000                __ram_end = (ORIGIN (ram) + LENGTH (ram))

.config_00804000
                0x00804000        0x4
 *(.config_00804000)
 .config_00804000
                0x00804000        0x4 build/default/production/_ext/1171490990/initialization.o
                0x00804000                __config_00804000

.config_00804008
                0x00804008        0x4
 *(.config_00804008)
 .config_00804008
                0x00804008        0x4 build/default/production/_ext/1171490990/initialization.o
                0x00804008                __config_00804008

.config_00804004
                0x00804004        0x4
 *(.config_00804004)
 .config_00804004
                0x00804004        0x4 build/default/production/_ext/1171490990/initialization.o
                0x00804004                __config_00804004

.vectors        0x00000000      0x260
                0x00000000                . = ALIGN (0x4)
                0x00000000                _sfixed = .
 *(.vectors .vectors.* .vectors_default .vectors_default.*)
 .vectors       0x00000000      0x260 build/default/production/_ext/1171490990/interrupts.o
                0x00000000                exception_table
 *(.isr_vector)
 *(.reset*)
 *(.after_vectors)

.text           0x00000260       0x20
                0x00000260                . = ALIGN (0x4)
 *(.glue_7t)
 .glue_7t       0x00000260        0x0 linker stubs
 *(.glue_7)
 .glue_7        0x00000260        0x0 linker stubs
 *(.gnu.linkonce.r.*)
 *(.ARM.extab* .gnu.linkonce.armextab.*)
                0x00000260                . = ALIGN (0x4)
 *(.init)
 .init          0x00000260        0x4 c:/program files/microchip/xc32/v3.01/bin/bin/../../lib/gcc/pic32c/8.3.1/thumb/v7e-m+fp/hard/crti.o
                0x00000260                _init
 .init          0x00000264        0x8 c:/program files/microchip/xc32/v3.01/bin/bin/../../lib/gcc/pic32c/8.3.1/thumb/v7e-m+fp/hard/crtn.o
                0x0000026c                . = ALIGN (0x4)
                0x0000026c                __preinit_array_start = .
 *(.preinit_array)
                0x0000026c                __preinit_array_end = .
                0x0000026c                . = ALIGN (0x4)
                0x0000026c                __init_array_start = .
 *(SORT_BY_NAME(.init_array.*))
 *(.init_array)
 .init_array    0x0000026c        0x4 c:/program files/microchip/xc32/v3.01/bin/bin/../../lib/gcc/pic32c/8.3.1/thumb/v7e-m+fp/hard/crtbegin.o
                0x00000270                __init_array_end = .
                0x00000270                . = ALIGN (0x4)
 *crtbegin.o(.ctors)
 *(EXCLUDE_FILE(*crtend.o) .ctors)
 *(SORT_BY_NAME(.ctors.*))
 *crtend.o(.ctors)
                0x00000270                . = ALIGN (0x4)
 *(.fini)
 .fini          0x00000270        0x4 c:/program files/microchip/xc32/v3.01/bin/bin/../../lib/gcc/pic32c/8.3.1/thumb/v7e-m+fp/hard/crti.o
                0x00000270                _fini
 .fini          0x00000274        0x8 c:/program files/microchip/xc32/v3.01/bin/bin/../../lib/gcc/pic32c/8.3.1/thumb/v7e-m+fp/hard/crtn.o
                0x0000027c                . = ALIGN (0x4)
                0x0000027c                __fini_array_start = .
 *(.fini_array)
 .fini_array    0x0000027c        0x4 c:/program files/microchip/xc32/v3.01/bin/bin/../../lib/gcc/pic32c/8.3.1/thumb/v7e-m+fp/hard/crtbegin.o
 *(SORT_BY_NAME(.fini_array.*))
                0x00000280                __fini_array_end = .
 *crtbegin.o(.dtors)
 *(EXCLUDE_FILE(*crtend.o) .dtors)
 *(SORT_BY_NAME(.dtors.*))
 *crtend.o(.dtors)
                0x00000280                . = ALIGN (0x4)
                0x00000280                _efixed = .
                [!provide]                PROVIDE (__exidx_start = .)

.ARM.exidx
 *(.ARM.exidx* .gnu.linkonce.armexidx.*)
                [!provide]                PROVIDE (__exidx_end = .)
                0x00000280                . = ALIGN (0x4)
                0x00000280                _etext = .

.bss            0x20000000       0x50
                0x20000000                . = ALIGN (0x4)
                0x20000000                __bss_start__ = .
                0x20000000                _sbss = .
                0x20000000                _szero = .
 *(COMMON)
 COMMON         0x20000000       0x4c build/default/production/_ext/966843693/10dof_example.o
                0x20000000                bno055
                0x20000018                bmp180
 COMMON         0x2000004c        0x4 c:/program files/microchip/xc32/v3.01/bin/bin/../../lib/gcc/pic32c/8.3.1/../../../../pic32c/lib/thumb/v7e-m+fp/hard\libc_nano.a(lib_a-reent.o)
                0x2000004c                errno
                0x20000050                . = ALIGN (0x4)
                0x20000050                __bss_end__ = .
                0x20000050                _ebss = .
                0x20000050                _ezero = .
                0x20000050                . = ALIGN (0x4)
                0x20000050                _end = .
                0x2003ffff                _ram_end_ = ((ORIGIN (ram) + LENGTH (ram)) - 0x1)
                0x00000200                _min_heap_size = 0x200
START GROUP
LOAD c:/program files/microchip/xc32/v3.01/bin/bin/../../lib/gcc/pic32c/8.3.1/../../../../pic32c/lib/thumb/v7e-m+fp/hard\libpic32c.a
LOAD c:/program files/microchip/xc32/v3.01/bin/bin/../../lib/gcc/pic32c/8.3.1/thumb/v7e-m+fp/hard\libgcc.a
LOAD c:/program files/microchip/xc32/v3.01/bin/bin/../../lib/gcc/pic32c/8.3.1/../../../../pic32c/lib/thumb/v7e-m+fp/hard\libm_nano.a
LOAD c:/program files/microchip/xc32/v3.01/bin/bin/../../lib/gcc/pic32c/8.3.1/../../../../pic32c/lib/thumb/v7e-m+fp/hard\libc_nano.a
END GROUP
LOAD c:/program files/microchip/xc32/v3.01/bin/bin/../../lib/gcc/pic32c/8.3.1/thumb/v7e-m+fp/hard/crtend.o
LOAD c:/program files/microchip/xc32/v3.01/bin/bin/../../lib/gcc/pic32c/8.3.1/thumb/v7e-m+fp/hard/crtn.o
OUTPUT(dist/default/production/sam_e51_cnano.X.production.elf elf32-littlearm)
LOAD stack
LOAD data_init

.ARM.attributes
                0x00000000       0x30
 .ARM.attributes
                0x00000000       0x1e c:/program files/microchip/xc32/v3.01/bin/bin/../../lib/gcc/pic32c/8.3.1/thumb/v7e-m+fp/hard/crti.o
 .ARM.attributes
                0x0000001e       0x34 c:/program files/microchip/xc32/v3.01/bin/bin/../../lib/gcc/pic32c/8.3.1/thumb/v7e-m+fp/hard/crtbegin.o
 .ARM.attributes
                0x00000052       0x34 build/default/production/_ext/966843693/10dof_example.o
 .ARM.attributes
                0x00000086       0x34 build/default/production/_ext/966843693/bmp180.o
 .ARM.attributes
                0x000000ba       0x34 build/default/production/_ext/966843693/bno055.o
 .ARM.attributes
                0x000000ee       0x34 build/default/production/_ext/966843693/10dof.o
 .ARM.attributes
                0x00000122       0x34 build/default/production/_ext/1984496892/plib_clock.o
 .ARM.attributes
                0x00000156       0x34 build/default/production/_ext/60167341/plib_eic.o
 .ARM.attributes
                0x0000018a       0x34 build/default/production/_ext/1986646378/plib_evsys.o
 .ARM.attributes
                0x000001be       0x34 build/default/production/_ext/1865468468/plib_nvic.o
 .ARM.attributes
                0x000001f2       0x34 build/default/production/_ext/1593096446/plib_nvmctrl.o
 .ARM.attributes
                0x00000226       0x34 build/default/production/_ext/1865521619/plib_port.o
 .ARM.attributes
                0x0000025a       0x34 build/default/production/_ext/508257091/plib_sercom2_i2c_master.o
 .ARM.attributes
                0x0000028e       0x34 build/default/production/_ext/504274921/plib_sercom5_usart.o
 .ARM.attributes
                0x000002c2       0x34 build/default/production/_ext/1827571544/plib_systick.o
 .ARM.attributes
                0x000002f6       0x34 build/default/production/_ext/163028504/xc32_monitor.o
 .ARM.attributes
                0x0000032a       0x34 build/default/production/_ext/1171490990/initialization.o
 .ARM.attributes
                0x0000035e       0x34 build/default/production/_ext/1171490990/interrupts.o
 .ARM.attributes
                0x00000392       0x34 build/default/production/_ext/1171490990/exceptions.o
 .ARM.attributes
                0x000003c6       0x34 build/default/production/_ext/1171490990/startup_xc32.o
 .ARM.attributes
                0x000003fa       0x34 build/default/production/_ext/1360937237/main_sam_e51_cnano.o
 .ARM.attributes
                0x0000042e       0x34 c:/program files/microchip/xc32/v3.01/bin/bin/../../lib/gcc/pic32c/8.3.1/../../../../pic32c/lib/thumb/v7e-m+fp/hard\libpic32c.a(data_init.o)
 .ARM.attributes
                0x00000462       0x34 c:/program files/microchip/xc32/v3.01/bin/bin/../../lib/gcc/pic32c/8.3.1/../../../../pic32c/lib/thumb/v7e-m+fp/hard\libc_nano.a(_lib_a-printf.cdnopuxX.o)
 .ARM.attributes
                0x00000496       0x32 c:/program files/microchip/xc32/v3.01/bin/bin/../../lib/gcc/pic32c/8.3.1/../../../../pic32c/lib/thumb/v7e-m+fp/hard\libc_nano.a(lib_a-impure.o)
 .ARM.attributes
                0x000004c8       0x34 c:/program files/microchip/xc32/v3.01/bin/bin/../../lib/gcc/pic32c/8.3.1/../../../../pic32c/lib/thumb/v7e-m+fp/hard\libc_nano.a(lib_a-init.o)
 .ARM.attributes
                0x000004fc       0x34 c:/program files/microchip/xc32/v3.01/bin/bin/../../lib/gcc/pic32c/8.3.1/../../../../pic32c/lib/thumb/v7e-m+fp/hard\libc_nano.a(lib_a-memcpy-stub.o)
 .ARM.attributes
                0x00000530       0x34 c:/program files/microchip/xc32/v3.01/bin/bin/../../lib/gcc/pic32c/8.3.1/../../../../pic32c/lib/thumb/v7e-m+fp/hard\libc_nano.a(lib_a-puts.o)
 .ARM.attributes
                0x00000564       0x34 c:/program files/microchip/xc32/v3.01/bin/bin/../../lib/gcc/pic32c/8.3.1/../../../../pic32c/lib/thumb/v7e-m+fp/hard\libc_nano.a(lib_a-setbuf.o)
 .ARM.attributes
                0x00000598       0x34 c:/program files/microchip/xc32/v3.01/bin/bin/../../lib/gcc/pic32c/8.3.1/../../../../pic32c/lib/thumb/v7e-m+fp/hard\libc_nano.a(lib_a-setvbuf.o)
 .ARM.attributes
                0x000005cc       0x34 c:/program files/microchip/xc32/v3.01/bin/bin/../../lib/gcc/pic32c/8.3.1/../../../../pic32c/lib/thumb/v7e-m+fp/hard\libc_nano.a(lib_a-wbuf.o)
 .ARM.attributes
                0x00000600       0x34 c:/program files/microchip/xc32/v3.01/bin/bin/../../lib/gcc/pic32c/8.3.1/../../../../pic32c/lib/thumb/v7e-m+fp/hard\libc_nano.a(lib_a-wsetup.o)
 .ARM.attributes
                0x00000634       0x34 c:/program files/microchip/xc32/v3.01/bin/bin/../../lib/gcc/pic32c/8.3.1/../../../../pic32c/lib/thumb/v7e-m+fp/hard\libc_nano.a(_lib_a-nano-vfprintf.cdnopuxX.o)
 .ARM.attributes
                0x00000668       0x34 c:/program files/microchip/xc32/v3.01/bin/bin/../../lib/gcc/pic32c/8.3.1/../../../../pic32c/lib/thumb/v7e-m+fp/hard\libc_nano.a(lib_a-__ssfputs.o)
 .ARM.attributes
                0x0000069c       0x34 c:/program files/microchip/xc32/v3.01/bin/bin/../../lib/gcc/pic32c/8.3.1/../../../../pic32c/lib/thumb/v7e-m+fp/hard\libc_nano.a(lib_a-fflush.o)
 .ARM.attributes
                0x000006d0       0x34 c:/program files/microchip/xc32/v3.01/bin/bin/../../lib/gcc/pic32c/8.3.1/../../../../pic32c/lib/thumb/v7e-m+fp/hard\libc_nano.a(lib_a-findfp.o)
 .ARM.attributes
                0x00000704       0x34 c:/program files/microchip/xc32/v3.01/bin/bin/../../lib/gcc/pic32c/8.3.1/../../../../pic32c/lib/thumb/v7e-m+fp/hard\libc_nano.a(lib_a-fputwc.o)
 .ARM.attributes
                0x00000738       0x34 c:/program files/microchip/xc32/v3.01/bin/bin/../../lib/gcc/pic32c/8.3.1/../../../../pic32c/lib/thumb/v7e-m+fp/hard\libc_nano.a(lib_a-fwalk.o)
 .ARM.attributes
                0x0000076c       0x34 c:/program files/microchip/xc32/v3.01/bin/bin/../../lib/gcc/pic32c/8.3.1/../../../../pic32c/lib/thumb/v7e-m+fp/hard\libc_nano.a(lib_a-locale.o)
 .ARM.attributes
                0x000007a0       0x34 c:/program files/microchip/xc32/v3.01/bin/bin/../../lib/gcc/pic32c/8.3.1/../../../../pic32c/lib/thumb/v7e-m+fp/hard\libc_nano.a(lib_a-makebuf.o)
 .ARM.attributes
                0x000007d4       0x34 c:/program files/microchip/xc32/v3.01/bin/bin/../../lib/gcc/pic32c/8.3.1/../../../../pic32c/lib/thumb/v7e-m+fp/hard\libc_nano.a(lib_a-malloc.o)
 .ARM.attributes
                0x00000808       0x34 c:/program files/microchip/xc32/v3.01/bin/bin/../../lib/gcc/pic32c/8.3.1/../../../../pic32c/lib/thumb/v7e-m+fp/hard\libc_nano.a(lib_a-mbtowc_r.o)
 .ARM.attributes
                0x0000083c       0x1c c:/program files/microchip/xc32/v3.01/bin/bin/../../lib/gcc/pic32c/8.3.1/../../../../pic32c/lib/thumb/v7e-m+fp/hard\libc_nano.a(lib_a-memchr.o)
 .ARM.attributes
                0x00000858       0x34 c:/program files/microchip/xc32/v3.01/bin/bin/../../lib/gcc/pic32c/8.3.1/../../../../pic32c/lib/thumb/v7e-m+fp/hard\libc_nano.a(lib_a-memset.o)
 .ARM.attributes
                0x0000088c       0x34 c:/program files/microchip/xc32/v3.01/bin/bin/../../lib/gcc/pic32c/8.3.1/../../../../pic32c/lib/thumb/v7e-m+fp/hard\libc_nano.a(lib_a-nano-freer.o)
 .ARM.attributes
                0x000008c0       0x34 c:/program files/microchip/xc32/v3.01/bin/bin/../../lib/gcc/pic32c/8.3.1/../../../../pic32c/lib/thumb/v7e-m+fp/hard\libc_nano.a(lib_a-nano-mallocr.o)
 .ARM.attributes
                0x000008f4       0x34 c:/program files/microchip/xc32/v3.01/bin/bin/../../lib/gcc/pic32c/8.3.1/../../../../pic32c/lib/thumb/v7e-m+fp/hard\libc_nano.a(lib_a-nano-vfprintf_i.o)
 .ARM.attributes
                0x00000928       0x34 c:/program files/microchip/xc32/v3.01/bin/bin/../../lib/gcc/pic32c/8.3.1/../../../../pic32c/lib/thumb/v7e-m+fp/hard\libc_nano.a(lib_a-sbrkr.o)
 .ARM.attributes
                0x0000095c       0x34 c:/program files/microchip/xc32/v3.01/bin/bin/../../lib/gcc/pic32c/8.3.1/../../../../pic32c/lib/thumb/v7e-m+fp/hard\libc_nano.a(lib_a-stdio.o)
 .ARM.attributes
                0x00000990       0x34 c:/program files/microchip/xc32/v3.01/bin/bin/../../lib/gcc/pic32c/8.3.1/../../../../pic32c/lib/thumb/v7e-m+fp/hard\libc_nano.a(lib_a-wcrtomb.o)
 .ARM.attributes
                0x000009c4       0x34 c:/program files/microchip/xc32/v3.01/bin/bin/../../lib/gcc/pic32c/8.3.1/../../../../pic32c/lib/thumb/v7e-m+fp/hard\libc_nano.a(lib_a-wctomb_r.o)
 .ARM.attributes
                0x000009f8       0x34 c:/program files/microchip/xc32/v3.01/bin/bin/../../lib/gcc/pic32c/8.3.1/../../../../pic32c/lib/thumb/v7e-m+fp/hard\libc_nano.a(lib_a-writer.o)
 .ARM.attributes
                0x00000a2c       0x34 c:/program files/microchip/xc32/v3.01/bin/bin/../../lib/gcc/pic32c/8.3.1/../../../../pic32c/lib/thumb/v7e-m+fp/hard\libc_nano.a(lib_a-closer.o)
 .ARM.attributes
                0x00000a60       0x32 c:/program files/microchip/xc32/v3.01/bin/bin/../../lib/gcc/pic32c/8.3.1/../../../../pic32c/lib/thumb/v7e-m+fp/hard\libc_nano.a(lib_a-ctype_.o)
 .ARM.attributes
                0x00000a92       0x34 c:/program files/microchip/xc32/v3.01/bin/bin/../../lib/gcc/pic32c/8.3.1/../../../../pic32c/lib/thumb/v7e-m+fp/hard\libc_nano.a(lib_a-fstatr.o)
 .ARM.attributes
                0x00000ac6       0x34 c:/program files/microchip/xc32/v3.01/bin/bin/../../lib/gcc/pic32c/8.3.1/../../../../pic32c/lib/thumb/v7e-m+fp/hard\libc_nano.a(lib_a-isattyr.o)
 .ARM.attributes
                0x00000afa       0x34 c:/program files/microchip/xc32/v3.01/bin/bin/../../lib/gcc/pic32c/8.3.1/../../../../pic32c/lib/thumb/v7e-m+fp/hard\libc_nano.a(lib_a-lseekr.o)
 .ARM.attributes
                0x00000b2e       0x34 c:/program files/microchip/xc32/v3.01/bin/bin/../../lib/gcc/pic32c/8.3.1/../../../../pic32c/lib/thumb/v7e-m+fp/hard\libc_nano.a(lib_a-mlock.o)
 .ARM.attributes
                0x00000b62       0x34 c:/program files/microchip/xc32/v3.01/bin/bin/../../lib/gcc/pic32c/8.3.1/../../../../pic32c/lib/thumb/v7e-m+fp/hard\libc_nano.a(lib_a-readr.o)
 .ARM.attributes
                0x00000b96       0x34 c:/program files/microchip/xc32/v3.01/bin/bin/../../lib/gcc/pic32c/8.3.1/../../../../pic32c/lib/thumb/v7e-m+fp/hard\libc_nano.a(lib_a-reent.o)
 .ARM.attributes
                0x00000bca       0x34 c:/program files/microchip/xc32/v3.01/bin/bin/../../lib/gcc/pic32c/8.3.1/../../../../pic32c/lib/thumb/v7e-m+fp/hard\libpic32c.a(_close.o)
 .ARM.attributes
                0x00000bfe       0x34 c:/program files/microchip/xc32/v3.01/bin/bin/../../lib/gcc/pic32c/8.3.1/../../../../pic32c/lib/thumb/v7e-m+fp/hard\libpic32c.a(_fstat.o)
 .ARM.attributes
                0x00000c32       0x34 c:/program files/microchip/xc32/v3.01/bin/bin/../../lib/gcc/pic32c/8.3.1/../../../../pic32c/lib/thumb/v7e-m+fp/hard\libpic32c.a(_isatty.o)
 .ARM.attributes
                0x00000c66       0x34 c:/program files/microchip/xc32/v3.01/bin/bin/../../lib/gcc/pic32c/8.3.1/../../../../pic32c/lib/thumb/v7e-m+fp/hard\libpic32c.a(_lseek.o)
 .ARM.attributes
                0x00000c9a       0x34 c:/program files/microchip/xc32/v3.01/bin/bin/../../lib/gcc/pic32c/8.3.1/../../../../pic32c/lib/thumb/v7e-m+fp/hard\libpic32c.a(_read.o)
 .ARM.attributes
                0x00000cce       0x34 c:/program files/microchip/xc32/v3.01/bin/bin/../../lib/gcc/pic32c/8.3.1/../../../../pic32c/lib/thumb/v7e-m+fp/hard\libpic32c.a(sbrk.o)
 .ARM.attributes
                0x00000d02       0x34 c:/program files/microchip/xc32/v3.01/bin/bin/../../lib/gcc/pic32c/8.3.1/../../../../pic32c/lib/thumb/v7e-m+fp/hard\libpic32c.a(_write.o)
 .ARM.attributes
                0x00000d36       0x34 c:/program files/microchip/xc32/v3.01/bin/bin/../../lib/gcc/pic32c/8.3.1/../../../../pic32c/lib/thumb/v7e-m+fp/hard\libpic32c.a(close.o)
 .ARM.attributes
                0x00000d6a       0x34 c:/program files/microchip/xc32/v3.01/bin/bin/../../lib/gcc/pic32c/8.3.1/../../../../pic32c/lib/thumb/v7e-m+fp/hard\libpic32c.a(fstat.o)
 .ARM.attributes
                0x00000d9e       0x34 c:/program files/microchip/xc32/v3.01/bin/bin/../../lib/gcc/pic32c/8.3.1/../../../../pic32c/lib/thumb/v7e-m+fp/hard\libpic32c.a(isatty.o)
 .ARM.attributes
                0x00000dd2       0x34 c:/program files/microchip/xc32/v3.01/bin/bin/../../lib/gcc/pic32c/8.3.1/../../../../pic32c/lib/thumb/v7e-m+fp/hard\libpic32c.a(lseek.o)
 .ARM.attributes
                0x00000e06       0x34 c:/program files/microchip/xc32/v3.01/bin/bin/../../lib/gcc/pic32c/8.3.1/../../../../pic32c/lib/thumb/v7e-m+fp/hard\libpic32c.a(read.o)
 .ARM.attributes
                0x00000e3a       0x34 c:/program files/microchip/xc32/v3.01/bin/bin/../../lib/gcc/pic32c/8.3.1/../../../../pic32c/lib/thumb/v7e-m+fp/hard\libpic32c.a(write.o)
 .ARM.attributes
                0x00000e6e       0x1e c:/program files/microchip/xc32/v3.01/bin/bin/../../lib/gcc/pic32c/8.3.1/thumb/v7e-m+fp/hard/crtn.o

.comment        0x00000000       0x53
 .comment       0x00000000       0x53 c:/program files/microchip/xc32/v3.01/bin/bin/../../lib/gcc/pic32c/8.3.1/thumb/v7e-m+fp/hard/crtbegin.o
                                 0x54 (size before relaxing)
 .comment       0x00000053       0x54 build/default/production/_ext/966843693/10dof_example.o
 .comment       0x00000053       0x54 build/default/production/_ext/966843693/bmp180.o
 .comment       0x00000053       0x54 build/default/production/_ext/966843693/bno055.o
 .comment       0x00000053       0x54 build/default/production/_ext/966843693/10dof.o
 .comment       0x00000053       0x54 build/default/production/_ext/1984496892/plib_clock.o
 .comment       0x00000053       0x54 build/default/production/_ext/60167341/plib_eic.o
 .comment       0x00000053       0x54 build/default/production/_ext/1986646378/plib_evsys.o
 .comment       0x00000053       0x54 build/default/production/_ext/1865468468/plib_nvic.o
 .comment       0x00000053       0x54 build/default/production/_ext/1593096446/plib_nvmctrl.o
 .comment       0x00000053       0x54 build/default/production/_ext/1865521619/plib_port.o
 .comment       0x00000053       0x54 build/default/production/_ext/508257091/plib_sercom2_i2c_master.o
 .comment       0x00000053       0x54 build/default/production/_ext/504274921/plib_sercom5_usart.o
 .comment       0x00000053       0x54 build/default/production/_ext/1827571544/plib_systick.o
 .comment       0x00000053       0x54 build/default/production/_ext/163028504/xc32_monitor.o
 .comment       0x00000053       0x54 build/default/production/_ext/1171490990/initialization.o
 .comment       0x00000053       0x54 build/default/production/_ext/1171490990/interrupts.o
 .comment       0x00000053       0x54 build/default/production/_ext/1171490990/exceptions.o
 .comment       0x00000053       0x54 build/default/production/_ext/1171490990/startup_xc32.o
 .comment       0x00000053       0x54 build/default/production/_ext/1360937237/main_sam_e51_cnano.o
 .comment       0x00000053       0x54 c:/program files/microchip/xc32/v3.01/bin/bin/../../lib/gcc/pic32c/8.3.1/../../../../pic32c/lib/thumb/v7e-m+fp/hard\libpic32c.a(data_init.o)
 .comment       0x00000053       0x54 c:/program files/microchip/xc32/v3.01/bin/bin/../../lib/gcc/pic32c/8.3.1/../../../../pic32c/lib/thumb/v7e-m+fp/hard\libc_nano.a(_lib_a-printf.cdnopuxX.o)
 .comment       0x00000053       0x54 c:/program files/microchip/xc32/v3.01/bin/bin/../../lib/gcc/pic32c/8.3.1/../../../../pic32c/lib/thumb/v7e-m+fp/hard\libc_nano.a(lib_a-impure.o)
 .comment       0x00000053       0x54 c:/program files/microchip/xc32/v3.01/bin/bin/../../lib/gcc/pic32c/8.3.1/../../../../pic32c/lib/thumb/v7e-m+fp/hard\libc_nano.a(lib_a-init.o)
 .comment       0x00000053       0x54 c:/program files/microchip/xc32/v3.01/bin/bin/../../lib/gcc/pic32c/8.3.1/../../../../pic32c/lib/thumb/v7e-m+fp/hard\libc_nano.a(lib_a-memcpy-stub.o)
 .comment       0x00000053       0x54 c:/program files/microchip/xc32/v3.01/bin/bin/../../lib/gcc/pic32c/8.3.1/../../../../pic32c/lib/thumb/v7e-m+fp/hard\libc_nano.a(lib_a-puts.o)
 .comment       0x00000053       0x54 c:/program files/microchip/xc32/v3.01/bin/bin/../../lib/gcc/pic32c/8.3.1/../../../../pic32c/lib/thumb/v7e-m+fp/hard\libc_nano.a(lib_a-setbuf.o)
 .comment       0x00000053       0x54 c:/program files/microchip/xc32/v3.01/bin/bin/../../lib/gcc/pic32c/8.3.1/../../../../pic32c/lib/thumb/v7e-m+fp/hard\libc_nano.a(lib_a-setvbuf.o)
 .comment       0x00000053       0x54 c:/program files/microchip/xc32/v3.01/bin/bin/../../lib/gcc/pic32c/8.3.1/../../../../pic32c/lib/thumb/v7e-m+fp/hard\libc_nano.a(lib_a-wbuf.o)
 .comment       0x00000053       0x54 c:/program files/microchip/xc32/v3.01/bin/bin/../../lib/gcc/pic32c/8.3.1/../../../../pic32c/lib/thumb/v7e-m+fp/hard\libc_nano.a(lib_a-wsetup.o)
 .comment       0x00000053       0x54 c:/program files/microchip/xc32/v3.01/bin/bin/../../lib/gcc/pic32c/8.3.1/../../../../pic32c/lib/thumb/v7e-m+fp/hard\libc_nano.a(_lib_a-nano-vfprintf.cdnopuxX.o)
 .comment       0x00000053       0x54 c:/program files/microchip/xc32/v3.01/bin/bin/../../lib/gcc/pic32c/8.3.1/../../../../pic32c/lib/thumb/v7e-m+fp/hard\libc_nano.a(lib_a-__ssfputs.o)
 .comment       0x00000053       0x54 c:/program files/microchip/xc32/v3.01/bin/bin/../../lib/gcc/pic32c/8.3.1/../../../../pic32c/lib/thumb/v7e-m+fp/hard\libc_nano.a(lib_a-fflush.o)
 .comment       0x00000053       0x54 c:/program files/microchip/xc32/v3.01/bin/bin/../../lib/gcc/pic32c/8.3.1/../../../../pic32c/lib/thumb/v7e-m+fp/hard\libc_nano.a(lib_a-findfp.o)
 .comment       0x00000053       0x54 c:/program files/microchip/xc32/v3.01/bin/bin/../../lib/gcc/pic32c/8.3.1/../../../../pic32c/lib/thumb/v7e-m+fp/hard\libc_nano.a(lib_a-fputwc.o)
 .comment       0x00000053       0x54 c:/program files/microchip/xc32/v3.01/bin/bin/../../lib/gcc/pic32c/8.3.1/../../../../pic32c/lib/thumb/v7e-m+fp/hard\libc_nano.a(lib_a-fwalk.o)
 .comment       0x00000053       0x54 c:/program files/microchip/xc32/v3.01/bin/bin/../../lib/gcc/pic32c/8.3.1/../../../../pic32c/lib/thumb/v7e-m+fp/hard\libc_nano.a(lib_a-locale.o)
 .comment       0x00000053       0x54 c:/program files/microchip/xc32/v3.01/bin/bin/../../lib/gcc/pic32c/8.3.1/../../../../pic32c/lib/thumb/v7e-m+fp/hard\libc_nano.a(lib_a-makebuf.o)
 .comment       0x00000053       0x54 c:/program files/microchip/xc32/v3.01/bin/bin/../../lib/gcc/pic32c/8.3.1/../../../../pic32c/lib/thumb/v7e-m+fp/hard\libc_nano.a(lib_a-malloc.o)
 .comment       0x00000053       0x54 c:/program files/microchip/xc32/v3.01/bin/bin/../../lib/gcc/pic32c/8.3.1/../../../../pic32c/lib/thumb/v7e-m+fp/hard\libc_nano.a(lib_a-mbtowc_r.o)
 .comment       0x00000053       0x54 c:/program files/microchip/xc32/v3.01/bin/bin/../../lib/gcc/pic32c/8.3.1/../../../../pic32c/lib/thumb/v7e-m+fp/hard\libc_nano.a(lib_a-memset.o)
 .comment       0x00000053       0x54 c:/program files/microchip/xc32/v3.01/bin/bin/../../lib/gcc/pic32c/8.3.1/../../../../pic32c/lib/thumb/v7e-m+fp/hard\libc_nano.a(lib_a-nano-freer.o)
 .comment       0x00000053       0x54 c:/program files/microchip/xc32/v3.01/bin/bin/../../lib/gcc/pic32c/8.3.1/../../../../pic32c/lib/thumb/v7e-m+fp/hard\libc_nano.a(lib_a-nano-mallocr.o)
 .comment       0x00000053       0x54 c:/program files/microchip/xc32/v3.01/bin/bin/../../lib/gcc/pic32c/8.3.1/../../../../pic32c/lib/thumb/v7e-m+fp/hard\libc_nano.a(lib_a-nano-vfprintf_i.o)
 .comment       0x00000053       0x54 c:/program files/microchip/xc32/v3.01/bin/bin/../../lib/gcc/pic32c/8.3.1/../../../../pic32c/lib/thumb/v7e-m+fp/hard\libc_nano.a(lib_a-sbrkr.o)
 .comment       0x00000053       0x54 c:/program files/microchip/xc32/v3.01/bin/bin/../../lib/gcc/pic32c/8.3.1/../../../../pic32c/lib/thumb/v7e-m+fp/hard\libc_nano.a(lib_a-stdio.o)
 .comment       0x00000053       0x54 c:/program files/microchip/xc32/v3.01/bin/bin/../../lib/gcc/pic32c/8.3.1/../../../../pic32c/lib/thumb/v7e-m+fp/hard\libc_nano.a(lib_a-wcrtomb.o)
 .comment       0x00000053       0x54 c:/program files/microchip/xc32/v3.01/bin/bin/../../lib/gcc/pic32c/8.3.1/../../../../pic32c/lib/thumb/v7e-m+fp/hard\libc_nano.a(lib_a-wctomb_r.o)
 .comment       0x00000053       0x54 c:/program files/microchip/xc32/v3.01/bin/bin/../../lib/gcc/pic32c/8.3.1/../../../../pic32c/lib/thumb/v7e-m+fp/hard\libc_nano.a(lib_a-writer.o)
 .comment       0x00000053       0x54 c:/program files/microchip/xc32/v3.01/bin/bin/../../lib/gcc/pic32c/8.3.1/../../../../pic32c/lib/thumb/v7e-m+fp/hard\libc_nano.a(lib_a-closer.o)
 .comment       0x00000053       0x54 c:/program files/microchip/xc32/v3.01/bin/bin/../../lib/gcc/pic32c/8.3.1/../../../../pic32c/lib/thumb/v7e-m+fp/hard\libc_nano.a(lib_a-ctype_.o)
 .comment       0x00000053       0x54 c:/program files/microchip/xc32/v3.01/bin/bin/../../lib/gcc/pic32c/8.3.1/../../../../pic32c/lib/thumb/v7e-m+fp/hard\libc_nano.a(lib_a-fstatr.o)
 .comment       0x00000053       0x54 c:/program files/microchip/xc32/v3.01/bin/bin/../../lib/gcc/pic32c/8.3.1/../../../../pic32c/lib/thumb/v7e-m+fp/hard\libc_nano.a(lib_a-isattyr.o)
 .comment       0x00000053       0x54 c:/program files/microchip/xc32/v3.01/bin/bin/../../lib/gcc/pic32c/8.3.1/../../../../pic32c/lib/thumb/v7e-m+fp/hard\libc_nano.a(lib_a-lseekr.o)
 .comment       0x00000053       0x54 c:/program files/microchip/xc32/v3.01/bin/bin/../../lib/gcc/pic32c/8.3.1/../../../../pic32c/lib/thumb/v7e-m+fp/hard\libc_nano.a(lib_a-mlock.o)
 .comment       0x00000053       0x54 c:/program files/microchip/xc32/v3.01/bin/bin/../../lib/gcc/pic32c/8.3.1/../../../../pic32c/lib/thumb/v7e-m+fp/hard\libc_nano.a(lib_a-readr.o)
 .comment       0x00000053       0x54 c:/program files/microchip/xc32/v3.01/bin/bin/../../lib/gcc/pic32c/8.3.1/../../../../pic32c/lib/thumb/v7e-m+fp/hard\libc_nano.a(lib_a-reent.o)
 .comment       0x00000053       0x54 c:/program files/microchip/xc32/v3.01/bin/bin/../../lib/gcc/pic32c/8.3.1/../../../../pic32c/lib/thumb/v7e-m+fp/hard\libpic32c.a(_close.o)
 .comment       0x00000053       0x54 c:/program files/microchip/xc32/v3.01/bin/bin/../../lib/gcc/pic32c/8.3.1/../../../../pic32c/lib/thumb/v7e-m+fp/hard\libpic32c.a(_fstat.o)
 .comment       0x00000053       0x54 c:/program files/microchip/xc32/v3.01/bin/bin/../../lib/gcc/pic32c/8.3.1/../../../../pic32c/lib/thumb/v7e-m+fp/hard\libpic32c.a(_isatty.o)
 .comment       0x00000053       0x54 c:/program files/microchip/xc32/v3.01/bin/bin/../../lib/gcc/pic32c/8.3.1/../../../../pic32c/lib/thumb/v7e-m+fp/hard\libpic32c.a(_lseek.o)
 .comment       0x00000053       0x54 c:/program files/microchip/xc32/v3.01/bin/bin/../../lib/gcc/pic32c/8.3.1/../../../../pic32c/lib/thumb/v7e-m+fp/hard\libpic32c.a(_read.o)
 .comment       0x00000053       0x54 c:/program files/microchip/xc32/v3.01/bin/bin/../../lib/gcc/pic32c/8.3.1/../../../../pic32c/lib/thumb/v7e-m+fp/hard\libpic32c.a(sbrk.o)
 .comment       0x00000053       0x54 c:/program files/microchip/xc32/v3.01/bin/bin/../../lib/gcc/pic32c/8.3.1/../../../../pic32c/lib/thumb/v7e-m+fp/hard\libpic32c.a(_write.o)
 .comment       0x00000053       0x54 c:/program files/microchip/xc32/v3.01/bin/bin/../../lib/gcc/pic32c/8.3.1/../../../../pic32c/lib/thumb/v7e-m+fp/hard\libpic32c.a(close.o)
 .comment       0x00000053       0x54 c:/program files/microchip/xc32/v3.01/bin/bin/../../lib/gcc/pic32c/8.3.1/../../../../pic32c/lib/thumb/v7e-m+fp/hard\libpic32c.a(fstat.o)
 .comment       0x00000053       0x54 c:/program files/microchip/xc32/v3.01/bin/bin/../../lib/gcc/pic32c/8.3.1/../../../../pic32c/lib/thumb/v7e-m+fp/hard\libpic32c.a(isatty.o)
 .comment       0x00000053       0x54 c:/program files/microchip/xc32/v3.01/bin/bin/../../lib/gcc/pic32c/8.3.1/../../../../pic32c/lib/thumb/v7e-m+fp/hard\libpic32c.a(lseek.o)
 .comment       0x00000053       0x54 c:/program files/microchip/xc32/v3.01/bin/bin/../../lib/gcc/pic32c/8.3.1/../../../../pic32c/lib/thumb/v7e-m+fp/hard\libpic32c.a(read.o)
 .comment       0x00000053       0x54 c:/program files/microchip/xc32/v3.01/bin/bin/../../lib/gcc/pic32c/8.3.1/../../../../pic32c/lib/thumb/v7e-m+fp/hard\libpic32c.a(write.o)

.debug_info     0x00000000    0x186e8
 .debug_info    0x00000000     0x15cd build/default/production/_ext/966843693/10dof_example.o
 .debug_info    0x000015cd     0x1a3d build/default/production/_ext/966843693/bmp180.o
 .debug_info    0x0000300a     0x1efe build/default/production/_ext/966843693/bno055.o
 .debug_info    0x00004f08     0x1807 build/default/production/_ext/966843693/10dof.o
 .debug_info    0x0000670f      0xbf7 build/default/production/_ext/1984496892/plib_clock.o
 .debug_info    0x00007306      0x7bb build/default/production/_ext/60167341/plib_eic.o
 .debug_info    0x00007ac1      0x37d build/default/production/_ext/1986646378/plib_evsys.o
 .debug_info    0x00007e3e     0x150c build/default/production/_ext/1865468468/plib_nvic.o
 .debug_info    0x0000934a     0x1883 build/default/production/_ext/1593096446/plib_nvmctrl.o
 .debug_info    0x0000abcd      0xe45 build/default/production/_ext/1865521619/plib_port.o
 .debug_info    0x0000ba12     0x1915 build/default/production/_ext/508257091/plib_sercom2_i2c_master.o
 .debug_info    0x0000d327     0x15c6 build/default/production/_ext/504274921/plib_sercom5_usart.o
 .debug_info    0x0000e8ed      0x737 build/default/production/_ext/1827571544/plib_systick.o
 .debug_info    0x0000f024      0xfed build/default/production/_ext/163028504/xc32_monitor.o
 .debug_info    0x00010011     0x1067 build/default/production/_ext/1171490990/initialization.o
 .debug_info    0x00011078     0x2282 build/default/production/_ext/1171490990/interrupts.o
 .debug_info    0x000132fa      0xfda build/default/production/_ext/1171490990/exceptions.o
 .debug_info    0x000142d4      0x986 build/default/production/_ext/1171490990/startup_xc32.o
 .debug_info    0x00014c5a     0x14bd build/default/production/_ext/1360937237/main_sam_e51_cnano.o
 .debug_info    0x00016117      0x2cd c:/program files/microchip/xc32/v3.01/bin/bin/../../lib/gcc/pic32c/8.3.1/../../../../pic32c/lib/thumb/v7e-m+fp/hard\libpic32c.a(data_init.o)
 .debug_info    0x000163e4      0x2b2 c:/program files/microchip/xc32/v3.01/bin/bin/../../lib/gcc/pic32c/8.3.1/../../../../pic32c/lib/thumb/v7e-m+fp/hard\libpic32c.a(_close.o)
 .debug_info    0x00016696      0x2b2 c:/program files/microchip/xc32/v3.01/bin/bin/../../lib/gcc/pic32c/8.3.1/../../../../pic32c/lib/thumb/v7e-m+fp/hard\libpic32c.a(_fstat.o)
 .debug_info    0x00016948      0x2b4 c:/program files/microchip/xc32/v3.01/bin/bin/../../lib/gcc/pic32c/8.3.1/../../../../pic32c/lib/thumb/v7e-m+fp/hard\libpic32c.a(_isatty.o)
 .debug_info    0x00016bfc      0x2b2 c:/program files/microchip/xc32/v3.01/bin/bin/../../lib/gcc/pic32c/8.3.1/../../../../pic32c/lib/thumb/v7e-m+fp/hard\libpic32c.a(_lseek.o)
 .debug_info    0x00016eae      0x2b0 c:/program files/microchip/xc32/v3.01/bin/bin/../../lib/gcc/pic32c/8.3.1/../../../../pic32c/lib/thumb/v7e-m+fp/hard\libpic32c.a(_read.o)
 .debug_info    0x0001715e      0x2b0 c:/program files/microchip/xc32/v3.01/bin/bin/../../lib/gcc/pic32c/8.3.1/../../../../pic32c/lib/thumb/v7e-m+fp/hard\libpic32c.a(sbrk.o)
 .debug_info    0x0001740e      0x2b2 c:/program files/microchip/xc32/v3.01/bin/bin/../../lib/gcc/pic32c/8.3.1/../../../../pic32c/lib/thumb/v7e-m+fp/hard\libpic32c.a(_write.o)
 .debug_info    0x000176c0      0x2b1 c:/program files/microchip/xc32/v3.01/bin/bin/../../lib/gcc/pic32c/8.3.1/../../../../pic32c/lib/thumb/v7e-m+fp/hard\libpic32c.a(close.o)
 .debug_info    0x00017971      0x2b1 c:/program files/microchip/xc32/v3.01/bin/bin/../../lib/gcc/pic32c/8.3.1/../../../../pic32c/lib/thumb/v7e-m+fp/hard\libpic32c.a(fstat.o)
 .debug_info    0x00017c22      0x2b3 c:/program files/microchip/xc32/v3.01/bin/bin/../../lib/gcc/pic32c/8.3.1/../../../../pic32c/lib/thumb/v7e-m+fp/hard\libpic32c.a(isatty.o)
 .debug_info    0x00017ed5      0x2b1 c:/program files/microchip/xc32/v3.01/bin/bin/../../lib/gcc/pic32c/8.3.1/../../../../pic32c/lib/thumb/v7e-m+fp/hard\libpic32c.a(lseek.o)
 .debug_info    0x00018186      0x2b0 c:/program files/microchip/xc32/v3.01/bin/bin/../../lib/gcc/pic32c/8.3.1/../../../../pic32c/lib/thumb/v7e-m+fp/hard\libpic32c.a(read.o)
 .debug_info    0x00018436      0x2b2 c:/program files/microchip/xc32/v3.01/bin/bin/../../lib/gcc/pic32c/8.3.1/../../../../pic32c/lib/thumb/v7e-m+fp/hard\libpic32c.a(write.o)

.debug_abbrev   0x00000000     0x2d7b
 .debug_abbrev  0x00000000      0x22f build/default/production/_ext/966843693/10dof_example.o
 .debug_abbrev  0x0000022f      0x3a6 build/default/production/_ext/966843693/bmp180.o
 .debug_abbrev  0x000005d5      0x373 build/default/production/_ext/966843693/bno055.o
 .debug_abbrev  0x00000948      0x297 build/default/production/_ext/966843693/10dof.o
 .debug_abbrev  0x00000bdf      0x135 build/default/production/_ext/1984496892/plib_clock.o
 .debug_abbrev  0x00000d14      0x1ab build/default/production/_ext/60167341/plib_eic.o
 .debug_abbrev  0x00000ebf       0x64 build/default/production/_ext/1986646378/plib_evsys.o
 .debug_abbrev  0x00000f23      0x217 build/default/production/_ext/1865468468/plib_nvic.o
 .debug_abbrev  0x0000113a      0x30a build/default/production/_ext/1593096446/plib_nvmctrl.o
 .debug_abbrev  0x00001444      0x1e9 build/default/production/_ext/1865521619/plib_port.o
 .debug_abbrev  0x0000162d      0x3d3 build/default/production/_ext/508257091/plib_sercom2_i2c_master.o
 .debug_abbrev  0x00001a00      0x2b4 build/default/production/_ext/504274921/plib_sercom5_usart.o
 .debug_abbrev  0x00001cb4      0x1c0 build/default/production/_ext/1827571544/plib_systick.o
 .debug_abbrev  0x00001e74      0x22d build/default/production/_ext/163028504/xc32_monitor.o
 .debug_abbrev  0x000020a1      0x253 build/default/production/_ext/1171490990/initialization.o
 .debug_abbrev  0x000022f4      0x1cc build/default/production/_ext/1171490990/interrupts.o
 .debug_abbrev  0x000024c0      0x1ac build/default/production/_ext/1171490990/exceptions.o
 .debug_abbrev  0x0000266c      0x209 build/default/production/_ext/1171490990/startup_xc32.o
 .debug_abbrev  0x00002875      0x294 build/default/production/_ext/1360937237/main_sam_e51_cnano.o
 .debug_abbrev  0x00002b09       0x2e c:/program files/microchip/xc32/v3.01/bin/bin/../../lib/gcc/pic32c/8.3.1/../../../../pic32c/lib/thumb/v7e-m+fp/hard\libpic32c.a(data_init.o)
 .debug_abbrev  0x00002b37       0x2b c:/program files/microchip/xc32/v3.01/bin/bin/../../lib/gcc/pic32c/8.3.1/../../../../pic32c/lib/thumb/v7e-m+fp/hard\libpic32c.a(_close.o)
 .debug_abbrev  0x00002b62       0x2b c:/program files/microchip/xc32/v3.01/bin/bin/../../lib/gcc/pic32c/8.3.1/../../../../pic32c/lib/thumb/v7e-m+fp/hard\libpic32c.a(_fstat.o)
 .debug_abbrev  0x00002b8d       0x2b c:/program files/microchip/xc32/v3.01/bin/bin/../../lib/gcc/pic32c/8.3.1/../../../../pic32c/lib/thumb/v7e-m+fp/hard\libpic32c.a(_isatty.o)
 .debug_abbrev  0x00002bb8       0x2b c:/program files/microchip/xc32/v3.01/bin/bin/../../lib/gcc/pic32c/8.3.1/../../../../pic32c/lib/thumb/v7e-m+fp/hard\libpic32c.a(_lseek.o)
 .debug_abbrev  0x00002be3       0x2b c:/program files/microchip/xc32/v3.01/bin/bin/../../lib/gcc/pic32c/8.3.1/../../../../pic32c/lib/thumb/v7e-m+fp/hard\libpic32c.a(_read.o)
 .debug_abbrev  0x00002c0e       0x2e c:/program files/microchip/xc32/v3.01/bin/bin/../../lib/gcc/pic32c/8.3.1/../../../../pic32c/lib/thumb/v7e-m+fp/hard\libpic32c.a(sbrk.o)
 .debug_abbrev  0x00002c3c       0x2b c:/program files/microchip/xc32/v3.01/bin/bin/../../lib/gcc/pic32c/8.3.1/../../../../pic32c/lib/thumb/v7e-m+fp/hard\libpic32c.a(_write.o)
 .debug_abbrev  0x00002c67       0x2e c:/program files/microchip/xc32/v3.01/bin/bin/../../lib/gcc/pic32c/8.3.1/../../../../pic32c/lib/thumb/v7e-m+fp/hard\libpic32c.a(close.o)
 .debug_abbrev  0x00002c95       0x2e c:/program files/microchip/xc32/v3.01/bin/bin/../../lib/gcc/pic32c/8.3.1/../../../../pic32c/lib/thumb/v7e-m+fp/hard\libpic32c.a(fstat.o)
 .debug_abbrev  0x00002cc3       0x2e c:/program files/microchip/xc32/v3.01/bin/bin/../../lib/gcc/pic32c/8.3.1/../../../../pic32c/lib/thumb/v7e-m+fp/hard\libpic32c.a(isatty.o)
 .debug_abbrev  0x00002cf1       0x2e c:/program files/microchip/xc32/v3.01/bin/bin/../../lib/gcc/pic32c/8.3.1/../../../../pic32c/lib/thumb/v7e-m+fp/hard\libpic32c.a(lseek.o)
 .debug_abbrev  0x00002d1f       0x2e c:/program files/microchip/xc32/v3.01/bin/bin/../../lib/gcc/pic32c/8.3.1/../../../../pic32c/lib/thumb/v7e-m+fp/hard\libpic32c.a(read.o)
 .debug_abbrev  0x00002d4d       0x2e c:/program files/microchip/xc32/v3.01/bin/bin/../../lib/gcc/pic32c/8.3.1/../../../../pic32c/lib/thumb/v7e-m+fp/hard\libpic32c.a(write.o)

.debug_loc      0x00000000     0x4138
 .debug_loc     0x00000000       0x38 build/default/production/_ext/966843693/10dof_example.o
 .debug_loc     0x00000038      0xf2a build/default/production/_ext/966843693/bmp180.o
 .debug_loc     0x00000f62      0xf52 build/default/production/_ext/966843693/bno055.o
 .debug_loc     0x00001eb4      0x1c7 build/default/production/_ext/966843693/10dof.o
 .debug_loc     0x0000207b       0xa2 build/default/production/_ext/60167341/plib_eic.o
 .debug_loc     0x0000211d      0x1c5 build/default/production/_ext/1865468468/plib_nvic.o
 .debug_loc     0x000022e2      0x4bf build/default/production/_ext/1593096446/plib_nvmctrl.o
 .debug_loc     0x000027a1      0x1bc build/default/production/_ext/1865521619/plib_port.o
 .debug_loc     0x0000295d      0xd26 build/default/production/_ext/508257091/plib_sercom2_i2c_master.o
 .debug_loc     0x00003683      0x7d8 build/default/production/_ext/504274921/plib_sercom5_usart.o
 .debug_loc     0x00003e5b       0xec build/default/production/_ext/1827571544/plib_systick.o
 .debug_loc     0x00003f47       0xf0 build/default/production/_ext/163028504/xc32_monitor.o
 .debug_loc     0x00004037       0x45 build/default/production/_ext/1171490990/initialization.o
 .debug_loc     0x0000407c       0x60 build/default/production/_ext/1171490990/startup_xc32.o
 .debug_loc     0x000040dc       0x20 build/default/production/_ext/1360937237/main_sam_e51_cnano.o
 .debug_loc     0x000040fc       0x14 c:/program files/microchip/xc32/v3.01/bin/bin/../../lib/gcc/pic32c/8.3.1/../../../../pic32c/lib/thumb/v7e-m+fp/hard\libpic32c.a(data_init.o)
 .debug_loc     0x00004110       0x14 c:/program files/microchip/xc32/v3.01/bin/bin/../../lib/gcc/pic32c/8.3.1/../../../../pic32c/lib/thumb/v7e-m+fp/hard\libpic32c.a(read.o)
 .debug_loc     0x00004124       0x14 c:/program files/microchip/xc32/v3.01/bin/bin/../../lib/gcc/pic32c/8.3.1/../../../../pic32c/lib/thumb/v7e-m+fp/hard\libpic32c.a(write.o)

.debug_aranges  0x00000000      0x758
 .debug_aranges
                0x00000000       0x20 build/default/production/_ext/966843693/10dof_example.o
 .debug_aranges
                0x00000020       0x60 build/default/production/_ext/966843693/bmp180.o
 .debug_aranges
                0x00000080       0x88 build/default/production/_ext/966843693/bno055.o
 .debug_aranges
                0x00000108       0x48 build/default/production/_ext/966843693/10dof.o
 .debug_aranges
                0x00000150       0x20 build/default/production/_ext/1984496892/plib_clock.o
 .debug_aranges
                0x00000170       0x40 build/default/production/_ext/60167341/plib_eic.o
 .debug_aranges
                0x000001b0       0x20 build/default/production/_ext/1986646378/plib_evsys.o
 .debug_aranges
                0x000001d0       0x38 build/default/production/_ext/1865468468/plib_nvic.o
 .debug_aranges
                0x00000208       0xb0 build/default/production/_ext/1593096446/plib_nvmctrl.o
 .debug_aranges
                0x000002b8       0x70 build/default/production/_ext/1865521619/plib_port.o
 .debug_aranges
                0x00000328       0x68 build/default/production/_ext/508257091/plib_sercom2_i2c_master.o
 .debug_aranges
                0x00000390       0x98 build/default/production/_ext/504274921/plib_sercom5_usart.o
 .debug_aranges
                0x00000428       0x70 build/default/production/_ext/1827571544/plib_systick.o
 .debug_aranges
                0x00000498       0x28 build/default/production/_ext/163028504/xc32_monitor.o
 .debug_aranges
                0x000004c0       0x20 build/default/production/_ext/1171490990/initialization.o
 .debug_aranges
                0x000004e0       0x20 build/default/production/_ext/1171490990/interrupts.o
 .debug_aranges
                0x00000500       0x48 build/default/production/_ext/1171490990/exceptions.o
 .debug_aranges
                0x00000548       0x28 build/default/production/_ext/1171490990/startup_xc32.o
 .debug_aranges
                0x00000570       0x28 build/default/production/_ext/1360937237/main_sam_e51_cnano.o
 .debug_aranges
                0x00000598       0x20 c:/program files/microchip/xc32/v3.01/bin/bin/../../lib/gcc/pic32c/8.3.1/../../../../pic32c/lib/thumb/v7e-m+fp/hard\libpic32c.a(data_init.o)
 .debug_aranges
                0x000005b8       0x20 c:/program files/microchip/xc32/v3.01/bin/bin/../../lib/gcc/pic32c/8.3.1/../../../../pic32c/lib/thumb/v7e-m+fp/hard\libpic32c.a(_close.o)
 .debug_aranges
                0x000005d8       0x20 c:/program files/microchip/xc32/v3.01/bin/bin/../../lib/gcc/pic32c/8.3.1/../../../../pic32c/lib/thumb/v7e-m+fp/hard\libpic32c.a(_fstat.o)
 .debug_aranges
                0x000005f8       0x20 c:/program files/microchip/xc32/v3.01/bin/bin/../../lib/gcc/pic32c/8.3.1/../../../../pic32c/lib/thumb/v7e-m+fp/hard\libpic32c.a(_isatty.o)
 .debug_aranges
                0x00000618       0x20 c:/program files/microchip/xc32/v3.01/bin/bin/../../lib/gcc/pic32c/8.3.1/../../../../pic32c/lib/thumb/v7e-m+fp/hard\libpic32c.a(_lseek.o)
 .debug_aranges
                0x00000638       0x20 c:/program files/microchip/xc32/v3.01/bin/bin/../../lib/gcc/pic32c/8.3.1/../../../../pic32c/lib/thumb/v7e-m+fp/hard\libpic32c.a(_read.o)
 .debug_aranges
                0x00000658       0x20 c:/program files/microchip/xc32/v3.01/bin/bin/../../lib/gcc/pic32c/8.3.1/../../../../pic32c/lib/thumb/v7e-m+fp/hard\libpic32c.a(sbrk.o)
 .debug_aranges
                0x00000678       0x20 c:/program files/microchip/xc32/v3.01/bin/bin/../../lib/gcc/pic32c/8.3.1/../../../../pic32c/lib/thumb/v7e-m+fp/hard\libpic32c.a(_write.o)
 .debug_aranges
                0x00000698       0x20 c:/program files/microchip/xc32/v3.01/bin/bin/../../lib/gcc/pic32c/8.3.1/../../../../pic32c/lib/thumb/v7e-m+fp/hard\libpic32c.a(close.o)
 .debug_aranges
                0x000006b8       0x20 c:/program files/microchip/xc32/v3.01/bin/bin/../../lib/gcc/pic32c/8.3.1/../../../../pic32c/lib/thumb/v7e-m+fp/hard\libpic32c.a(fstat.o)
 .debug_aranges
                0x000006d8       0x20 c:/program files/microchip/xc32/v3.01/bin/bin/../../lib/gcc/pic32c/8.3.1/../../../../pic32c/lib/thumb/v7e-m+fp/hard\libpic32c.a(isatty.o)
 .debug_aranges
                0x000006f8       0x20 c:/program files/microchip/xc32/v3.01/bin/bin/../../lib/gcc/pic32c/8.3.1/../../../../pic32c/lib/thumb/v7e-m+fp/hard\libpic32c.a(lseek.o)
 .debug_aranges
                0x00000718       0x20 c:/program files/microchip/xc32/v3.01/bin/bin/../../lib/gcc/pic32c/8.3.1/../../../../pic32c/lib/thumb/v7e-m+fp/hard\libpic32c.a(read.o)
 .debug_aranges
                0x00000738       0x20 c:/program files/microchip/xc32/v3.01/bin/bin/../../lib/gcc/pic32c/8.3.1/../../../../pic32c/lib/thumb/v7e-m+fp/hard\libpic32c.a(write.o)

.debug_ranges   0x00000000      0x5c8
 .debug_ranges  0x00000000       0x10 build/default/production/_ext/966843693/10dof_example.o
 .debug_ranges  0x00000010       0x50 build/default/production/_ext/966843693/bmp180.o
 .debug_ranges  0x00000060       0x78 build/default/production/_ext/966843693/bno055.o
 .debug_ranges  0x000000d8       0x38 build/default/production/_ext/966843693/10dof.o
 .debug_ranges  0x00000110       0x10 build/default/production/_ext/1984496892/plib_clock.o
 .debug_ranges  0x00000120       0x30 build/default/production/_ext/60167341/plib_eic.o
 .debug_ranges  0x00000150       0x10 build/default/production/_ext/1986646378/plib_evsys.o
 .debug_ranges  0x00000160       0x28 build/default/production/_ext/1865468468/plib_nvic.o
 .debug_ranges  0x00000188       0xa0 build/default/production/_ext/1593096446/plib_nvmctrl.o
 .debug_ranges  0x00000228       0x60 build/default/production/_ext/1865521619/plib_port.o
 .debug_ranges  0x00000288       0xd8 build/default/production/_ext/508257091/plib_sercom2_i2c_master.o
 .debug_ranges  0x00000360       0x88 build/default/production/_ext/504274921/plib_sercom5_usart.o
 .debug_ranges  0x000003e8       0x60 build/default/production/_ext/1827571544/plib_systick.o
 .debug_ranges  0x00000448       0x18 build/default/production/_ext/163028504/xc32_monitor.o
 .debug_ranges  0x00000460       0x10 build/default/production/_ext/1171490990/initialization.o
 .debug_ranges  0x00000470       0x10 build/default/production/_ext/1171490990/interrupts.o
 .debug_ranges  0x00000480       0x38 build/default/production/_ext/1171490990/exceptions.o
 .debug_ranges  0x000004b8       0x18 build/default/production/_ext/1171490990/startup_xc32.o
 .debug_ranges  0x000004d0       0x18 build/default/production/_ext/1360937237/main_sam_e51_cnano.o
 .debug_ranges  0x000004e8       0x10 c:/program files/microchip/xc32/v3.01/bin/bin/../../lib/gcc/pic32c/8.3.1/../../../../pic32c/lib/thumb/v7e-m+fp/hard\libpic32c.a(data_init.o)
 .debug_ranges  0x000004f8       0x10 c:/program files/microchip/xc32/v3.01/bin/bin/../../lib/gcc/pic32c/8.3.1/../../../../pic32c/lib/thumb/v7e-m+fp/hard\libpic32c.a(_close.o)
 .debug_ranges  0x00000508       0x10 c:/program files/microchip/xc32/v3.01/bin/bin/../../lib/gcc/pic32c/8.3.1/../../../../pic32c/lib/thumb/v7e-m+fp/hard\libpic32c.a(_fstat.o)
 .debug_ranges  0x00000518       0x10 c:/program files/microchip/xc32/v3.01/bin/bin/../../lib/gcc/pic32c/8.3.1/../../../../pic32c/lib/thumb/v7e-m+fp/hard\libpic32c.a(_isatty.o)
 .debug_ranges  0x00000528       0x10 c:/program files/microchip/xc32/v3.01/bin/bin/../../lib/gcc/pic32c/8.3.1/../../../../pic32c/lib/thumb/v7e-m+fp/hard\libpic32c.a(_lseek.o)
 .debug_ranges  0x00000538       0x10 c:/program files/microchip/xc32/v3.01/bin/bin/../../lib/gcc/pic32c/8.3.1/../../../../pic32c/lib/thumb/v7e-m+fp/hard\libpic32c.a(_read.o)
 .debug_ranges  0x00000548       0x10 c:/program files/microchip/xc32/v3.01/bin/bin/../../lib/gcc/pic32c/8.3.1/../../../../pic32c/lib/thumb/v7e-m+fp/hard\libpic32c.a(sbrk.o)
 .debug_ranges  0x00000558       0x10 c:/program files/microchip/xc32/v3.01/bin/bin/../../lib/gcc/pic32c/8.3.1/../../../../pic32c/lib/thumb/v7e-m+fp/hard\libpic32c.a(_write.o)
 .debug_ranges  0x00000568       0x10 c:/program files/microchip/xc32/v3.01/bin/bin/../../lib/gcc/pic32c/8.3.1/../../../../pic32c/lib/thumb/v7e-m+fp/hard\libpic32c.a(close.o)
 .debug_ranges  0x00000578       0x10 c:/program files/microchip/xc32/v3.01/bin/bin/../../lib/gcc/pic32c/8.3.1/../../../../pic32c/lib/thumb/v7e-m+fp/hard\libpic32c.a(fstat.o)
 .debug_ranges  0x00000588       0x10 c:/program files/microchip/xc32/v3.01/bin/bin/../../lib/gcc/pic32c/8.3.1/../../../../pic32c/lib/thumb/v7e-m+fp/hard\libpic32c.a(isatty.o)
 .debug_ranges  0x00000598       0x10 c:/program files/microchip/xc32/v3.01/bin/bin/../../lib/gcc/pic32c/8.3.1/../../../../pic32c/lib/thumb/v7e-m+fp/hard\libpic32c.a(lseek.o)
 .debug_ranges  0x000005a8       0x10 c:/program files/microchip/xc32/v3.01/bin/bin/../../lib/gcc/pic32c/8.3.1/../../../../pic32c/lib/thumb/v7e-m+fp/hard\libpic32c.a(read.o)
 .debug_ranges  0x000005b8       0x10 c:/program files/microchip/xc32/v3.01/bin/bin/../../lib/gcc/pic32c/8.3.1/../../../../pic32c/lib/thumb/v7e-m+fp/hard\libpic32c.a(write.o)

.debug_line     0x00000000     0x5450
 .debug_line    0x00000000      0x1db build/default/production/_ext/966843693/10dof_example.o
 .debug_line    0x000001db      0x751 build/default/production/_ext/966843693/bmp180.o
 .debug_line    0x0000092c      0x9e4 build/default/production/_ext/966843693/bno055.o
 .debug_line    0x00001310      0x295 build/default/production/_ext/966843693/10dof.o
 .debug_line    0x000015a5      0x312 build/default/production/_ext/1984496892/plib_clock.o
 .debug_line    0x000018b7      0x2ea build/default/production/_ext/60167341/plib_eic.o
 .debug_line    0x00001ba1      0x131 build/default/production/_ext/1986646378/plib_evsys.o
 .debug_line    0x00001cd2      0x3f5 build/default/production/_ext/1865468468/plib_nvic.o
 .debug_line    0x000020c7      0x51e build/default/production/_ext/1593096446/plib_nvmctrl.o
 .debug_line    0x000025e5      0x327 build/default/production/_ext/1865521619/plib_port.o
 .debug_line    0x0000290c      0x81d build/default/production/_ext/508257091/plib_sercom2_i2c_master.o
 .debug_line    0x00003129      0x6c1 build/default/production/_ext/504274921/plib_sercom5_usart.o
 .debug_line    0x000037ea      0x304 build/default/production/_ext/1827571544/plib_systick.o
 .debug_line    0x00003aee      0x231 build/default/production/_ext/163028504/xc32_monitor.o
 .debug_line    0x00003d1f      0x41d build/default/production/_ext/1171490990/initialization.o
 .debug_line    0x0000413c      0x1a8 build/default/production/_ext/1171490990/interrupts.o
 .debug_line    0x000042e4      0x201 build/default/production/_ext/1171490990/exceptions.o
 .debug_line    0x000044e5      0x2b5 build/default/production/_ext/1171490990/startup_xc32.o
 .debug_line    0x0000479a      0x2c8 build/default/production/_ext/1360937237/main_sam_e51_cnano.o
 .debug_line    0x00004a62      0x110 c:/program files/microchip/xc32/v3.01/bin/bin/../../lib/gcc/pic32c/8.3.1/../../../../pic32c/lib/thumb/v7e-m+fp/hard\libpic32c.a(data_init.o)
 .debug_line    0x00004b72       0x9f c:/program files/microchip/xc32/v3.01/bin/bin/../../lib/gcc/pic32c/8.3.1/../../../../pic32c/lib/thumb/v7e-m+fp/hard\libpic32c.a(_close.o)
 .debug_line    0x00004c11       0x9f c:/program files/microchip/xc32/v3.01/bin/bin/../../lib/gcc/pic32c/8.3.1/../../../../pic32c/lib/thumb/v7e-m+fp/hard\libpic32c.a(_fstat.o)
 .debug_line    0x00004cb0       0xa0 c:/program files/microchip/xc32/v3.01/bin/bin/../../lib/gcc/pic32c/8.3.1/../../../../pic32c/lib/thumb/v7e-m+fp/hard\libpic32c.a(_isatty.o)
 .debug_line    0x00004d50       0x9f c:/program files/microchip/xc32/v3.01/bin/bin/../../lib/gcc/pic32c/8.3.1/../../../../pic32c/lib/thumb/v7e-m+fp/hard\libpic32c.a(_lseek.o)
 .debug_line    0x00004def       0x9e c:/program files/microchip/xc32/v3.01/bin/bin/../../lib/gcc/pic32c/8.3.1/../../../../pic32c/lib/thumb/v7e-m+fp/hard\libpic32c.a(_read.o)
 .debug_line    0x00004e8d       0xb5 c:/program files/microchip/xc32/v3.01/bin/bin/../../lib/gcc/pic32c/8.3.1/../../../../pic32c/lib/thumb/v7e-m+fp/hard\libpic32c.a(sbrk.o)
 .debug_line    0x00004f42       0x9f c:/program files/microchip/xc32/v3.01/bin/bin/../../lib/gcc/pic32c/8.3.1/../../../../pic32c/lib/thumb/v7e-m+fp/hard\libpic32c.a(_write.o)
 .debug_line    0x00004fe1       0x9e c:/program files/microchip/xc32/v3.01/bin/bin/../../lib/gcc/pic32c/8.3.1/../../../../pic32c/lib/thumb/v7e-m+fp/hard\libpic32c.a(close.o)
 .debug_line    0x0000507f      0x106 c:/program files/microchip/xc32/v3.01/bin/bin/../../lib/gcc/pic32c/8.3.1/../../../../pic32c/lib/thumb/v7e-m+fp/hard\libpic32c.a(fstat.o)
 .debug_line    0x00005185       0x9d c:/program files/microchip/xc32/v3.01/bin/bin/../../lib/gcc/pic32c/8.3.1/../../../../pic32c/lib/thumb/v7e-m+fp/hard\libpic32c.a(isatty.o)
 .debug_line    0x00005222       0x9e c:/program files/microchip/xc32/v3.01/bin/bin/../../lib/gcc/pic32c/8.3.1/../../../../pic32c/lib/thumb/v7e-m+fp/hard\libpic32c.a(lseek.o)
 .debug_line    0x000052c0       0xc0 c:/program files/microchip/xc32/v3.01/bin/bin/../../lib/gcc/pic32c/8.3.1/../../../../pic32c/lib/thumb/v7e-m+fp/hard\libpic32c.a(read.o)
 .debug_line    0x00005380       0xd0 c:/program files/microchip/xc32/v3.01/bin/bin/../../lib/gcc/pic32c/8.3.1/../../../../pic32c/lib/thumb/v7e-m+fp/hard\libpic32c.a(write.o)

.debug_str      0x00000000      0x869
 .debug_str     0x00000000       0xdc build/default/production/_ext/966843693/10dof_example.o
 .debug_str     0x000000dc       0xbf build/default/production/_ext/966843693/bmp180.o
 .debug_str     0x0000019b       0xed build/default/production/_ext/966843693/bno055.o
 .debug_str     0x00000288      0x139 build/default/production/_ext/966843693/10dof.o
 .debug_str     0x000003c1       0x1e build/default/production/_ext/1984496892/plib_clock.o
 .debug_str     0x000003df        0x9 build/default/production/_ext/60167341/plib_eic.o
 .debug_str     0x000003e8        0x0 build/default/production/_ext/1986646378/plib_evsys.o
 .debug_str     0x000003e8        0xa build/default/production/_ext/1865468468/plib_nvic.o
 .debug_str     0x000003f2       0x29 build/default/production/_ext/1593096446/plib_nvmctrl.o
 .debug_str     0x0000041b        0xb build/default/production/_ext/1865521619/plib_port.o
 .debug_str     0x00000426      0x175 build/default/production/_ext/508257091/plib_sercom2_i2c_master.o
 .debug_str     0x0000059b      0x123 build/default/production/_ext/504274921/plib_sercom5_usart.o
 .debug_str     0x000006be        0x9 build/default/production/_ext/1827571544/plib_systick.o
 .debug_str     0x000006c7       0x35 build/default/production/_ext/163028504/xc32_monitor.o
 .debug_str     0x000006fc       0xba build/default/production/_ext/1171490990/initialization.o
 .debug_str     0x000007b6        0xe build/default/production/_ext/1171490990/interrupts.o
 .debug_str     0x000007c4        0xe build/default/production/_ext/1171490990/exceptions.o
 .debug_str     0x000007d2       0x2f build/default/production/_ext/1171490990/startup_xc32.o
 .debug_str     0x00000801       0x68 build/default/production/_ext/1360937237/main_sam_e51_cnano.o
 .debug_str     0x00000869        0x0 c:/program files/microchip/xc32/v3.01/bin/bin/../../lib/gcc/pic32c/8.3.1/../../../../pic32c/lib/thumb/v7e-m+fp/hard\libpic32c.a(data_init.o)
 .debug_str     0x00000869        0x0 c:/program files/microchip/xc32/v3.01/bin/bin/../../lib/gcc/pic32c/8.3.1/../../../../pic32c/lib/thumb/v7e-m+fp/hard\libpic32c.a(_close.o)
 .debug_str     0x00000869        0x0 c:/program files/microchip/xc32/v3.01/bin/bin/../../lib/gcc/pic32c/8.3.1/../../../../pic32c/lib/thumb/v7e-m+fp/hard\libpic32c.a(_fstat.o)
 .debug_str     0x00000869        0x0 c:/program files/microchip/xc32/v3.01/bin/bin/../../lib/gcc/pic32c/8.3.1/../../../../pic32c/lib/thumb/v7e-m+fp/hard\libpic32c.a(_isatty.o)
 .debug_str     0x00000869        0x0 c:/program files/microchip/xc32/v3.01/bin/bin/../../lib/gcc/pic32c/8.3.1/../../../../pic32c/lib/thumb/v7e-m+fp/hard\libpic32c.a(_lseek.o)
 .debug_str     0x00000869        0x0 c:/program files/microchip/xc32/v3.01/bin/bin/../../lib/gcc/pic32c/8.3.1/../../../../pic32c/lib/thumb/v7e-m+fp/hard\libpic32c.a(_read.o)
 .debug_str     0x00000869        0x0 c:/program files/microchip/xc32/v3.01/bin/bin/../../lib/gcc/pic32c/8.3.1/../../../../pic32c/lib/thumb/v7e-m+fp/hard\libpic32c.a(sbrk.o)
 .debug_str     0x00000869        0x0 c:/program files/microchip/xc32/v3.01/bin/bin/../../lib/gcc/pic32c/8.3.1/../../../../pic32c/lib/thumb/v7e-m+fp/hard\libpic32c.a(_write.o)
 .debug_str     0x00000869        0x0 c:/program files/microchip/xc32/v3.01/bin/bin/../../lib/gcc/pic32c/8.3.1/../../../../pic32c/lib/thumb/v7e-m+fp/hard\libpic32c.a(close.o)
 .debug_str     0x00000869        0x0 c:/program files/microchip/xc32/v3.01/bin/bin/../../lib/gcc/pic32c/8.3.1/../../../../pic32c/lib/thumb/v7e-m+fp/hard\libpic32c.a(fstat.o)
 .debug_str     0x00000869        0x0 c:/program files/microchip/xc32/v3.01/bin/bin/../../lib/gcc/pic32c/8.3.1/../../../../pic32c/lib/thumb/v7e-m+fp/hard\libpic32c.a(isatty.o)
 .debug_str     0x00000869        0x0 c:/program files/microchip/xc32/v3.01/bin/bin/../../lib/gcc/pic32c/8.3.1/../../../../pic32c/lib/thumb/v7e-m+fp/hard\libpic32c.a(lseek.o)
 .debug_str     0x00000869        0x0 c:/program files/microchip/xc32/v3.01/bin/bin/../../lib/gcc/pic32c/8.3.1/../../../../pic32c/lib/thumb/v7e-m+fp/hard\libpic32c.a(read.o)
 .debug_str     0x00000869        0x0 c:/program files/microchip/xc32/v3.01/bin/bin/../../lib/gcc/pic32c/8.3.1/../../../../pic32c/lib/thumb/v7e-m+fp/hard\libpic32c.a(write.o)

.debug_frame    0x00000000      0xd98
 .debug_frame   0x00000000       0x30 build/default/production/_ext/966843693/10dof_example.o
 .debug_frame   0x00000030      0x12c build/default/production/_ext/966843693/bmp180.o
 .debug_frame   0x0000015c      0x1e8 build/default/production/_ext/966843693/bno055.o
 .debug_frame   0x00000344       0xa0 build/default/production/_ext/966843693/10dof.o
 .debug_frame   0x000003e4       0x20 build/default/production/_ext/1984496892/plib_clock.o
 .debug_frame   0x00000404       0x78 build/default/production/_ext/60167341/plib_eic.o
 .debug_frame   0x0000047c       0x20 build/default/production/_ext/1986646378/plib_evsys.o
 .debug_frame   0x0000049c       0x50 build/default/production/_ext/1865468468/plib_nvic.o
 .debug_frame   0x000004ec      0x170 build/default/production/_ext/1593096446/plib_nvmctrl.o
 .debug_frame   0x0000065c       0xcc build/default/production/_ext/1865521619/plib_port.o
 .debug_frame   0x00000728       0xd8 build/default/production/_ext/508257091/plib_sercom2_i2c_master.o
 .debug_frame   0x00000800      0x15c build/default/production/_ext/504274921/plib_sercom5_usart.o
 .debug_frame   0x0000095c       0xd4 build/default/production/_ext/1827571544/plib_systick.o
 .debug_frame   0x00000a30       0x50 build/default/production/_ext/163028504/xc32_monitor.o
 .debug_frame   0x00000a80       0x28 build/default/production/_ext/1171490990/initialization.o
 .debug_frame   0x00000aa8       0x20 build/default/production/_ext/1171490990/interrupts.o
 .debug_frame   0x00000ac8       0x70 build/default/production/_ext/1171490990/exceptions.o
 .debug_frame   0x00000b38       0x38 build/default/production/_ext/1171490990/startup_xc32.o
 .debug_frame   0x00000b70       0x38 build/default/production/_ext/1360937237/main_sam_e51_cnano.o
 .debug_frame   0x00000ba8       0x38 c:/program files/microchip/xc32/v3.01/bin/bin/../../lib/gcc/pic32c/8.3.1/../../../../pic32c/lib/thumb/v7e-m+fp/hard\libpic32c.a(data_init.o)
 .debug_frame   0x00000be0       0x20 c:/program files/microchip/xc32/v3.01/bin/bin/../../lib/gcc/pic32c/8.3.1/../../../../pic32c/lib/thumb/v7e-m+fp/hard\libpic32c.a(_close.o)
 .debug_frame   0x00000c00       0x20 c:/program files/microchip/xc32/v3.01/bin/bin/../../lib/gcc/pic32c/8.3.1/../../../../pic32c/lib/thumb/v7e-m+fp/hard\libpic32c.a(_fstat.o)
 .debug_frame   0x00000c20       0x20 c:/program files/microchip/xc32/v3.01/bin/bin/../../lib/gcc/pic32c/8.3.1/../../../../pic32c/lib/thumb/v7e-m+fp/hard\libpic32c.a(_isatty.o)
 .debug_frame   0x00000c40       0x20 c:/program files/microchip/xc32/v3.01/bin/bin/../../lib/gcc/pic32c/8.3.1/../../../../pic32c/lib/thumb/v7e-m+fp/hard\libpic32c.a(_lseek.o)
 .debug_frame   0x00000c60       0x20 c:/program files/microchip/xc32/v3.01/bin/bin/../../lib/gcc/pic32c/8.3.1/../../../../pic32c/lib/thumb/v7e-m+fp/hard\libpic32c.a(_read.o)
 .debug_frame   0x00000c80       0x20 c:/program files/microchip/xc32/v3.01/bin/bin/../../lib/gcc/pic32c/8.3.1/../../../../pic32c/lib/thumb/v7e-m+fp/hard\libpic32c.a(sbrk.o)
 .debug_frame   0x00000ca0       0x20 c:/program files/microchip/xc32/v3.01/bin/bin/../../lib/gcc/pic32c/8.3.1/../../../../pic32c/lib/thumb/v7e-m+fp/hard\libpic32c.a(_write.o)
 .debug_frame   0x00000cc0       0x20 c:/program files/microchip/xc32/v3.01/bin/bin/../../lib/gcc/pic32c/8.3.1/../../../../pic32c/lib/thumb/v7e-m+fp/hard\libpic32c.a(close.o)
 .debug_frame   0x00000ce0       0x20 c:/program files/microchip/xc32/v3.01/bin/bin/../../lib/gcc/pic32c/8.3.1/../../../../pic32c/lib/thumb/v7e-m+fp/hard\libpic32c.a(fstat.o)
 .debug_frame   0x00000d00       0x20 c:/program files/microchip/xc32/v3.01/bin/bin/../../lib/gcc/pic32c/8.3.1/../../../../pic32c/lib/thumb/v7e-m+fp/hard\libpic32c.a(isatty.o)
 .debug_frame   0x00000d20       0x20 c:/program files/microchip/xc32/v3.01/bin/bin/../../lib/gcc/pic32c/8.3.1/../../../../pic32c/lib/thumb/v7e-m+fp/hard\libpic32c.a(lseek.o)
 .debug_frame   0x00000d40       0x2c c:/program files/microchip/xc32/v3.01/bin/bin/../../lib/gcc/pic32c/8.3.1/../../../../pic32c/lib/thumb/v7e-m+fp/hard\libpic32c.a(read.o)
 .debug_frame   0x00000d6c       0x2c c:/program files/microchip/xc32/v3.01/bin/bin/../../lib/gcc/pic32c/8.3.1/../../../../pic32c/lib/thumb/v7e-m+fp/hard\libpic32c.a(write.o)

.stack          0x200005c8      0x100
 .stack         0x200005c8      0x100 stack

.data.__global_locale%1
                0x20000050      0x16c
 .data.__global_locale
                0x20000050      0x16c c:/program files/microchip/xc32/v3.01/bin/bin/../../lib/gcc/pic32c/8.3.1/../../../../pic32c/lib/thumb/v7e-m+fp/hard\libc_nano.a(lib_a-locale.o)
                0x20000050                __global_locale

.bss.eicCallbackObject%2
                0x200001bc       0xc0
 .bss.eicCallbackObject
                0x200001bc       0xc0 build/default/production/_ext/60167341/plib_eic.o

.data.impure_data%3
                0x2000027c       0x60
 .data.impure_data
                0x2000027c       0x60 c:/program files/microchip/xc32/v3.01/bin/bin/../../lib/gcc/pic32c/8.3.1/../../../../pic32c/lib/thumb/v7e-m+fp/hard\libc_nano.a(lib_a-impure.o)

.bss.sercom2I2CObj%4
                0x200002dc       0x2c
 .bss.sercom2I2CObj
                0x200002dc       0x2c build/default/production/_ext/508257091/plib_sercom2_i2c_master.o

.bss.__sf_fake_stderr%5
                0x20000308       0x20
 .bss.__sf_fake_stderr
                0x20000308       0x20 c:/program files/microchip/xc32/v3.01/bin/bin/../../lib/gcc/pic32c/8.3.1/../../../../pic32c/lib/thumb/v7e-m+fp/hard\libc_nano.a(lib_a-findfp.o)
                0x20000308                __sf_fake_stderr

.bss.__sf_fake_stdin%6
                0x20000328       0x20
 .bss.__sf_fake_stdin
                0x20000328       0x20 c:/program files/microchip/xc32/v3.01/bin/bin/../../lib/gcc/pic32c/8.3.1/../../../../pic32c/lib/thumb/v7e-m+fp/hard\libc_nano.a(lib_a-findfp.o)
                0x20000328                __sf_fake_stdin

.bss.__sf_fake_stdout%7
                0x20000348       0x20
 .bss.__sf_fake_stdout
                0x20000348       0x20 c:/program files/microchip/xc32/v3.01/bin/bin/../../lib/gcc/pic32c/8.3.1/../../../../pic32c/lib/thumb/v7e-m+fp/hard\libc_nano.a(lib_a-findfp.o)
                0x20000348                __sf_fake_stdout

.bss%8          0x20000368       0x1c
 .bss           0x20000368       0x1c c:/program files/microchip/xc32/v3.01/bin/bin/../../lib/gcc/pic32c/8.3.1/thumb/v7e-m+fp/hard/crtbegin.o

.bss.systick%9  0x20000384        0xc
 .bss.systick   0x20000384        0xc build/default/production/_ext/1827571544/plib_systick.o

.bss.p_bmp180%10
                0x20000390        0x4
 .bss.p_bmp180  0x20000390        0x4 build/default/production/_ext/966843693/bmp180.o

.bss.p_bno055%11
                0x20000394        0x4
 .bss.p_bno055  0x20000394        0x4 build/default/production/_ext/966843693/bno055.o

.bss%12         0x20000398        0x4
 .bss           0x20000398        0x4 c:/program files/microchip/xc32/v3.01/bin/bin/../../lib/gcc/pic32c/8.3.1/../../../../pic32c/lib/thumb/v7e-m+fp/hard\libpic32c.a(data_init.o)

.data._impure_ptr%13
                0x2000039c        0x4
 .data._impure_ptr
                0x2000039c        0x4 c:/program files/microchip/xc32/v3.01/bin/bin/../../lib/gcc/pic32c/8.3.1/../../../../pic32c/lib/thumb/v7e-m+fp/hard\libc_nano.a(lib_a-impure.o)
                0x2000039c                _impure_ptr

.bss.__malloc_free_list%14
                0x200003a0        0x4
 .bss.__malloc_free_list
                0x200003a0        0x4 c:/program files/microchip/xc32/v3.01/bin/bin/../../lib/gcc/pic32c/8.3.1/../../../../pic32c/lib/thumb/v7e-m+fp/hard\libc_nano.a(lib_a-nano-mallocr.o)
                0x200003a0                __malloc_free_list

.bss.__malloc_sbrk_start%15
                0x200003a4        0x4
 .bss.__malloc_sbrk_start
                0x200003a4        0x4 c:/program files/microchip/xc32/v3.01/bin/bin/../../lib/gcc/pic32c/8.3.1/../../../../pic32c/lib/thumb/v7e-m+fp/hard\libc_nano.a(lib_a-nano-mallocr.o)
                0x200003a4                __malloc_sbrk_start

.bss%16         0x200003a8        0x4
 .bss           0x200003a8        0x4 c:/program files/microchip/xc32/v3.01/bin/bin/../../lib/gcc/pic32c/8.3.1/../../../../pic32c/lib/thumb/v7e-m+fp/hard\libpic32c.a(sbrk.o)

.bss.switchPressEvent%17
                0x200003ac        0x1
 .bss.switchPressEvent
                0x200003ac        0x1 build/default/production/_ext/1360937237/main_sam_e51_cnano.o
                0x200003ac                switchPressEvent

.eh_frame%z1    0x00000000        0x0
 .eh_frame      0x00000000        0x0 c:/program files/microchip/xc32/v3.01/bin/bin/../../lib/gcc/pic32c/8.3.1/thumb/v7e-m+fp/hard/crtbegin.o

.text._vfprintf_r_cdnopuxX%18
                0x00000280      0x384
 .text._vfprintf_r_cdnopuxX
                0x00000280      0x384 c:/program files/microchip/xc32/v3.01/bin/bin/../../lib/gcc/pic32c/8.3.1/../../../../pic32c/lib/thumb/v7e-m+fp/hard\libc_nano.a(_lib_a-nano-vfprintf.cdnopuxX.o)
                0x00000280                _vfprintf_r_cdnopuxX

.dinit%19       0x00000604      0x2c0
 .dinit         0x00000604      0x2c0 data_init

.text.SERCOM2_I2C_InterruptHandler%20
                0x000008c4      0x1a4
 .text.SERCOM2_I2C_InterruptHandler
                0x000008c4      0x1a4 build/default/production/_ext/508257091/plib_sercom2_i2c_master.o
                0x000008c4                SERCOM2_I2C_InterruptHandler

.text.setvbuf%21
                0x00000a68      0x158
 .text.setvbuf  0x00000a68      0x158 c:/program files/microchip/xc32/v3.01/bin/bin/../../lib/gcc/pic32c/8.3.1/../../../../pic32c/lib/thumb/v7e-m+fp/hard\libc_nano.a(lib_a-setvbuf.o)
                0x00000a68                setvbuf

.text.bmp180_get_uncomp_pressure%22
                0x00000bc0      0x124
 .text.bmp180_get_uncomp_pressure
                0x00000bc0      0x124 build/default/production/_ext/966843693/bmp180.o
                0x00000bc0                bmp180_get_uncomp_pressure

.text.bno055_init%23
                0x00000ce4      0x110
 .text.bno055_init
                0x00000ce4      0x110 build/default/production/_ext/966843693/bno055.o
                0x00000ce4                bno055_init

.text.bno055_set_operation_mode%24
                0x00000df4      0x110
 .text.bno055_set_operation_mode
                0x00000df4      0x110 build/default/production/_ext/966843693/bno055.o
                0x00000df4                bno055_set_operation_mode

.text.__sflush_r%25
                0x00000f04      0x10c
 .text.__sflush_r
                0x00000f04      0x10c c:/program files/microchip/xc32/v3.01/bin/bin/../../lib/gcc/pic32c/8.3.1/../../../../pic32c/lib/thumb/v7e-m+fp/hard\libc_nano.a(lib_a-fflush.o)
                0x00000f04                __sflush_r

.text.CLOCK_Initialize%26
                0x00001010      0x104
 .text.CLOCK_Initialize
                0x00001010      0x104 build/default/production/_ext/1984496892/plib_clock.o
                0x00001010                CLOCK_Initialize

.rodata._ctype_%27
                0x00001114      0x101
 .rodata._ctype_
                0x00001114      0x101 c:/program files/microchip/xc32/v3.01/bin/bin/../../lib/gcc/pic32c/8.3.1/../../../../pic32c/lib/thumb/v7e-m+fp/hard\libc_nano.a(lib_a-ctype_.o)
                0x00001114                _ctype_

.text._printf_common%28
                0x00001216       0xea
 .text._printf_common
                0x00001216       0xea c:/program files/microchip/xc32/v3.01/bin/bin/../../lib/gcc/pic32c/8.3.1/../../../../pic32c/lib/thumb/v7e-m+fp/hard\libc_nano.a(lib_a-nano-vfprintf_i.o)
                0x00001216                _printf_common

.text.__swsetup_r%29
                0x00001300       0xdc
 .text.__swsetup_r
                0x00001300       0xdc c:/program files/microchip/xc32/v3.01/bin/bin/../../lib/gcc/pic32c/8.3.1/../../../../pic32c/lib/thumb/v7e-m+fp/hard\libc_nano.a(lib_a-wsetup.o)
                0x00001300                __swsetup_r

.text._puts_r%30
                0x000013dc       0xcc
 .text._puts_r  0x000013dc       0xcc c:/program files/microchip/xc32/v3.01/bin/bin/../../lib/gcc/pic32c/8.3.1/../../../../pic32c/lib/thumb/v7e-m+fp/hard\libc_nano.a(lib_a-puts.o)
                0x000013dc                _puts_r

.text.bmp180_get_calib_param%31
                0x000014a8       0xc8
 .text.bmp180_get_calib_param
                0x000014a8       0xc8 build/default/production/_ext/966843693/bmp180.o
                0x000014a8                bmp180_get_calib_param

.text.bmp180_get_pressure%32
                0x00001570       0xbc
 .text.bmp180_get_pressure
                0x00001570       0xbc build/default/production/_ext/966843693/bmp180.o
                0x00001570                bmp180_get_pressure

.text.__swbuf_r%33
                0x0000162c       0xbc
 .text.__swbuf_r
                0x0000162c       0xbc c:/program files/microchip/xc32/v3.01/bin/bin/../../lib/gcc/pic32c/8.3.1/../../../../pic32c/lib/thumb/v7e-m+fp/hard\libc_nano.a(lib_a-wbuf.o)
                0x0000162c                __swbuf_r

.rodata%34      0x000016e8       0xb8
 .rodata        0x000016e8       0xb8 build/default/production/_ext/966843693/10dof_example.o

.text._malloc_r%35
                0x000017a0       0xb4
 .text._malloc_r
                0x000017a0       0xb4 c:/program files/microchip/xc32/v3.01/bin/bin/../../lib/gcc/pic32c/8.3.1/../../../../pic32c/lib/thumb/v7e-m+fp/hard\libc_nano.a(lib_a-nano-mallocr.o)
                0x000017a0                _malloc_r

.text.bno055_set_accel_range%36
                0x00001854       0xb0
 .text.bno055_set_accel_range
                0x00001854       0xb0 build/default/production/_ext/966843693/bno055.o
                0x00001854                bno055_set_accel_range

.text.bno055_set_gyro_range%37
                0x00001904       0xac
 .text.bno055_set_gyro_range
                0x00001904       0xac build/default/production/_ext/966843693/bno055.o
                0x00001904                bno055_set_gyro_range

.text%38        0x000019b0       0xa0
 .text          0x000019b0       0xa0 c:/program files/microchip/xc32/v3.01/bin/bin/../../lib/gcc/pic32c/8.3.1/../../../../pic32c/lib/thumb/v7e-m+fp/hard\libc_nano.a(lib_a-memchr.o)
                0x000019b0                memchr

.text._free_r%39
                0x00001a50       0x9c
 .text._free_r  0x00001a50       0x9c c:/program files/microchip/xc32/v3.01/bin/bin/../../lib/gcc/pic32c/8.3.1/../../../../pic32c/lib/thumb/v7e-m+fp/hard\libc_nano.a(lib_a-nano-freer.o)
                0x00001a50                _free_r

.text.Reset_Handler%40
                0x00001aec       0x90
 .text.Reset_Handler
                0x00001aec       0x90 build/default/production/_ext/1171490990/startup_xc32.o
                0x00001aec                Reset_Handler

.text.__smakebuf_r%41
                0x00001b7c       0x8c
 .text.__smakebuf_r
                0x00001b7c       0x8c c:/program files/microchip/xc32/v3.01/bin/bin/../../lib/gcc/pic32c/8.3.1/../../../../pic32c/lib/thumb/v7e-m+fp/hard\libc_nano.a(lib_a-makebuf.o)
                0x00001b7c                __smakebuf_r

.text.tenDof_example%42
                0x00001c08       0x88
 .text.tenDof_example
                0x00001c08       0x88 build/default/production/_ext/966843693/10dof_example.o
                0x00001c08                tenDof_example

.text.get_bn055_quaternion_wxyz%43
                0x00001c90       0x88
 .text.get_bn055_quaternion_wxyz
                0x00001c90       0x88 build/default/production/_ext/966843693/bno055.o
                0x00001c90                get_bn055_quaternion_wxyz

.text.EIC_Initialize%44
                0x00001d18       0x88
 .text.EIC_Initialize
                0x00001d18       0x88 build/default/production/_ext/60167341/plib_eic.o
                0x00001d18                EIC_Initialize

.text.__pic32c_data_initialization%45
                0x00001da0       0x88
 .text.__pic32c_data_initialization
                0x00001da0       0x88 c:/program files/microchip/xc32/v3.01/bin/bin/../../lib/gcc/pic32c/8.3.1/../../../../pic32c/lib/thumb/v7e-m+fp/hard\libpic32c.a(data_init.o)
                0x00001da0                __pic32c_data_initialization

.text.__fputwc%46
                0x00001e28       0x82
 .text.__fputwc
                0x00001e28       0x82 c:/program files/microchip/xc32/v3.01/bin/bin/../../lib/gcc/pic32c/8.3.1/../../../../pic32c/lib/thumb/v7e-m+fp/hard\libc_nano.a(lib_a-fputwc.o)
                0x00001e28                __fputwc

.text.bmp180_init%47
                0x00001eac       0x7c
 .text.bmp180_init
                0x00001eac       0x7c build/default/production/_ext/966843693/bmp180.o
                0x00001eac                bmp180_init

.text.get_bno55_accel_xyz%48
                0x00001f28       0x7c
 .text.get_bno55_accel_xyz
                0x00001f28       0x7c build/default/production/_ext/966843693/bno055.o
                0x00001f28                get_bno55_accel_xyz

.text.get_bno55_gyro_xyz%49
                0x00001fa4       0x7c
 .text.get_bno55_gyro_xyz
                0x00001fa4       0x7c build/default/production/_ext/966843693/bno055.o
                0x00001fa4                get_bno55_gyro_xyz

.text.__sfp%50  0x00002020       0x78
 .text.__sfp    0x00002020       0x78 c:/program files/microchip/xc32/v3.01/bin/bin/../../lib/gcc/pic32c/8.3.1/../../../../pic32c/lib/thumb/v7e-m+fp/hard\libc_nano.a(lib_a-findfp.o)
                0x00002020                __sfp

.text.SERCOM2_I2C_Initialize%51
                0x00002098       0x60
 .text.SERCOM2_I2C_Initialize
                0x00002098       0x60 build/default/production/_ext/508257091/plib_sercom2_i2c_master.o
                0x00002098                SERCOM2_I2C_Initialize

.text.__sinit%52
                0x000020f8       0x60
 .text.__sinit  0x000020f8       0x60 c:/program files/microchip/xc32/v3.01/bin/bin/../../lib/gcc/pic32c/8.3.1/../../../../pic32c/lib/thumb/v7e-m+fp/hard\libc_nano.a(lib_a-findfp.o)
                0x000020f8                __sinit

.text.bno055_get_operation_mode%53
                0x00002158       0x5c
 .text.bno055_get_operation_mode
                0x00002158       0x5c build/default/production/_ext/966843693/bno055.o
                0x00002158                bno055_get_operation_mode

.text.NVIC_Initialize%54
                0x000021b4       0x5c
 .text.NVIC_Initialize
                0x000021b4       0x5c build/default/production/_ext/1865468468/plib_nvic.o
                0x000021b4                NVIC_Initialize

.text.bno055_write_page_id%55
                0x00002210       0x58
 .text.bno055_write_page_id
                0x00002210       0x58 build/default/production/_ext/966843693/bno055.o
                0x00002210                bno055_write_page_id

.text.SERCOM5_USART_Read%56
                0x00002268       0x58
 .text.SERCOM5_USART_Read
                0x00002268       0x58 build/default/production/_ext/504274921/plib_sercom5_usart.o
                0x00002268                SERCOM5_USART_Read

.text.bmp180_get_uncomp_temperature%57
                0x000022c0       0x54
 .text.bmp180_get_uncomp_temperature
                0x000022c0       0x54 build/default/production/_ext/966843693/bmp180.o
                0x000022c0                bmp180_get_uncomp_temperature

.text._fflush_r%58
                0x00002314       0x54
 .text._fflush_r
                0x00002314       0x54 c:/program files/microchip/xc32/v3.01/bin/bin/../../lib/gcc/pic32c/8.3.1/../../../../pic32c/lib/thumb/v7e-m+fp/hard\libc_nano.a(lib_a-fflush.o)
                0x00002314                _fflush_r

.text.SERCOM2_I2C_InitiateTransfer%59
                0x00002368       0x4c
 .text.SERCOM2_I2C_InitiateTransfer
                0x00002368       0x4c build/default/production/_ext/508257091/plib_sercom2_i2c_master.o

.text.__ssfputs_r%60
                0x000023b4       0x4a
 .text.__ssfputs_r
                0x000023b4       0x4a c:/program files/microchip/xc32/v3.01/bin/bin/../../lib/gcc/pic32c/8.3.1/../../../../pic32c/lib/thumb/v7e-m+fp/hard\libc_nano.a(lib_a-__ssfputs.o)
                0x000023b4                __ssfputs_r

.text.SERCOM5_USART_Write%61
                0x00002400       0x48
 .text.SERCOM5_USART_Write
                0x00002400       0x48 build/default/production/_ext/504274921/plib_sercom5_usart.o
                0x00002400                SERCOM5_USART_Write

.text.__libc_init_array%62
                0x00002448       0x48
 .text.__libc_init_array
                0x00002448       0x48 c:/program files/microchip/xc32/v3.01/bin/bin/../../lib/gcc/pic32c/8.3.1/../../../../pic32c/lib/thumb/v7e-m+fp/hard\libc_nano.a(lib_a-init.o)
                0x00002448                __libc_init_array

.text.std%63    0x00002490       0x48
 .text.std      0x00002490       0x48 c:/program files/microchip/xc32/v3.01/bin/bin/../../lib/gcc/pic32c/8.3.1/../../../../pic32c/lib/thumb/v7e-m+fp/hard\libc_nano.a(lib_a-findfp.o)

.text.__swhatbuf_r%64
                0x000024d8       0x48
 .text.__swhatbuf_r
                0x000024d8       0x48 c:/program files/microchip/xc32/v3.01/bin/bin/../../lib/gcc/pic32c/8.3.1/../../../../pic32c/lib/thumb/v7e-m+fp/hard\libc_nano.a(lib_a-makebuf.o)
                0x000024d8                __swhatbuf_r

.text.SYS_Initialize%65
                0x00002520       0x44
 .text.SYS_Initialize
                0x00002520       0x44 build/default/production/_ext/1171490990/initialization.o
                0x00002520                SYS_Initialize

.text%66        0x00002564       0x40
 .text          0x00002564       0x40 c:/program files/microchip/xc32/v3.01/bin/bin/../../lib/gcc/pic32c/8.3.1/thumb/v7e-m+fp/hard/crtbegin.o

.text.SYSTICK_DelayMs%67
                0x000025a4       0x40
 .text.SYSTICK_DelayMs
                0x000025a4       0x40 build/default/production/_ext/1827571544/plib_systick.o
                0x000025a4                SYSTICK_DelayMs

.text.main%68   0x000025e4       0x40
 .text.main     0x000025e4       0x40 build/default/production/_ext/1360937237/main_sam_e51_cnano.o
                0x000025e4                main

.text.write%69  0x00002624       0x40
 .text.write    0x00002624       0x40 c:/program files/microchip/xc32/v3.01/bin/bin/../../lib/gcc/pic32c/8.3.1/../../../../pic32c/lib/thumb/v7e-m+fp/hard\libpic32c.a(write.o)
                0x00002624                write

.text._fwalk_reent%70
                0x00002664       0x3c
 .text._fwalk_reent
                0x00002664       0x3c c:/program files/microchip/xc32/v3.01/bin/bin/../../lib/gcc/pic32c/8.3.1/../../../../pic32c/lib/thumb/v7e-m+fp/hard\libc_nano.a(lib_a-fwalk.o)
                0x00002664                _fwalk_reent

.text.bmp180_get_temperature%71
                0x000026a0       0x38
 .text.bmp180_get_temperature
                0x000026a0       0x38 build/default/production/_ext/966843693/bmp180.o
                0x000026a0                bmp180_get_temperature

.text.__swrite%72
                0x000026d8       0x38
 .text.__swrite
                0x000026d8       0x38 c:/program files/microchip/xc32/v3.01/bin/bin/../../lib/gcc/pic32c/8.3.1/../../../../pic32c/lib/thumb/v7e-m+fp/hard\libc_nano.a(lib_a-stdio.o)
                0x000026d8                __swrite

.text.bmp_hal_write%73
                0x00002710       0x34
 .text.bmp_hal_write
                0x00002710       0x34 build/default/production/_ext/966843693/bmp180.o

.text.bno_hal_write%74
                0x00002744       0x34
 .text.bno_hal_write
                0x00002744       0x34 build/default/production/_ext/966843693/bno055.o

.text.tenDof_init%75
                0x00002778       0x34
 .text.tenDof_init
                0x00002778       0x34 build/default/production/_ext/966843693/10dof.o
                0x00002778                tenDof_init

.text.PORT_Initialize%76
                0x000027ac       0x34
 .text.PORT_Initialize
                0x000027ac       0x34 build/default/production/_ext/1865521619/plib_port.o
                0x000027ac                PORT_Initialize

.text.SERCOM2_I2C_Write%77
                0x000027e0       0x34
 .text.SERCOM2_I2C_Write
                0x000027e0       0x34 build/default/production/_ext/508257091/plib_sercom2_i2c_master.o
                0x000027e0                SERCOM2_I2C_Write

.text.SERCOM2_I2C_WriteRead%78
                0x00002814       0x34
 .text.SERCOM2_I2C_WriteRead
                0x00002814       0x34 build/default/production/_ext/508257091/plib_sercom2_i2c_master.o
                0x00002814                SERCOM2_I2C_WriteRead

.text.SERCOM5_USART_Initialize%79
                0x00002848       0x34
 .text.SERCOM5_USART_Initialize
                0x00002848       0x34 build/default/production/_ext/504274921/plib_sercom5_usart.o
                0x00002848                SERCOM5_USART_Initialize

.rodata%80      0x0000287c       0x67
 .rodata        0x0000287c       0x34 build/default/production/_ext/1360937237/main_sam_e51_cnano.o
 .rodata        0x000028b0       0x33 c:/program files/microchip/xc32/v3.01/bin/bin/../../lib/gcc/pic32c/8.3.1/../../../../pic32c/lib/thumb/v7e-m+fp/hard\libc_nano.a(_lib_a-nano-vfprintf.cdnopuxX.o)

.text.SERCOM5_USART_ErrorClear%82
                0x000028e4       0x30
 .text.SERCOM5_USART_ErrorClear
                0x000028e4       0x30 build/default/production/_ext/504274921/plib_sercom5_usart.o

.text.__sfputc_r%83
                0x00002914       0x2e
 .text.__sfputc_r
                0x00002914       0x2e c:/program files/microchip/xc32/v3.01/bin/bin/../../lib/gcc/pic32c/8.3.1/../../../../pic32c/lib/thumb/v7e-m+fp/hard\libc_nano.a(lib_a-__ssfputs.o)

.text.EIC_CallbackRegister%84
                0x00002944       0x2c
 .text.EIC_CallbackRegister
                0x00002944       0x2c build/default/production/_ext/60167341/plib_eic.o
                0x00002944                EIC_CallbackRegister

.text.__sfmoreglue%85
                0x00002970       0x2c
 .text.__sfmoreglue
                0x00002970       0x2c c:/program files/microchip/xc32/v3.01/bin/bin/../../lib/gcc/pic32c/8.3.1/../../../../pic32c/lib/thumb/v7e-m+fp/hard\libc_nano.a(lib_a-findfp.o)
                0x00002970                __sfmoreglue

.text._wcrtomb_r%86
                0x0000299c       0x2c
 .text._wcrtomb_r
                0x0000299c       0x2c c:/program files/microchip/xc32/v3.01/bin/bin/../../lib/gcc/pic32c/8.3.1/../../../../pic32c/lib/thumb/v7e-m+fp/hard\libc_nano.a(lib_a-wcrtomb.o)
                0x0000299c                _wcrtomb_r

.text._sbrk%87  0x000029c8       0x2c
 .text._sbrk    0x000029c8       0x2c c:/program files/microchip/xc32/v3.01/bin/bin/../../lib/gcc/pic32c/8.3.1/../../../../pic32c/lib/thumb/v7e-m+fp/hard\libpic32c.a(sbrk.o)
                0x000029c8                _sbrk

.text.SERCOM2_I2C_IsBusy%88
                0x000029f4       0x28
 .text.SERCOM2_I2C_IsBusy
                0x000029f4       0x28 build/default/production/_ext/508257091/plib_sercom2_i2c_master.o
                0x000029f4                SERCOM2_I2C_IsBusy

.text.read%89   0x00002a1c       0x28
 .text.read     0x00002a1c       0x28 c:/program files/microchip/xc32/v3.01/bin/bin/../../lib/gcc/pic32c/8.3.1/../../../../pic32c/lib/thumb/v7e-m+fp/hard\libpic32c.a(read.o)
                0x00002a1c                read

.text.bmp_hal_read%90
                0x00002a44       0x24
 .text.bmp_hal_read
                0x00002a44       0x24 build/default/production/_ext/966843693/bmp180.o

.text.bno_hal_read%91
                0x00002a68       0x24
 .text.bno_hal_read
                0x00002a68       0x24 build/default/production/_ext/966843693/bno055.o

.text.EIC_EXTINT_15_InterruptHandler%92
                0x00002a8c       0x24
 .text.EIC_EXTINT_15_InterruptHandler
                0x00002a8c       0x24 build/default/production/_ext/60167341/plib_eic.o
                0x00002a8c                EIC_EXTINT_15_InterruptHandler

.text.SYSTICK_TimerInitialize%93
                0x00002ab0       0x24
 .text.SYSTICK_TimerInitialize
                0x00002ab0       0x24 build/default/production/_ext/1827571544/plib_systick.o
                0x00002ab0                SYSTICK_TimerInitialize

.text.SysTick_Handler%94
                0x00002ad4       0x24
 .text.SysTick_Handler
                0x00002ad4       0x24 build/default/production/_ext/1827571544/plib_systick.o
                0x00002ad4                SysTick_Handler

.text._printf_cdnopuxX%95
                0x00002af8       0x24
 .text._printf_cdnopuxX
                0x00002af8       0x24 c:/program files/microchip/xc32/v3.01/bin/bin/../../lib/gcc/pic32c/8.3.1/../../../../pic32c/lib/thumb/v7e-m+fp/hard\libc_nano.a(_lib_a-printf.cdnopuxX.o)
                0x00002af8                __printf_di
                0x00002af8                _printf_cdnopuxX

.text.__ascii_mbtowc%96
                0x00002b1c       0x24
 .text.__ascii_mbtowc
                0x00002b1c       0x24 c:/program files/microchip/xc32/v3.01/bin/bin/../../lib/gcc/pic32c/8.3.1/../../../../pic32c/lib/thumb/v7e-m+fp/hard\libc_nano.a(lib_a-mbtowc_r.o)
                0x00002b1c                __ascii_mbtowc

.text.__sseek%97
                0x00002b40       0x24
 .text.__sseek  0x00002b40       0x24 c:/program files/microchip/xc32/v3.01/bin/bin/../../lib/gcc/pic32c/8.3.1/../../../../pic32c/lib/thumb/v7e-m+fp/hard\libc_nano.a(lib_a-stdio.o)
                0x00002b40                __sseek

.text._write_r%98
                0x00002b64       0x24
 .text._write_r
                0x00002b64       0x24 c:/program files/microchip/xc32/v3.01/bin/bin/../../lib/gcc/pic32c/8.3.1/../../../../pic32c/lib/thumb/v7e-m+fp/hard\libc_nano.a(lib_a-writer.o)
                0x00002b64                _write_r

.text._fstat_r%99
                0x00002b88       0x24
 .text._fstat_r
                0x00002b88       0x24 c:/program files/microchip/xc32/v3.01/bin/bin/../../lib/gcc/pic32c/8.3.1/../../../../pic32c/lib/thumb/v7e-m+fp/hard\libc_nano.a(lib_a-fstatr.o)
                0x00002b88                _fstat_r

.text._lseek_r%100
                0x00002bac       0x24
 .text._lseek_r
                0x00002bac       0x24 c:/program files/microchip/xc32/v3.01/bin/bin/../../lib/gcc/pic32c/8.3.1/../../../../pic32c/lib/thumb/v7e-m+fp/hard\libc_nano.a(lib_a-lseekr.o)
                0x00002bac                _lseek_r

.text._read_r%101
                0x00002bd0       0x24
 .text._read_r  0x00002bd0       0x24 c:/program files/microchip/xc32/v3.01/bin/bin/../../lib/gcc/pic32c/8.3.1/../../../../pic32c/lib/thumb/v7e-m+fp/hard\libc_nano.a(lib_a-readr.o)
                0x00002bd0                _read_r

.text.__sread%102
                0x00002bf4       0x22
 .text.__sread  0x00002bf4       0x22 c:/program files/microchip/xc32/v3.01/bin/bin/../../lib/gcc/pic32c/8.3.1/../../../../pic32c/lib/thumb/v7e-m+fp/hard\libc_nano.a(lib_a-stdio.o)
                0x00002bf4                __sread

.text.bno055_write_register%103
                0x00002c18       0x20
 .text.bno055_write_register
                0x00002c18       0x20 build/default/production/_ext/966843693/bno055.o
                0x00002c18                bno055_write_register

.text.tenDof_get_bmp180_temperature%104
                0x00002c38       0x20
 .text.tenDof_get_bmp180_temperature
                0x00002c38       0x20 build/default/production/_ext/966843693/10dof.o
                0x00002c38                tenDof_get_bmp180_temperature

.text._sbrk_r%105
                0x00002c58       0x20
 .text._sbrk_r  0x00002c58       0x20 c:/program files/microchip/xc32/v3.01/bin/bin/../../lib/gcc/pic32c/8.3.1/../../../../pic32c/lib/thumb/v7e-m+fp/hard\libc_nano.a(lib_a-sbrkr.o)
                0x00002c58                _sbrk_r

.text._close_r%106
                0x00002c78       0x20
 .text._close_r
                0x00002c78       0x20 c:/program files/microchip/xc32/v3.01/bin/bin/../../lib/gcc/pic32c/8.3.1/../../../../pic32c/lib/thumb/v7e-m+fp/hard\libc_nano.a(lib_a-closer.o)
                0x00002c78                _close_r

.text._isatty_r%107
                0x00002c98       0x20
 .text._isatty_r
                0x00002c98       0x20 c:/program files/microchip/xc32/v3.01/bin/bin/../../lib/gcc/pic32c/8.3.1/../../../../pic32c/lib/thumb/v7e-m+fp/hard\libc_nano.a(lib_a-isattyr.o)
                0x00002c98                _isatty_r

.text._mon_getc%108
                0x00002cb8       0x1c
 .text._mon_getc
                0x00002cb8       0x1c build/default/production/_ext/163028504/xc32_monitor.o
                0x00002cb8                _mon_getc

.text._mon_putc%109
                0x00002cd4       0x1c
 .text._mon_putc
                0x00002cd4       0x1c build/default/production/_ext/163028504/xc32_monitor.o
                0x00002cd4                _mon_putc

.text.memcpy%110
                0x00002cf0       0x1c
 .text.memcpy   0x00002cf0       0x1c c:/program files/microchip/xc32/v3.01/bin/bin/../../lib/gcc/pic32c/8.3.1/../../../../pic32c/lib/thumb/v7e-m+fp/hard\libc_nano.a(lib_a-memcpy-stub.o)
                0x00002cf0                memcpy

.text._fputwc_r%111
                0x00002d0c       0x1c
 .text._fputwc_r
                0x00002d0c       0x1c c:/program files/microchip/xc32/v3.01/bin/bin/../../lib/gcc/pic32c/8.3.1/../../../../pic32c/lib/thumb/v7e-m+fp/hard\libc_nano.a(lib_a-fputwc.o)
                0x00002d0c                _fputwc_r

.text.__ascii_wctomb%112
                0x00002d28       0x1a
 .text.__ascii_wctomb
                0x00002d28       0x1a c:/program files/microchip/xc32/v3.01/bin/bin/../../lib/gcc/pic32c/8.3.1/../../../../pic32c/lib/thumb/v7e-m+fp/hard\libc_nano.a(lib_a-wctomb_r.o)
                0x00002d28                __ascii_wctomb

.text.SYSTICK_TimerStart%113
                0x00002d44       0x14
 .text.SYSTICK_TimerStart
                0x00002d44       0x14 build/default/production/_ext/1827571544/plib_systick.o
                0x00002d44                SYSTICK_TimerStart

.text._vfprintf_cdnopuxX%114
                0x00002d58       0x14
 .text._vfprintf_cdnopuxX
                0x00002d58       0x14 c:/program files/microchip/xc32/v3.01/bin/bin/../../lib/gcc/pic32c/8.3.1/../../../../pic32c/lib/thumb/v7e-m+fp/hard\libc_nano.a(_lib_a-nano-vfprintf.cdnopuxX.o)
                0x00002d58                _vfprintf_cdnopuxX

.text.NVMCTRL_Initialize%115
                0x00002d6c       0x10
 .text.NVMCTRL_Initialize
                0x00002d6c       0x10 build/default/production/_ext/1593096446/plib_nvmctrl.o
                0x00002d6c                NVMCTRL_Initialize

.text.puts%116  0x00002d7c       0x10
 .text.puts     0x00002d7c       0x10 c:/program files/microchip/xc32/v3.01/bin/bin/../../lib/gcc/pic32c/8.3.1/../../../../pic32c/lib/thumb/v7e-m+fp/hard\libc_nano.a(lib_a-puts.o)
                0x00002d7c                puts

.text.setbuf%117
                0x00002d8c       0x10